airflow/data/sales_daily.csv
date,region,product,units_sold,price,revenue,promotion_flag,discount_pct,temperature,rainfall_mm,is_holiday
01-01-2024,North,Cola_Classic,1017,40,40680,0,0,27.57,0.9,0
02-01-2024,North,Cola_Classic,1360,34.72,47220.43,1,13.2,30.63,0.59,0
03-01-2024,North,Cola_Classic,1081,40,43240,0,0,25.18,1.57,0
04-01-2024,North,Cola_Classic,1162,37.86,43987.75,1,5.36,29.43,5.02,0
05-01-2024,North,Cola_Classic,1072,40,42880,0,0,22.89,1.11,0
06-01-2024,North,Cola_Classic,1051,40,42040,0,0,23.63,1.82,0
07-01-2024,North,Cola_Classic,1064,40,42560,0,0,26.63,0.88,0
08-01-2024,North,Cola_Classic,942,40,37680,0,0,26.5,3.71,0
09-01-2024,North,Cola_Classic,980,40,39200,0,0,22.52,2.12,0
10-01-2024,North,Cola_Classic,1281,36.72,47034,1,8.21,29.09,0.41,0
11-01-2024,North,Cola_Classic,1008,40,40320,0,0,23.76,0.11,0
12-01-2024,North,Cola_Classic,1131,35.48,40123.87,1,11.31,21.37,2.74,0
13-01-2024,North,Cola_Classic,976,40,39040,0,0,20.04,0.5,0
14-01-2024,North,Cola_Classic,941,40,37640,0,0,25.77,1.75,0
15-01-2024,North,Cola_Classic,1068,40,42720,0,0,29.25,0.49,0
16-01-2024,North,Cola_Classic,912,40,36480,0,0,22.22,0.45,0
17-01-2024,North,Cola_Classic,1064,40,42560,0,0,23.33,0.75,0
18-01-2024,North,Cola_Classic,1128,40,45120,0,0,29.29,0.76,0
19-01-2024,North,Cola_Classic,1160,40,46400,0,0,27.68,1.28,0
20-01-2024,North,Cola_Classic,904,40,36160,0,0,23.29,1.27,0
21-01-2024,North,Cola_Classic,950,40,38000,0,0,23.21,0.49,0
22-01-2024,North,Cola_Classic,1125,40,45000,0,0,30.55,3.32,0
23-01-2024,North,Cola_Classic,1076,40,43040,0,0,28.52,0.42,0
24-01-2024,North,Cola_Classic,1090,40,43600,0,0,26.89,0.11,0
25-01-2024,North,Cola_Classic,1387,34.74,48189.04,1,13.14,33.15,0.68,0
26-01-2024,North,Cola_Classic,1085,37.15,40313.17,1,7.11,25.42,0.53,0
27-01-2024,North,Cola_Classic,1027,40,41080,0,0,24.65,0.13,0
28-01-2024,North,Cola_Classic,1181,40,47240,0,0,28.57,0.6,0
29-01-2024,North,Cola_Classic,1052,40,42080,0,0,24.97,0.85,0
30-01-2024,North,Cola_Classic,908,40,36320,0,0,24.48,0.36,0
31-01-2024,North,Cola_Classic,923,40,36920,0,0,25.66,2.14,0
01-02-2024,North,Cola_Classic,1426,32.32,46086.36,1,19.2,23,0.65,0
02-02-2024,North,Cola_Classic,1163,40,46520,0,0,26.64,1.7,0
03-02-2024,North,Cola_Classic,1170,40,46800,0,0,28.16,2.65,0
04-02-2024,North,Cola_Classic,1420,33.43,47471.67,1,16.42,21.87,0.13,0
05-02-2024,North,Cola_Classic,1424,32.98,46969.16,1,17.54,21.1,0.2,0
06-02-2024,North,Cola_Classic,1329,35.72,47476.3,1,10.69,23.53,0.84,0
07-02-2024,North,Cola_Classic,1476,35.24,52020.28,1,11.89,28.37,0.04,0
08-02-2024,North,Cola_Classic,1418,34.66,49154.65,1,13.34,23.79,1.64,0
09-02-2024,North,Cola_Classic,1375,35.87,49325.01,1,10.32,25.42,1.55,0
10-02-2024,North,Cola_Classic,1210,40,48400,0,0,26.95,1.7,0
11-02-2024,North,Cola_Classic,1236,37.79,46713.39,1,5.51,22.17,0.24,0
12-02-2024,North,Cola_Classic,1138,40,45520,0,0,25.5,1.21,0
13-02-2024,North,Cola_Classic,1183,40,47320,0,0,29.62,0.95,0
14-02-2024,North,Cola_Classic,1162,40,46480,0,0,28.87,4.63,0
15-02-2024,North,Cola_Classic,1306,37.14,48498.34,1,7.16,23.84,0.89,0
16-02-2024,North,Cola_Classic,1213,40,48520,0,0,28.39,0.6,0
17-02-2024,North,Cola_Classic,1097,40,43880,0,0,20.23,0.23,0
18-02-2024,North,Cola_Classic,1053,40,42120,0,0,22.6,0.41,0
19-02-2024,North,Cola_Classic,1446,35.21,50917.71,1,11.97,28.39,0.37,0
20-02-2024,North,Cola_Classic,1088,40,43520,0,0,25.24,0.71,0
21-02-2024,North,Cola_Classic,1407,33.44,47044.32,1,16.41,24.59,0.32,0
22-02-2024,North,Cola_Classic,1171,40,46840,0,0,27.25,0.41,0
23-02-2024,North,Cola_Classic,1409,35.97,50683.65,1,10.07,27.54,1.05,0
24-02-2024,North,Cola_Classic,1141,40,45640,0,0,27.58,3.96,0
25-02-2024,North,Cola_Classic,1074,40,42960,0,0,29.84,1.79,0
26-02-2024,North,Cola_Classic,1222,36.02,44014.88,1,9.95,21.99,0.99,0
27-02-2024,North,Cola_Classic,1044,40,41760,0,0,22.24,2.78,0
28-02-2024,North,Cola_Classic,1128,40,45120,0,0,24.9,2.61,0
29-02-2024,North,Cola_Classic,1459,33.24,48502.7,1,16.89,24.97,0.62,0
01-03-2024,North,Cola_Classic,1467,40,58680,0,0,19.99,0.43,0
02-03-2024,North,Cola_Classic,1567,40,62680,0,0,29.03,1.72,0
03-03-2024,North,Cola_Classic,1628,40,65120,0,0,27.95,1.64,0
04-03-2024,North,Cola_Classic,1700,40,68000,0,0,28,0.88,0
05-03-2024,North,Cola_Classic,2023,32.48,65702.47,1,18.81,28.01,1.49,0
06-03-2024,North,Cola_Classic,1422,40,56880,0,0,24.29,0.2,0
07-03-2024,North,Cola_Classic,1664,40,66560,0,0,27.19,0.05,0
08-03-2024,North,Cola_Classic,2097,32.25,67622.4,1,19.38,27.71,0.2,0
09-03-2024,North,Cola_Classic,1690,40,67600,0,0,30.98,1.4,0
10-03-2024,North,Cola_Classic,1478,40,59120,0,0,24.41,0.23,0
11-03-2024,North,Cola_Classic,1348,40,53920,0,0,19.28,0.06,0
12-03-2024,North,Cola_Classic,1495,40,59800,0,0,24.77,0.52,0
13-03-2024,North,Cola_Classic,2011,36.96,74331.41,1,7.59,30.56,0.46,0
14-03-2024,North,Cola_Classic,1568,40,62720,0,0,25.33,0.21,0
15-03-2024,North,Cola_Classic,1969,35.54,69979.31,1,11.15,26.45,1.33,0
16-03-2024,North,Cola_Classic,1560,40,62400,0,0,27.39,0.35,0
17-03-2024,North,Cola_Classic,1464,40,58560,0,0,22.09,2.23,0
18-03-2024,North,Cola_Classic,1704,36.33,61901.21,1,9.18,23.03,0.83,0
19-03-2024,North,Cola_Classic,1531,40,61240,0,0,24.04,0.29,0
20-03-2024,North,Cola_Classic,1334,40,53360,0,0,17.97,2.79,0
21-03-2024,North,Cola_Classic,1396,40,55840,0,0,21.73,1.98,0
22-03-2024,North,Cola_Classic,1506,40,60240,0,0,28.23,0.01,0
23-03-2024,North,Cola_Classic,1685,40,67400,0,0,28.17,0.64,0
24-03-2024,North,Cola_Classic,1435,40,57400,0,0,22.14,0.52,0
25-03-2024,North,Cola_Classic,1303,40,52120,0,0,19.2,0.56,0
26-03-2024,North,Cola_Classic,2095,33.29,69742.68,1,16.77,25.46,0.43,0
27-03-2024,North,Cola_Classic,1453,40,58120,0,0,22.91,1.66,0
28-03-2024,North,Cola_Classic,1412,40,56480,0,0,20.9,0.78,0
29-03-2024,North,Cola_Classic,1498,40,59920,0,0,24.75,0.52,0
30-03-2024,North,Cola_Classic,1475,40,59000,0,0,26.21,3.87,0
31-03-2024,North,Cola_Classic,1465,40,58600,0,0,24.72,1,0
01-04-2024,North,Cola_Classic,1767,40,70680,0,0,33.61,0.59,0
02-04-2024,North,Cola_Classic,1660,40,66400,0,0,30.19,2.4,0
03-04-2024,North,Cola_Classic,1766,40,70640,0,0,34.84,0.27,0
04-04-2024,North,Cola_Classic,1569,40,62760,0,0,32.47,2.53,0
05-04-2024,North,Cola_Classic,1716,40,68640,0,0,32.93,0.11,0
06-04-2024,North,Cola_Classic,1755,40,70200,0,0,32.94,1.26,0
07-04-2024,North,Cola_Classic,1917,40,76680,0,0,37.59,1.02,0
08-04-2024,North,Cola_Classic,1674,40,66960,0,0,28.6,0.34,0
09-04-2024,North,Cola_Classic,1665,40,66600,0,0,29.03,2.13,0
10-04-2024,North,Cola_Classic,1901,37.08,70491.19,1,7.3,34.96,1.19,0
11-04-2024,North,Cola_Classic,1771,40,70840,0,0,32.54,0.25,0
12-04-2024,North,Cola_Classic,1923,36.91,70975.46,1,7.73,32.61,0.69,0
13-04-2024,North,Cola_Classic,1819,37.44,68100.03,1,6.4,30.17,0.05,0
14-04-2024,North,Cola_Classic,1737,40,69480,0,0,36.2,0.67,0
15-04-2024,North,Cola_Classic,1894,40,75760,0,0,37.25,1.36,0
16-04-2024,North,Cola_Classic,2173,35.88,77972.59,1,10.29,33.3,0.36,0
17-04-2024,North,Cola_Classic,1954,37.36,73008.81,1,6.59,36.27,0.01,0
18-04-2024,North,Cola_Classic,2263,35.39,80080.29,1,11.53,38.12,2.73,0
19-04-2024,North,Cola_Classic,1619,40,64760,0,0,32.54,0.18,0
20-04-2024,North,Cola_Classic,1683,40,67320,0,0,33,0.37,0
21-04-2024,North,Cola_Classic,1546,40,61840,0,0,28.82,0.25,0
22-04-2024,North,Cola_Classic,1624,40,64960,0,0,29.4,0.51,0
23-04-2024,North,Cola_Classic,2207,32.86,72514.99,1,17.86,32.53,1.54,0
24-04-2024,North,Cola_Classic,1781,40,71240,0,0,35.07,0.8,0
25-04-2024,North,Cola_Classic,2357,36.12,85139.42,1,9.7,38.57,0.39,0
26-04-2024,North,Cola_Classic,1738,40,69520,0,0,33.64,0.52,0
27-04-2024,North,Cola_Classic,1672,40,66880,0,0,35.94,0.89,0
28-04-2024,North,Cola_Classic,1860,36.52,67929.79,1,8.7,32.19,1.87,0
29-04-2024,North,Cola_Classic,1748,40,69920,0,0,34.66,2.08,0
30-04-2024,North,Cola_Classic,1679,40,67160,0,0,31.91,0.46,0
01-05-2024,North,Cola_Classic,1916,37.41,71681.45,1,6.47,35.47,1.81,0
02-05-2024,North,Cola_Classic,1620,40,64800,0,0,30.59,0.17,0
03-05-2024,North,Cola_Classic,2146,35.19,75518.1,1,12.02,36.87,0.3,0
04-05-2024,North,Cola_Classic,1777,36.71,65226.3,1,8.24,30.36,2.22,0
05-05-2024,North,Cola_Classic,1631,40,65240,0,0,31.42,0.73,0
06-05-2024,North,Cola_Classic,1717,40,68680,0,0,34.54,0.44,0
07-05-2024,North,Cola_Classic,1951,37.09,72370.24,1,7.27,31.48,1.38,0
08-05-2024,North,Cola_Classic,1590,40,63600,0,0,27.33,0.34,0
09-05-2024,North,Cola_Classic,1726,40,69040,0,0,31.21,2.29,0
10-05-2024,North,Cola_Classic,1687,40,67480,0,0,32.22,0.07,0
11-05-2024,North,Cola_Classic,1596,40,63840,0,0,31.34,2.1,0
12-05-2024,North,Cola_Classic,1678,40,67120,0,0,31.84,2.96,0
13-05-2024,North,Cola_Classic,1721,40,68840,0,0,31.94,0.43,0
14-05-2024,North,Cola_Classic,2286,34.93,79846.29,1,12.68,36.4,0.45,0
15-05-2024,North,Cola_Classic,1702,40,68080,0,0,34.74,0.18,0
16-05-2024,North,Cola_Classic,1836,40,73440,0,0,35.96,0.05,0
17-05-2024,North,Cola_Classic,1794,40,71760,0,0,34.04,0.39,0
18-05-2024,North,Cola_Classic,1659,40,66360,0,0,29.61,0.07,0
19-05-2024,North,Cola_Classic,1631,40,65240,0,0,30,0.52,0
20-05-2024,North,Cola_Classic,1780,40,71200,0,0,33.11,1.21,0
21-05-2024,North,Cola_Classic,1763,40,70520,0,0,33.58,0.07,0
22-05-2024,North,Cola_Classic,1775,40,71000,0,0,36.99,0.91,0
23-05-2024,North,Cola_Classic,1788,40,71520,0,0,36.55,0.24,0
24-05-2024,North,Cola_Classic,1694,40,67760,0,0,31.2,0.15,0
25-05-2024,North,Cola_Classic,1648,40,65920,0,0,35.13,0.15,0
26-05-2024,North,Cola_Classic,1564,40,62560,0,0,29.8,0.01,0
27-05-2024,North,Cola_Classic,1637,40,65480,0,0,29.75,0.15,0
28-05-2024,North,Cola_Classic,1683,40,67320,0,0,32.14,1.25,0
29-05-2024,North,Cola_Classic,1612,40,64480,0,0,28.47,2.11,0
30-05-2024,North,Cola_Classic,1682,40,67280,0,0,33.44,1.89,0
31-05-2024,North,Cola_Classic,1529,40,61160,0,0,32.38,0.14,0
01-06-2024,North,Cola_Classic,1916,36.71,70338.5,1,8.22,33.71,0.64,0
02-06-2024,North,Cola_Classic,1749,40,69960,0,0,33.23,0.3,0
03-06-2024,North,Cola_Classic,1495,40,59800,0,0,28.73,0.66,0
04-06-2024,North,Cola_Classic,1656,40,66240,0,0,30.85,0.88,0
05-06-2024,North,Cola_Classic,2031,35.81,72723.12,1,10.48,36.16,0.61,0
06-06-2024,North,Cola_Classic,1728,40,69120,0,0,37.11,0.5,0
07-06-2024,North,Cola_Classic,1536,40,61440,0,0,28.96,0.04,0
08-06-2024,North,Cola_Classic,1742,40,69680,0,0,35.69,1.05,0
09-06-2024,North,Cola_Classic,1708,40,68320,0,0,36.27,1.35,0
10-06-2024,North,Cola_Classic,1563,40,62520,0,0,30.2,0.9,0
11-06-2024,North,Cola_Classic,2138,32.13,68692.91,1,19.68,29.87,1.26,0
12-06-2024,North,Cola_Classic,1728,40,69120,0,0,31.76,1.64,0
13-06-2024,North,Cola_Classic,1711,40,68440,0,0,30.01,1.4,0
14-06-2024,North,Cola_Classic,1709,40,68360,0,0,31.91,1,0
15-06-2024,North,Cola_Classic,1996,35.88,71613.21,1,10.3,31.95,0.21,0
16-06-2024,North,Cola_Classic,1636,40,65440,0,0,28.79,1.35,0
17-06-2024,North,Cola_Classic,1660,40,66400,0,0,31.41,1.45,0
18-06-2024,North,Cola_Classic,1646,40,65840,0,0,31.48,0.62,0
19-06-2024,North,Cola_Classic,1637,40,65480,0,0,29.79,0.69,0
20-06-2024,North,Cola_Classic,2004,35.39,70930.46,1,11.51,32.79,0.41,0
21-06-2024,North,Cola_Classic,1846,36.41,67212.94,1,8.97,33.61,3.5,0
22-06-2024,North,Cola_Classic,1992,36.71,73129.68,1,8.22,32.8,0.17,0
23-06-2024,North,Cola_Classic,1595,40,63800,0,0,28.91,2.79,0
24-06-2024,North,Cola_Classic,1658,40,66320,0,0,30.6,1.03,0
25-06-2024,North,Cola_Classic,1597,40,63880,0,0,29.15,0.62,0
26-06-2024,North,Cola_Classic,1984,36.76,72934.91,1,8.1,35.03,0.19,0
27-06-2024,North,Cola_Classic,2212,33.4,73873.68,1,16.51,34.82,2.55,0
28-06-2024,North,Cola_Classic,1980,36.83,72915.7,1,7.93,33.48,0.28,0
29-06-2024,North,Cola_Classic,1514,40,60560,0,0,28.61,2.99,0
30-06-2024,North,Cola_Classic,1747,40,69880,0,0,32.96,1.31,0
01-07-2024,North,Cola_Classic,1074,40,42960,0,0,23.48,0.03,0
02-07-2024,North,Cola_Classic,1176,40,47040,0,0,27.5,1.31,0
03-07-2024,North,Cola_Classic,1046,40,41840,0,0,22.2,1.72,0
04-07-2024,North,Cola_Classic,1071,40,42840,0,0,25.16,0.15,0
05-07-2024,North,Cola_Classic,1453,33.14,48149.07,1,17.16,27.31,4.87,0
06-07-2024,North,Cola_Classic,1145,40,45800,0,0,24.78,4.15,0
07-07-2024,North,Cola_Classic,1383,35.08,48513.09,1,12.3,26.51,1.73,0
08-07-2024,North,Cola_Classic,1113,40,44520,0,0,23.4,5.25,0
09-07-2024,North,Cola_Classic,1126,40,45040,0,0,22.03,3.6,0
10-07-2024,North,Cola_Classic,1005,40,40200,0,0,28.9,2.47,0
11-07-2024,North,Cola_Classic,1360,33.43,45470.34,1,16.41,23.69,0.66,0
12-07-2024,North,Cola_Classic,1274,40,50960,0,0,30.79,0.13,0
13-07-2024,North,Cola_Classic,979,40,39160,0,0,20.49,0.99,0
14-07-2024,North,Cola_Classic,1270,35.72,45365.08,1,10.7,24.4,2.75,0
15-07-2024,North,Cola_Classic,1044,40,41760,0,0,25.22,1.46,0
16-07-2024,North,Cola_Classic,1062,40,42480,0,0,26.12,5.81,0
17-07-2024,North,Cola_Classic,1496,32.8,49073.75,1,17.99,25.28,1.23,0
18-07-2024,North,Cola_Classic,1158,40,46320,0,0,25.42,0.7,0
19-07-2024,North,Cola_Classic,1366,37.66,51440.68,1,5.86,29.03,0.3,0
20-07-2024,North,Cola_Classic,1090,40,43600,0,0,26.98,1.02,0
21-07-2024,North,Cola_Classic,1204,35.14,42311.77,1,12.14,26.48,8.8,0
22-07-2024,North,Cola_Classic,1216,40,48640,0,0,27.68,1.57,0
23-07-2024,North,Cola_Classic,1071,40,42840,0,0,25.8,3.45,0
24-07-2024,North,Cola_Classic,1169,40,46760,0,0,30.82,1.2,0
25-07-2024,North,Cola_Classic,968,40,38720,0,0,19.42,3.38,0
26-07-2024,North,Cola_Classic,1119,40,44760,0,0,22.43,2.92,0
27-07-2024,North,Cola_Classic,1353,32.34,43758.63,1,19.15,22.72,2.94,0
28-07-2024,North,Cola_Classic,1369,34.27,46917.57,1,14.32,23.46,0.02,0
29-07-2024,North,Cola_Classic,1128,40,45120,0,0,24.29,0.27,0
30-07-2024,North,Cola_Classic,1099,40,43960,0,0,22.77,2.73,0
31-07-2024,North,Cola_Classic,1138,40,45520,0,0,24.69,1.26,0
01-08-2024,North,Cola_Classic,1112,40,44480,0,0,24.99,0.08,0
02-08-2024,North,Cola_Classic,1117,40,44680,0,0,28.79,2.54,0
03-08-2024,North,Cola_Classic,1132,40,45280,0,0,27.21,4.37,0
04-08-2024,North,Cola_Classic,1064,40,42560,0,0,21.3,0.37,0
05-08-2024,North,Cola_Classic,1078,40,43120,0,0,24.14,5.88,0
06-08-2024,North,Cola_Classic,1292,40,51680,0,0,30.47,0.39,0
07-08-2024,North,Cola_Classic,1481,34.21,50659.57,1,14.48,26.82,2.14,0
08-08-2024,North,Cola_Classic,1593,32.98,52532.29,1,17.56,27.82,1.37,0
09-08-2024,North,Cola_Classic,972,40,38880,0,0,20.93,1.19,0
10-08-2024,North,Cola_Classic,1161,40,46440,0,0,28.91,0.95,0
11-08-2024,North,Cola_Classic,1087,40,43480,0,0,21.18,3.21,0
12-08-2024,North,Cola_Classic,1376,33.2,45685.55,1,17,22.92,0.82,0
13-08-2024,North,Cola_Classic,1554,32.71,50833.85,1,18.22,26.92,0.42,0
14-08-2024,North,Cola_Classic,1121,40,44840,0,0,22.42,0.34,0
15-08-2024,North,Cola_Classic,1333,40,53320,0,0,30.5,3.46,0
16-08-2024,North,Cola_Classic,1293,35.86,46364.12,1,10.36,24.2,2.56,0
17-08-2024,North,Cola_Classic,1178,40,47120,0,0,28.82,4.37,0
18-08-2024,North,Cola_Classic,1051,40,42040,0,0,28.38,4.02,0
19-08-2024,North,Cola_Classic,1109,40,44360,0,0,26.6,2.43,0
20-08-2024,North,Cola_Classic,1474,33.05,48708.4,1,17.39,20.39,3.14,0
21-08-2024,North,Cola_Classic,1037,40,41480,0,0,18.53,0.43,0
22-08-2024,North,Cola_Classic,1160,40,46400,0,0,23.66,1.18,0
23-08-2024,North,Cola_Classic,1049,40,41960,0,0,22.81,1.67,0
24-08-2024,North,Cola_Classic,1121,34.79,39001.57,1,13.02,22.87,9.49,0
25-08-2024,North,Cola_Classic,1070,40,42800,0,0,21.3,3.21,0
26-08-2024,North,Cola_Classic,1069,40,42760,0,0,24.15,1.27,0
27-08-2024,North,Cola_Classic,1105,40,44200,0,0,24.85,1.24,0
28-08-2024,North,Cola_Classic,1190,40,47600,0,0,25.47,0.22,0
29-08-2024,North,Cola_Classic,1022,40,40880,0,0,22.9,0.96,0
30-08-2024,North,Cola_Classic,1056,40,42240,0,0,23.4,2.63,0
31-08-2024,North,Cola_Classic,1057,40,42280,0,0,23.03,3.27,0
01-09-2024,North,Cola_Classic,1147,40,45880,0,0,26.3,1.71,0
02-09-2024,North,Cola_Classic,1245,40,49800,0,0,26.31,0.09,0
03-09-2024,North,Cola_Classic,1151,40,46040,0,0,25.36,0.05,0
04-09-2024,North,Cola_Classic,1149,40,45960,0,0,27.74,1.17,0
05-09-2024,North,Cola_Classic,1337,33.69,45047.66,1,15.77,26.7,0.01,0
06-09-2024,North,Cola_Classic,1132,40,45280,0,0,26.02,0.12,0
07-09-2024,North,Cola_Classic,1331,36.52,48604.94,1,8.71,25.95,0.24,0
08-09-2024,North,Cola_Classic,1068,40,42720,0,0,22.53,1.82,0
09-09-2024,North,Cola_Classic,1204,40,48160,0,0,32.97,4.45,0
10-09-2024,North,Cola_Classic,1049,40,41960,0,0,24.63,2.84,0
11-09-2024,North,Cola_Classic,1198,37.95,45461.61,1,5.13,21.95,0.23,0
12-09-2024,North,Cola_Classic,1298,40,51920,0,0,28.71,0.47,0
13-09-2024,North,Cola_Classic,1168,40,46720,0,0,23.5,0.56,0
14-09-2024,North,Cola_Classic,1340,36.27,48597.92,1,9.33,22.97,0.57,0
15-09-2024,North,Cola_Classic,1196,40,47840,0,0,25.52,0.04,0
16-09-2024,North,Cola_Classic,1318,40,52720,0,0,30.34,0.29,0
17-09-2024,North,Cola_Classic,1244,40,49760,0,0,26.06,1.76,0
18-09-2024,North,Cola_Classic,1189,40,47560,0,0,26.99,3.17,0
19-09-2024,North,Cola_Classic,1043,40,41720,0,0,23.91,0.49,0
20-09-2024,North,Cola_Classic,1077,40,43080,0,0,24.63,1.11,0
21-09-2024,North,Cola_Classic,1141,40,45640,0,0,22.71,0.28,0
22-09-2024,North,Cola_Classic,1159,40,46360,0,0,24.74,1.88,0
23-09-2024,North,Cola_Classic,1373,35.26,48412.39,1,11.85,23.79,1.03,0
24-09-2024,North,Cola_Classic,1636,32.61,53357.57,1,18.46,24.88,1.25,0
25-09-2024,North,Cola_Classic,1076,40,43040,0,0,19.88,0.96,0
26-09-2024,North,Cola_Classic,1188,40,47520,0,0,24.08,0.2,0
27-09-2024,North,Cola_Classic,1021,40,40840,0,0,22.33,0.6,0
28-09-2024,North,Cola_Classic,1008,40,40320,0,0,23.65,0.76,0
29-09-2024,North,Cola_Classic,1236,40,49440,0,0,27.95,0.2,0
30-09-2024,North,Cola_Classic,1024,40,40960,0,0,22.88,0.57,0
01-10-2024,North,Cola_Classic,1173,40,46920,0,0,26.35,0.33,1
02-10-2024,North,Cola_Classic,1119,40,44760,0,0,25.12,0.01,1
03-10-2024,North,Cola_Classic,1121,40,44840,0,0,20.35,1.6,1
04-10-2024,North,Cola_Classic,1250,40,50000,0,0,28.6,0.31,1
05-10-2024,North,Cola_Classic,1061,40,42440,0,0,23.52,0.21,1
06-10-2024,North,Cola_Classic,1172,40,46880,0,0,26.97,1.3,1
07-10-2024,North,Cola_Classic,1043,40,41720,0,0,24.36,0.4,1
08-10-2024,North,Cola_Classic,1011,40,40440,0,0,18.24,1.26,1
09-10-2024,North,Cola_Classic,1182,40,47280,0,0,26.28,0.42,1
