airflow/data/sales_daily.csv
date,region,product,units_sold,price,revenue,promotion_flag,discount_pct,temperature,rainfall_mm,is_holiday
10-10-2024,North,Cola_Classic,1496,32.12,48052.06,1,19.7,23.65,0.02,1
11-10-2024,North,Cola_Classic,1149,40,45960,0,0,24.19,1.21,1
12-10-2024,North,Cola_Classic,1162,40,46480,0,0,24.22,1.95,1
13-10-2024,North,Cola_Classic,1119,37.38,41822.91,1,6.56,20.83,0.18,1
14-10-2024,North,Cola_Classic,1362,34.27,46674.04,1,14.33,21.25,0.54,1
15-10-2024,North,Cola_Classic,1056,40,42240,0,0,22.31,0.29,1
16-10-2024,North,Cola_Classic,1098,40,43920,0,0,24.25,2,1
17-10-2024,North,Cola_Classic,1312,37.82,49614.84,1,5.46,26.96,0.32,1
18-10-2024,North,Cola_Classic,1707,32.02,54650.87,1,19.96,27.09,1.23,1
19-10-2024,North,Cola_Classic,1185,40,47400,0,0,24.07,0.14,1
20-10-2024,North,Cola_Classic,1098,40,43920,0,0,24.94,1.31,1
21-10-2024,North,Cola_Classic,1347,36.77,49526.61,1,8.08,23.89,0.65,1
22-10-2024,North,Cola_Classic,1408,34.05,47939.74,1,14.88,24.64,1.24,1
23-10-2024,North,Cola_Classic,1114,40,44560,0,0,27.27,0.14,1
24-10-2024,North,Cola_Classic,937,40,37480,0,0,17.42,2.16,1
25-10-2024,North,Cola_Classic,1169,40,46760,0,0,24.34,2.09,1
26-10-2024,North,Cola_Classic,1023,40,40920,0,0,17.62,0.73,1
27-10-2024,North,Cola_Classic,1117,37.27,41631.43,1,6.82,17.87,0.72,1
28-10-2024,North,Cola_Classic,1136,40,45440,0,0,25.33,1.36,1
29-10-2024,North,Cola_Classic,1035,40,41400,0,0,23.62,0.26,1
30-10-2024,North,Cola_Classic,1126,40,45040,0,0,24.58,0.5,1
31-10-2024,North,Cola_Classic,1142,40,45680,0,0,23.25,4.02,1
01-11-2024,North,Cola_Classic,1172,40,46880,0,0,24.59,0.61,1
02-11-2024,North,Cola_Classic,1094,40,43760,0,0,21.68,0.02,1
03-11-2024,North,Cola_Classic,1353,34.46,46629.08,1,13.84,23.8,1.02,1
04-11-2024,North,Cola_Classic,1311,40,52440,0,0,29.85,1.75,1
05-11-2024,North,Cola_Classic,1118,40,44720,0,0,21.82,0.36,1
06-11-2024,North,Cola_Classic,1288,40,51520,0,0,33.33,0.64,1
07-11-2024,North,Cola_Classic,960,40,38400,0,0,24.48,3.2,1
08-11-2024,North,Cola_Classic,1172,40,46880,0,0,25.71,1.31,1
09-11-2024,North,Cola_Classic,1216,40,48640,0,0,28.38,0.47,1
10-11-2024,North,Cola_Classic,1048,40,41920,0,0,23.29,0.03,1
11-11-2024,North,Cola_Classic,1098,40,43920,0,0,21.36,0.01,1
12-11-2024,North,Cola_Classic,1098,40,43920,0,0,25.33,0.94,1
13-11-2024,North,Cola_Classic,1240,40,49600,0,0,27.9,0.39,1
14-11-2024,North,Cola_Classic,1386,35.72,49504.32,1,10.71,27.66,0.03,1
15-11-2024,North,Cola_Classic,1419,33.33,47300.61,1,16.67,22.4,0.48,1
16-11-2024,North,Cola_Classic,1144,40,45760,0,0,24.51,0.76,1
17-11-2024,North,Cola_Classic,1181,40,47240,0,0,28.65,1.65,1
18-11-2024,North,Cola_Classic,1078,40,43120,0,0,23.78,2.53,1
19-11-2024,North,Cola_Classic,1162,40,46480,0,0,24.3,0.31,1
20-11-2024,North,Cola_Classic,1163,40,46520,0,0,26.16,0.06,1
21-11-2024,North,Cola_Classic,1483,33.8,50126.4,1,15.5,25.65,0.04,1
22-11-2024,North,Cola_Classic,1478,33.66,49746.26,1,15.86,24.3,0.11,1
23-11-2024,North,Cola_Classic,1129,40,45160,0,0,23.62,0.12,1
24-11-2024,North,Cola_Classic,1236,40,49440,0,0,26.09,2.44,1
25-11-2024,North,Cola_Classic,1233,40,49320,0,0,28.45,0.44,1
26-11-2024,North,Cola_Classic,1364,34.62,47220.22,1,13.45,21.92,0.64,1
27-11-2024,North,Cola_Classic,1546,34.15,52793.19,1,14.63,26.4,0.21,1
28-11-2024,North,Cola_Classic,1047,40,41880,0,0,20.26,0.28,1
29-11-2024,North,Cola_Classic,1228,36.88,45292,1,7.79,23.75,0.98,1
30-11-2024,North,Cola_Classic,1501,35.35,53056.39,1,11.63,31.77,1.1,1
01-12-2024,North,Cola_Classic,1086,34.33,37287.56,1,14.16,25.82,1.44,0
02-12-2024,North,Cola_Classic,934,40,37360,0,0,26.29,0.97,0
03-12-2024,North,Cola_Classic,966,40,38640,0,0,26.12,1.9,0
04-12-2024,North,Cola_Classic,1013,40,40520,0,0,27.12,0.08,0
05-12-2024,North,Cola_Classic,1091,40,43640,0,0,25.39,0.44,0
06-12-2024,North,Cola_Classic,1023,40,40920,0,0,21.9,2.1,0
07-12-2024,North,Cola_Classic,988,36.9,36460.72,1,7.74,22.1,2.54,0
08-12-2024,North,Cola_Classic,1014,40,40560,0,0,22.55,1.68,0
09-12-2024,North,Cola_Classic,995,40,39800,0,0,23.3,1.19,0
10-12-2024,North,Cola_Classic,1031,40,41240,0,0,23.78,1.28,0
11-12-2024,North,Cola_Classic,1032,40,41280,0,0,26.52,2.75,0
12-12-2024,North,Cola_Classic,894,40,35760,0,0,25.97,1.87,0
13-12-2024,North,Cola_Classic,1140,35.95,40978.32,1,10.14,25.05,0.13,0
14-12-2024,North,Cola_Classic,1012,40,40480,0,0,22.38,0.4,0
15-12-2024,North,Cola_Classic,1259,33.51,42194.32,1,16.21,20.12,0.48,0
16-12-2024,North,Cola_Classic,1369,33.03,45220.66,1,17.42,26.72,1.13,0
17-12-2024,North,Cola_Classic,1233,35.36,43593.83,1,11.61,24.7,1.11,0
18-12-2024,North,Cola_Classic,1242,35.71,44348.27,1,10.73,25.99,0.4,0
19-12-2024,North,Cola_Classic,940,40,37600,0,0,23.81,1.62,0
20-12-2024,North,Cola_Classic,1116,35.8,39953.1,1,10.5,23.71,0.02,0
21-12-2024,North,Cola_Classic,1083,40,43320,0,0,27.71,0.13,0
22-12-2024,North,Cola_Classic,1165,40,46600,0,0,28.48,0.4,0
23-12-2024,North,Cola_Classic,1052,40,42080,0,0,26.58,4.51,0
24-12-2024,North,Cola_Classic,1011,40,40440,0,0,25.84,0.1,0
25-12-2024,North,Cola_Classic,1012,40,40480,0,0,26.97,0.58,0
26-12-2024,North,Cola_Classic,1135,36.3,41199.75,1,9.25,23.68,1.44,0
27-12-2024,North,Cola_Classic,1035,40,41400,0,0,27.42,1.58,0
28-12-2024,North,Cola_Classic,906,40,36240,0,0,21.32,2.52,0
29-12-2024,North,Cola_Classic,1002,37.39,37463.38,1,6.53,24.86,3.18,0
30-12-2024,North,Cola_Classic,987,40,39480,0,0,24.5,1.56,0
31-12-2024,North,Cola_Classic,1391,33.16,46128.66,1,17.09,25.98,0.67,0
01-01-2024,North,Cola_Zero,716,45,32220,0,0,27.26,1.16,0
02-01-2024,North,Cola_Zero,750,45,33750,0,0,27.35,0.47,0
03-01-2024,North,Cola_Zero,694,45,31230,0,0,26.31,0.31,0
04-01-2024,North,Cola_Zero,643,45,28935,0,0,23.87,1.02,0
05-01-2024,North,Cola_Zero,824,45,37080,0,0,29.01,0.43,0
06-01-2024,North,Cola_Zero,792,40.73,32255.65,1,9.5,23.98,0.41,0
07-01-2024,North,Cola_Zero,756,45,34020,0,0,26.37,0.47,0
08-01-2024,North,Cola_Zero,961,36.93,35492.37,1,17.93,27.2,0.31,0
09-01-2024,North,Cola_Zero,650,45,29250,0,0,25.61,0.01,0
10-01-2024,North,Cola_Zero,723,45,32535,0,0,24.32,0.98,0
11-01-2024,North,Cola_Zero,731,45,32895,0,0,27.72,0.53,0
12-01-2024,North,Cola_Zero,1005,36.92,37099.79,1,17.97,27.87,0.01,0
13-01-2024,North,Cola_Zero,733,45,32985,0,0,26.36,1.17,0
14-01-2024,North,Cola_Zero,506,45,22770,0,0,21.56,1.57,0
15-01-2024,North,Cola_Zero,662,45,29790,0,0,24.91,0.03,0
16-01-2024,North,Cola_Zero,921,37.47,34505.3,1,16.74,27.49,0.42,0
17-01-2024,North,Cola_Zero,794,45,35730,0,0,28.32,1.54,0
18-01-2024,North,Cola_Zero,594,45,26730,0,0,24.82,0.5,0
19-01-2024,North,Cola_Zero,739,45,33255,0,0,32.41,0.08,0
20-01-2024,North,Cola_Zero,848,39.81,33761.54,1,11.53,27.26,0.11,0
21-01-2024,North,Cola_Zero,659,45,29655,0,0,23.42,1.39,0
22-01-2024,North,Cola_Zero,832,38.9,32366.17,1,13.55,25.18,1.44,0
23-01-2024,North,Cola_Zero,642,45,28890,0,0,26.91,0.95,0
24-01-2024,North,Cola_Zero,665,45,29925,0,0,25.54,0.2,0
25-01-2024,North,Cola_Zero,839,38.22,32070.59,1,15.06,23.94,0.41,0
26-01-2024,North,Cola_Zero,559,45,25155,0,0,16.88,0.55,0
27-01-2024,North,Cola_Zero,719,45,32355,0,0,27.99,1.57,0
28-01-2024,North,Cola_Zero,705,42.41,29901.76,1,5.75,26.49,0.15,0
29-01-2024,North,Cola_Zero,742,45,33390,0,0,26.76,0.22,0
30-01-2024,North,Cola_Zero,651,45,29295,0,0,27.62,0.46,0
31-01-2024,North,Cola_Zero,735,42.07,30922.36,1,6.51,27.76,0.29,0
01-02-2024,North,Cola_Zero,701,45,31545,0,0,20.96,1.06,0
02-02-2024,North,Cola_Zero,727,45,32715,0,0,22.56,0.11,0
03-02-2024,North,Cola_Zero,714,45,32130,0,0,24.62,0.5,0
04-02-2024,North,Cola_Zero,716,42.71,30580.58,1,5.09,20.52,0.84,0
05-02-2024,North,Cola_Zero,749,45,33705,0,0,27.44,0.21,0
06-02-2024,North,Cola_Zero,781,45,35145,0,0,27.24,0.27,0
07-02-2024,North,Cola_Zero,657,45,29565,0,0,21.8,0.48,0
08-02-2024,North,Cola_Zero,676,45,30420,0,0,26.12,1.07,0
09-02-2024,North,Cola_Zero,850,45,38250,0,0,25.26,1.21,0
10-02-2024,North,Cola_Zero,829,45,37305,0,0,26.68,0,0
11-02-2024,North,Cola_Zero,674,45,30330,0,0,24.95,2.89,0
12-02-2024,North,Cola_Zero,676,45,30420,0,0,21.88,3.48,0
13-02-2024,North,Cola_Zero,869,45,39105,0,0,28.88,0.9,0
14-02-2024,North,Cola_Zero,727,45,32715,0,0,23.51,0.15,0
15-02-2024,North,Cola_Zero,849,45,38205,0,0,30.12,0.48,0
16-02-2024,North,Cola_Zero,772,45,34740,0,0,25.02,0.64,0
17-02-2024,North,Cola_Zero,724,45,32580,0,0,21.81,0.54,0
18-02-2024,North,Cola_Zero,741,45,33345,0,0,22.06,2.61,0
19-02-2024,North,Cola_Zero,889,41.92,37271.02,1,6.83,23.93,1.02,0
20-02-2024,North,Cola_Zero,916,37.67,34503.14,1,16.3,22.56,0.69,0
21-02-2024,North,Cola_Zero,803,45,36135,0,0,30.39,1.21,0
22-02-2024,North,Cola_Zero,763,45,34335,0,0,26.35,1.52,0
23-02-2024,North,Cola_Zero,731,45,32895,0,0,23.61,1.44,0
24-02-2024,North,Cola_Zero,970,37.78,36642.56,1,16.05,21.82,0.11,0
25-02-2024,North,Cola_Zero,933,42.07,39255.7,1,6.5,29.3,1.14,0
26-02-2024,North,Cola_Zero,733,45,32985,0,0,21.99,3.51,0
27-02-2024,North,Cola_Zero,748,45,33660,0,0,24.54,0.63,0
28-02-2024,North,Cola_Zero,719,45,32355,0,0,23.73,1.47,0
29-02-2024,North,Cola_Zero,745,45,33525,0,0,25.74,0.96,0
01-03-2024,North,Cola_Zero,1261,38.82,48947.75,1,13.74,25.68,2.15,0
02-03-2024,North,Cola_Zero,1112,45,50040,0,0,25.19,0.77,0
03-03-2024,North,Cola_Zero,1091,45,49095,0,0,26.02,1.71,0
04-03-2024,North,Cola_Zero,1084,45,48780,0,0,28.44,1.19,0
05-03-2024,North,Cola_Zero,1254,38.9,48777.28,1,13.56,25.59,0.28,0
06-03-2024,North,Cola_Zero,901,45,40545,0,0,23.32,0.43,0
07-03-2024,North,Cola_Zero,1136,45,51120,0,0,30.85,0.08,0
08-03-2024,North,Cola_Zero,1035,45,46575,0,0,27.99,0.25,0
09-03-2024,North,Cola_Zero,1048,45,47160,0,0,27.52,3.45,0
10-03-2024,North,Cola_Zero,1040,45,46800,0,0,28.26,0.14,0
11-03-2024,North,Cola_Zero,1095,42.45,46477.4,1,5.68,21.04,0.21,0
12-03-2024,North,Cola_Zero,1047,45,47115,0,0,24.01,2.08,0
13-03-2024,North,Cola_Zero,1076,45,48420,0,0,21.85,0.29,0
14-03-2024,North,Cola_Zero,860,45,38700,0,0,19.37,1.07,0
15-03-2024,North,Cola_Zero,1441,36.27,52267.48,1,19.4,25.27,0.49,0
16-03-2024,North,Cola_Zero,1215,41.27,50144.63,1,8.29,28.94,1.69,0
17-03-2024,North,Cola_Zero,967,45,43515,0,0,21.48,0.54,0
18-03-2024,North,Cola_Zero,1080,45,48600,0,0,27.89,0.21,0
19-03-2024,North,Cola_Zero,957,45,43065,0,0,25.7,0.87,0
20-03-2024,North,Cola_Zero,911,45,40995,0,0,25.02,1.98,0
21-03-2024,North,Cola_Zero,1032,45,46440,0,0,24.67,1.36,0
22-03-2024,North,Cola_Zero,977,45,43965,0,0,23.72,0.63,0
23-03-2024,North,Cola_Zero,1172,41.32,48429.9,1,8.17,21.86,0.59,0
24-03-2024,North,Cola_Zero,889,45,40005,0,0,19.02,0.25,0
25-03-2024,North,Cola_Zero,1303,38.15,49710.1,1,15.22,28.39,0.4,0
26-03-2024,North,Cola_Zero,1028,45,46260,0,0,24.85,0.26,0
27-03-2024,North,Cola_Zero,1133,40.3,45663.72,1,10.44,23.66,0.87,0
28-03-2024,North,Cola_Zero,1107,45,49815,0,0,23.14,0.65,0
29-03-2024,North,Cola_Zero,1038,45,46710,0,0,21.62,0.24,0
30-03-2024,North,Cola_Zero,988,45,44460,0,0,26.65,0.72,0
31-03-2024,North,Cola_Zero,935,45,42075,0,0,22.46,0.81,0
01-04-2024,North,Cola_Zero,1087,45,48915,0,0,28.71,0.08,0
02-04-2024,North,Cola_Zero,1437,37.68,54151.14,1,16.26,31.76,0.94,0
03-04-2024,North,Cola_Zero,1192,45,53640,0,0,34.82,0.45,0
04-04-2024,North,Cola_Zero,1404,40.81,57298.26,1,9.31,34.4,0.67,0
05-04-2024,North,Cola_Zero,1092,45,49140,0,0,32,0.29,0
06-04-2024,North,Cola_Zero,1183,45,53235,0,0,32.09,0.61,0
07-04-2024,North,Cola_Zero,1112,45,50040,0,0,30.62,1.46,0
08-04-2024,North,Cola_Zero,1241,45,55845,0,0,36.38,0.31,0
09-04-2024,North,Cola_Zero,1152,45,51840,0,0,30.69,1.41,0
10-04-2024,North,Cola_Zero,1133,45,50985,0,0,33.01,1.2,0
11-04-2024,North,Cola_Zero,1214,45,54630,0,0,33.18,0.28,0
12-04-2024,North,Cola_Zero,1165,45,52425,0,0,34.02,1,0
13-04-2024,North,Cola_Zero,1372,36.85,50564.77,1,18.1,28.29,1.77,0
14-04-2024,North,Cola_Zero,1125,45,50625,0,0,32.46,0.28,0
15-04-2024,North,Cola_Zero,1118,45,50310,0,0,29.71,0.33,0
16-04-2024,North,Cola_Zero,1252,45,56340,0,0,32.55,0.74,0
17-04-2024,North,Cola_Zero,1277,45,57465,0,0,35.75,0.18,0
18-04-2024,North,Cola_Zero,1129,45,50805,0,0,27.25,0.24,0
19-04-2024,North,Cola_Zero,1131,45,50895,0,0,35.43,1.51,0
20-04-2024,North,Cola_Zero,1147,45,51615,0,0,33.46,0.53,0
21-04-2024,North,Cola_Zero,1395,38.82,54157.31,1,13.73,34.22,4.33,0
22-04-2024,North,Cola_Zero,1070,45,48150,0,0,27.21,2.22,0
23-04-2024,North,Cola_Zero,1347,40.22,54177.74,1,10.62,32.81,0.38,0
24-04-2024,North,Cola_Zero,1171,45,52695,0,0,32.8,1.19,0
25-04-2024,North,Cola_Zero,1180,45,53100,0,0,31.03,3.01,0
26-04-2024,North,Cola_Zero,1127,45,50715,0,0,32.23,1.74,0
27-04-2024,North,Cola_Zero,1165,45,52425,0,0,31.74,0.18,0
28-04-2024,North,Cola_Zero,1151,45,51795,0,0,33.65,0.61,0
29-04-2024,North,Cola_Zero,1213,45,54585,0,0,36.03,1.38,0
30-04-2024,North,Cola_Zero,1230,45,55350,0,0,31.45,0.06,0
01-05-2024,North,Cola_Zero,953,45,42885,0,0,24.86,0.5,0
02-05-2024,North,Cola_Zero,1105,45,49725,0,0,29.69,0.74,0
03-05-2024,North,Cola_Zero,1086,45,48870,0,0,33.06,1.2,0
04-05-2024,North,Cola_Zero,1496,38.9,58201.88,1,13.54,39.49,0.96,0
05-05-2024,North,Cola_Zero,1465,37.83,55416.43,1,15.94,36.35,0.86,0
06-05-2024,North,Cola_Zero,1135,45,51075,0,0,34.06,0.2,0
07-05-2024,North,Cola_Zero,974,45,43830,0,0,26.06,1.4,0
08-05-2024,North,Cola_Zero,1006,45,45270,0,0,32.21,0.88,0
09-05-2024,North,Cola_Zero,1511,36.87,55709.65,1,18.07,33.35,0.1,0
10-05-2024,North,Cola_Zero,1209,45,54405,0,0,35.99,0.82,0
11-05-2024,North,Cola_Zero,1229,45,55305,0,0,32.84,0.03,0
12-05-2024,North,Cola_Zero,1214,45,54630,0,0,33.77,1.72,0
13-05-2024,North,Cola_Zero,1111,45,49995,0,0,31.07,0.17,0
14-05-2024,North,Cola_Zero,1170,45,52650,0,0,31.12,1.07,0
15-05-2024,North,Cola_Zero,1219,39.01,47550.82,1,13.32,23.54,0.84,0
16-05-2024,North,Cola_Zero,1299,39.89,51813.11,1,11.36,32.83,1.62,0
17-05-2024,North,Cola_Zero,1194,45,53730,0,0,35.41,0.49,0
18-05-2024,North,Cola_Zero,1094,45,49230,0,0,28.91,0.19,0
19-05-2024,North,Cola_Zero,1138,45,51210,0,0,31.33,0.18,0
20-05-2024,North,Cola_Zero,1149,45,51705,0,0,33.06,0.81,0
21-05-2024,North,Cola_Zero,1171,45,52695,0,0,35.42,0.88,0
22-05-2024,North,Cola_Zero,1149,45,51705,0,0,34.4,0.5,0
23-05-2024,North,Cola_Zero,1075,45,48375,0,0,26.87,0.58,0
24-05-2024,North,Cola_Zero,1141,45,51345,0,0,32.37,0.16,0
25-05-2024,North,Cola_Zero,1131,45,50895,0,0,32.93,0.43,0
26-05-2024,North,Cola_Zero,1112,45,50040,0,0,36.03,0.78,0
27-05-2024,North,Cola_Zero,1204,45,54180,0,0,33.08,1.01,0
28-05-2024,North,Cola_Zero,1256,45,56520,0,0,36.24,0.52,0
29-05-2024,North,Cola_Zero,1200,45,54000,0,0,33.77,2.35,0
30-05-2024,North,Cola_Zero,1075,45,48375,0,0,29.68,1.54,0
31-05-2024,North,Cola_Zero,1082,45,48690,0,0,30.94,0.86,0
01-06-2024,North,Cola_Zero,1084,45,48780,0,0,34.45,3.1,0
02-06-2024,North,Cola_Zero,1129,45,50805,0,0,32.99,0.57,0
03-06-2024,North,Cola_Zero,1078,45,48510,0,0,36.25,0.01,0
04-06-2024,North,Cola_Zero,1255,41.03,51490.14,1,8.83,28.16,1,0
05-06-2024,North,Cola_Zero,1134,45,51030,0,0,31.61,0.23,0
06-06-2024,North,Cola_Zero,1089,45,49005,0,0,30.82,0.17,0
07-06-2024,North,Cola_Zero,1147,45,51615,0,0,29.99,0.73,0
08-06-2024,North,Cola_Zero,1090,45,49050,0,0,28.9,2.58,0
09-06-2024,North,Cola_Zero,1068,45,48060,0,0,33.29,0.9,0
10-06-2024,North,Cola_Zero,1173,45,52785,0,0,35.43,0.68,0
11-06-2024,North,Cola_Zero,1160,41.88,48581.8,1,6.93,33.04,2.92,0
12-06-2024,North,Cola_Zero,1168,45,52560,0,0,32.74,0.08,0
13-06-2024,North,Cola_Zero,1110,45,49950,0,0,32.26,1.02,0
14-06-2024,North,Cola_Zero,1199,45,53955,0,0,38.13,0.44,0
15-06-2024,North,Cola_Zero,1571,36.5,57335.49,1,18.9,33.74,0.41,0
16-06-2024,North,Cola_Zero,1232,41.82,51528.09,1,7.06,29.92,0.23,0
17-06-2024,North,Cola_Zero,1252,45,56340,0,0,35.72,0.39,0
18-06-2024,North,Cola_Zero,1155,45,51975,0,0,33.41,0.11,0
19-06-2024,North,Cola_Zero,1133,45,50985,0,0,32.21,1.19,0
20-06-2024,North,Cola_Zero,1448,41.65,60302.09,1,7.46,33.91,0.11,0
21-06-2024,North,Cola_Zero,1040,45,46800,0,0,33.17,2.65,0
22-06-2024,North,Cola_Zero,1050,45,47250,0,0,32,1.61,0
23-06-2024,North,Cola_Zero,1030,45,46350,0,0,30.2,1.31,0
24-06-2024,North,Cola_Zero,1019,45,45855,0,0,26.77,0.48,0
25-06-2024,North,Cola_Zero,1065,45,47925,0,0,26.37,1.18,0
26-06-2024,North,Cola_Zero,1071,45,48195,0,0,31.13,0.52,0
27-06-2024,North,Cola_Zero,1185,45,53325,0,0,33.27,0.42,0
28-06-2024,North,Cola_Zero,1195,45,53775,0,0,32.67,0.59,0
29-06-2024,North,Cola_Zero,1024,45,46080,0,0,30.26,1.58,0
30-06-2024,North,Cola_Zero,1213,45,54585,0,0,40.16,2.27,0
01-07-2024,North,Cola_Zero,919,38.97,35812.78,1,13.4,27.8,3.37,0
02-07-2024,North,Cola_Zero,757,45,34065,0,0,23.12,0.88,0
03-07-2024,North,Cola_Zero,722,45,32490,0,0,26.86,2.56,0
04-07-2024,North,Cola_Zero,905,40.43,36591.92,1,10.15,26.32,4.36,0
05-07-2024,North,Cola_Zero,764,45,34380,0,0,23.99,2.41,0
06-07-2024,North,Cola_Zero,720,45,32400,0,0,23.08,4.06,0
07-07-2024,North,Cola_Zero,636,45,28620,0,0,22,14.18,0
08-07-2024,North,Cola_Zero,715,45,32175,0,0,28.38,4.11,0
09-07-2024,North,Cola_Zero,826,45,37170,0,0,27.83,0.61,0
10-07-2024,North,Cola_Zero,783,45,35235,0,0,26.38,2.49,0
11-07-2024,North,Cola_Zero,970,38.71,37551.32,1,13.97,27.47,6.21,0
12-07-2024,North,Cola_Zero,756,45,34020,0,0,24.47,0.8,0
13-07-2024,North,Cola_Zero,709,45,31905,0,0,28.19,9.88,0
14-07-2024,North,Cola_Zero,656,45,29520,0,0,28.46,9.1,0
15-07-2024,North,Cola_Zero,724,45,32580,0,0,23.12,4.81,0
16-07-2024,North,Cola_Zero,875,37.12,32477.04,1,17.52,24.2,1.84,0
17-07-2024,North,Cola_Zero,843,45,37935,0,0,25.19,5.75,0
18-07-2024,North,Cola_Zero,688,45,30960,0,0,21.38,2.84,0
19-07-2024,North,Cola_Zero,683,45,30735,0,0,24.24,0.35,0
20-07-2024,North,Cola_Zero,739,45,33255,0,0,21.33,0.8,0
21-07-2024,North,Cola_Zero,593,45,26685,0,0,24.44,7.52,0
22-07-2024,North,Cola_Zero,996,39.85,39686.19,1,11.45,23.2,1.5,0
23-07-2024,North,Cola_Zero,728,45,32760,0,0,28.12,2.97,0
24-07-2024,North,Cola_Zero,691,45,31095,0,0,23.81,10.01,0
25-07-2024,North,Cola_Zero,637,45,28665,0,0,22.47,0.01,0
26-07-2024,North,Cola_Zero,843,45,37935,0,0,25.14,0.82,0
27-07-2024,North,Cola_Zero,944,40.39,38127.05,1,10.25,29.46,0.77,0
28-07-2024,North,Cola_Zero,751,45,33795,0,0,26.94,3.76,0
29-07-2024,North,Cola_Zero,718,45,32310,0,0,25.06,1.73,0
30-07-2024,North,Cola_Zero,892,38.73,34547.2,1,13.93,28.75,12.68,0
