airflow/data/sales_daily.csv
date,region,product,units_sold,price,revenue,promotion_flag,discount_pct,temperature,rainfall_mm,is_holiday
31-07-2024,North,Cola_Zero,717,45,32265,0,0,23.42,5.63,0
01-08-2024,North,Cola_Zero,726,45,32670,0,0,27.16,2.14,0
02-08-2024,North,Cola_Zero,807,45,36315,0,0,30.79,6.4,0
03-08-2024,North,Cola_Zero,680,45,30600,0,0,22.95,3.94,0
04-08-2024,North,Cola_Zero,730,38.43,28055.65,1,14.59,23.16,10.87,0
05-08-2024,North,Cola_Zero,671,45,30195,0,0,21.54,5.23,0
06-08-2024,North,Cola_Zero,770,45,34650,0,0,24.35,3.18,0
07-08-2024,North,Cola_Zero,865,45,38925,0,0,29.74,2.7,0
08-08-2024,North,Cola_Zero,765,45,34425,0,0,26.88,1.72,0
09-08-2024,North,Cola_Zero,746,45,33570,0,0,25.99,3.31,0
10-08-2024,North,Cola_Zero,635,45,28575,0,0,23.26,2.51,0
11-08-2024,North,Cola_Zero,755,45,33975,0,0,22.42,4.69,0
12-08-2024,North,Cola_Zero,1032,37.52,38725.41,1,16.61,24.33,1.16,0
13-08-2024,North,Cola_Zero,744,45,33480,0,0,27.77,3.57,0
14-08-2024,North,Cola_Zero,772,45,34740,0,0,31.54,3.69,0
15-08-2024,North,Cola_Zero,589,45,26505,0,0,18.14,1.85,0
16-08-2024,North,Cola_Zero,650,45,29250,0,0,26.92,5.11,0
17-08-2024,North,Cola_Zero,930,39.65,36871.56,1,11.9,27.6,10.76,0
18-08-2024,North,Cola_Zero,940,38.52,36206.84,1,14.4,27.39,1.02,0
19-08-2024,North,Cola_Zero,790,45,35550,0,0,22.71,2.22,0
20-08-2024,North,Cola_Zero,631,45,28395,0,0,24.64,12.4,0
21-08-2024,North,Cola_Zero,727,45,32715,0,0,24.29,2.05,0
22-08-2024,North,Cola_Zero,702,45,31590,0,0,21.62,7.31,0
23-08-2024,North,Cola_Zero,784,45,35280,0,0,25.64,1.36,0
24-08-2024,North,Cola_Zero,678,45,30510,0,0,24.74,3.13,0
25-08-2024,North,Cola_Zero,704,45,31680,0,0,22.42,0.99,0
26-08-2024,North,Cola_Zero,773,45,34785,0,0,23.95,3.71,0
27-08-2024,North,Cola_Zero,819,45,36855,0,0,29.38,6.11,0
28-08-2024,North,Cola_Zero,719,45,32355,0,0,25.84,4.23,0
29-08-2024,North,Cola_Zero,765,45,34425,0,0,26.22,0.93,0
30-08-2024,North,Cola_Zero,719,45,32355,0,0,24.92,1.17,0
31-08-2024,North,Cola_Zero,678,45,30510,0,0,24.31,1.88,0
01-09-2024,North,Cola_Zero,708,45,31860,0,0,20.19,0.19,0
02-09-2024,North,Cola_Zero,703,45,31635,0,0,24.9,2.37,0
03-09-2024,North,Cola_Zero,1085,36.59,39699.26,1,18.69,29.22,1.23,0
04-09-2024,North,Cola_Zero,707,45,31815,0,0,25.23,2.18,0
05-09-2024,North,Cola_Zero,673,45,30285,0,0,24.58,0.12,0
06-09-2024,North,Cola_Zero,976,38.7,37774.93,1,13.99,27.29,0.88,0
07-09-2024,North,Cola_Zero,752,45,33840,0,0,28.72,2.38,0
08-09-2024,North,Cola_Zero,720,45,32400,0,0,24.96,0.63,0
09-09-2024,North,Cola_Zero,674,45,30330,0,0,26.35,1.71,0
10-09-2024,North,Cola_Zero,777,45,34965,0,0,29.86,1.51,0
11-09-2024,North,Cola_Zero,698,45,31410,0,0,25.11,0.17,0
12-09-2024,North,Cola_Zero,878,38.24,33577.61,1,15.01,23.1,1.55,0
13-09-2024,North,Cola_Zero,801,45,36045,0,0,23.21,1.41,0
14-09-2024,North,Cola_Zero,969,37.58,36413.64,1,16.49,27.96,0.05,0
15-09-2024,North,Cola_Zero,682,45,30690,0,0,14.74,1.18,0
16-09-2024,North,Cola_Zero,823,45,37035,0,0,26.54,0.41,0
17-09-2024,North,Cola_Zero,742,45,33390,0,0,26.7,1.22,0
18-09-2024,North,Cola_Zero,849,45,38205,0,0,35.12,0.04,0
19-09-2024,North,Cola_Zero,714,45,32130,0,0,21.77,1.85,0
20-09-2024,North,Cola_Zero,721,45,32445,0,0,27.87,1,0
21-09-2024,North,Cola_Zero,915,41.53,37996.39,1,7.72,21.43,0.63,0
22-09-2024,North,Cola_Zero,730,45,32850,0,0,25.32,3.03,0
23-09-2024,North,Cola_Zero,923,40.73,37589.4,1,9.5,26.97,1.27,0
24-09-2024,North,Cola_Zero,772,45,34740,0,0,27.46,2.46,0
25-09-2024,North,Cola_Zero,798,45,35910,0,0,24.47,0.77,0
26-09-2024,North,Cola_Zero,627,45,28215,0,0,20.42,0.26,0
27-09-2024,North,Cola_Zero,869,42.66,37068.71,1,5.21,24.42,0.26,0
28-09-2024,North,Cola_Zero,960,36.12,34675.2,1,19.73,25.26,1.7,0
29-09-2024,North,Cola_Zero,768,40.36,30996.73,1,10.31,21.65,0.1,0
30-09-2024,North,Cola_Zero,725,45,32625,0,0,24.66,1.04,0
01-10-2024,North,Cola_Zero,732,45,32940,0,0,23.33,0.45,1
02-10-2024,North,Cola_Zero,958,39.34,37683.79,1,12.59,25.5,0.59,1
03-10-2024,North,Cola_Zero,743,45,33435,0,0,20.04,0.96,1
04-10-2024,North,Cola_Zero,786,45,35370,0,0,25.47,1.06,1
05-10-2024,North,Cola_Zero,861,45,38745,0,0,31.11,1.85,1
06-10-2024,North,Cola_Zero,821,45,36945,0,0,24.86,0.96,1
07-10-2024,North,Cola_Zero,722,42.23,30492.73,1,6.15,22.23,0.68,1
08-10-2024,North,Cola_Zero,746,45,33570,0,0,26.12,2.81,1
09-10-2024,North,Cola_Zero,810,45,36450,0,0,27.86,1.15,1
10-10-2024,North,Cola_Zero,878,40.65,35688.61,1,9.67,23.52,1.26,1
11-10-2024,North,Cola_Zero,849,45,38205,0,0,25.24,0.33,1
12-10-2024,North,Cola_Zero,776,45,34920,0,0,26.88,0.18,1
13-10-2024,North,Cola_Zero,663,45,29835,0,0,20.18,0.1,1
14-10-2024,North,Cola_Zero,799,45,35955,0,0,32.52,2.73,1
15-10-2024,North,Cola_Zero,735,45,33075,0,0,20.29,0.95,1
16-10-2024,North,Cola_Zero,766,45,34470,0,0,22.76,0.09,1
17-10-2024,North,Cola_Zero,776,45,34920,0,0,25.42,0.12,1
18-10-2024,North,Cola_Zero,962,37.76,36326.72,1,16.09,24.28,0.42,1
19-10-2024,North,Cola_Zero,811,45,36495,0,0,27.17,1.02,1
20-10-2024,North,Cola_Zero,734,45,33030,0,0,25.38,1.03,1
21-10-2024,North,Cola_Zero,920,45,41400,0,0,28.32,0.05,1
22-10-2024,North,Cola_Zero,633,45,28485,0,0,25.69,0.56,1
23-10-2024,North,Cola_Zero,816,40.54,33082.35,1,9.91,25.82,0.05,1
24-10-2024,North,Cola_Zero,860,45,38700,0,0,29.83,0.91,1
25-10-2024,North,Cola_Zero,991,36.82,36491.7,1,18.17,21.18,0.66,1
26-10-2024,North,Cola_Zero,829,45,37305,0,0,29.96,1.49,1
27-10-2024,North,Cola_Zero,999,36.07,36037.58,1,19.84,24.83,1.7,1
28-10-2024,North,Cola_Zero,753,45,33885,0,0,26.17,0.41,1
29-10-2024,North,Cola_Zero,800,45,36000,0,0,27.32,0.49,1
30-10-2024,North,Cola_Zero,1096,40.73,44636.06,1,9.5,32.16,0.99,1
31-10-2024,North,Cola_Zero,809,45,36405,0,0,24.59,0.92,1
01-11-2024,North,Cola_Zero,795,45,35775,0,0,23.58,0.33,1
02-11-2024,North,Cola_Zero,617,45,27765,0,0,24.14,1.33,1
03-11-2024,North,Cola_Zero,844,41.66,35158.33,1,7.43,22.48,1.7,1
04-11-2024,North,Cola_Zero,821,45,36945,0,0,27.45,1.28,1
05-11-2024,North,Cola_Zero,728,45,32760,0,0,24.46,0.22,1
06-11-2024,North,Cola_Zero,799,45,35955,0,0,27.46,0.03,1
07-11-2024,North,Cola_Zero,892,37.56,33499.31,1,16.54,28.39,0.13,1
08-11-2024,North,Cola_Zero,673,45,30285,0,0,22.41,1.16,1
09-11-2024,North,Cola_Zero,755,45,33975,0,0,23.78,0.49,1
10-11-2024,North,Cola_Zero,708,45,31860,0,0,25,0.7,1
11-11-2024,North,Cola_Zero,655,45,29475,0,0,19.16,0.59,1
12-11-2024,North,Cola_Zero,872,41.47,36159.37,1,7.85,27.93,0.64,1
13-11-2024,North,Cola_Zero,725,45,32625,0,0,26.89,0.5,1
14-11-2024,North,Cola_Zero,801,45,36045,0,0,24.28,0.31,1
15-11-2024,North,Cola_Zero,979,38.59,37775.42,1,14.25,27.33,0.82,1
16-11-2024,North,Cola_Zero,718,45,32310,0,0,21.94,0.05,1
17-11-2024,North,Cola_Zero,698,41.06,28656.74,1,8.77,21.82,3.34,1
18-11-2024,North,Cola_Zero,704,45,31680,0,0,26.05,0.22,1
19-11-2024,North,Cola_Zero,809,45,36405,0,0,31.24,2.28,1
20-11-2024,North,Cola_Zero,688,45,30960,0,0,27.38,0.66,1
21-11-2024,North,Cola_Zero,942,42.35,39897.63,1,5.88,26.77,0.47,1
22-11-2024,North,Cola_Zero,822,45,36990,0,0,24.24,0.3,1
23-11-2024,North,Cola_Zero,701,45,31545,0,0,24.57,5.18,1
24-11-2024,North,Cola_Zero,796,45,35820,0,0,28.09,0.05,1
25-11-2024,North,Cola_Zero,793,45,35685,0,0,21.8,0.29,1
26-11-2024,North,Cola_Zero,862,45,38790,0,0,29.28,1.57,1
27-11-2024,North,Cola_Zero,727,45,32715,0,0,24.51,0.46,1
28-11-2024,North,Cola_Zero,978,39.05,38191.3,1,13.22,25.14,2.4,1
29-11-2024,North,Cola_Zero,868,41.43,35965.46,1,7.92,22.23,1.64,1
30-11-2024,North,Cola_Zero,755,45,33975,0,0,25.45,2.68,1
01-12-2024,North,Cola_Zero,667,45,30015,0,0,29.93,0.5,0
02-12-2024,North,Cola_Zero,833,40,33320.47,1,11.11,26.57,0.35,0
03-12-2024,North,Cola_Zero,743,45,33435,0,0,27.72,0.87,0
04-12-2024,North,Cola_Zero,624,45,28080,0,0,22.36,0.06,0
05-12-2024,North,Cola_Zero,585,45,26325,0,0,25.35,1.09,0
06-12-2024,North,Cola_Zero,696,45,31320,0,0,26.76,0.8,0
07-12-2024,North,Cola_Zero,938,37.19,34887.28,1,17.35,22.49,1.41,0
08-12-2024,North,Cola_Zero,772,45,34740,0,0,32.43,0.67,0
09-12-2024,North,Cola_Zero,800,39.26,31404.35,1,12.77,28.33,0.34,0
10-12-2024,North,Cola_Zero,642,45,28890,0,0,24.45,0.07,0
11-12-2024,North,Cola_Zero,624,45,28080,0,0,24.75,0.81,0
12-12-2024,North,Cola_Zero,707,42.61,30126.01,1,5.31,29.05,0.75,0
13-12-2024,North,Cola_Zero,563,45,25335,0,0,24.79,2.99,0
14-12-2024,North,Cola_Zero,637,45,28665,0,0,26.76,0.4,0
15-12-2024,North,Cola_Zero,634,45,28530,0,0,22.09,1.59,0
16-12-2024,North,Cola_Zero,869,38.16,33161.3,1,15.2,22.99,0.83,0
17-12-2024,North,Cola_Zero,792,45,35640,0,0,26.81,0.93,0
18-12-2024,North,Cola_Zero,742,45,33390,0,0,26.67,0.49,0
19-12-2024,North,Cola_Zero,738,45,33210,0,0,29.95,0.28,0
20-12-2024,North,Cola_Zero,643,45,28935,0,0,25.55,4.96,0
21-12-2024,North,Cola_Zero,697,45,31365,0,0,31.19,0.41,0
22-12-2024,North,Cola_Zero,829,40.95,33950.65,1,8.99,29.51,1.36,0
23-12-2024,North,Cola_Zero,791,45,35595,0,0,25.3,3.15,0
24-12-2024,North,Cola_Zero,680,45,30600,0,0,22.55,0.05,0
25-12-2024,North,Cola_Zero,637,45,28665,0,0,26.37,0.03,0
26-12-2024,North,Cola_Zero,655,45,29475,0,0,27.37,0.54,0
27-12-2024,North,Cola_Zero,725,45,32625,0,0,27.17,1.37,0
28-12-2024,North,Cola_Zero,691,45,31095,0,0,26.76,2.11,0
29-12-2024,North,Cola_Zero,669,45,30105,0,0,26.7,2.28,0
30-12-2024,North,Cola_Zero,621,45,27945,0,0,23.27,0.98,0
31-12-2024,North,Cola_Zero,738,45,33210,0,0,22.97,0.84,0
01-01-2024,South,Cola_Classic,1025,40,41000,0,0,28.95,0.73,0
02-01-2024,South,Cola_Classic,1180,35.41,41787.94,1,11.47,23.87,1.19,0
03-01-2024,South,Cola_Classic,995,40,39800,0,0,26.23,2.47,0
04-01-2024,South,Cola_Classic,1009,40,40360,0,0,25.87,0.71,0
05-01-2024,South,Cola_Classic,969,40,38760,0,0,24.69,0.29,0
06-01-2024,South,Cola_Classic,954,40,38160,0,0,26.25,0.86,0
07-01-2024,South,Cola_Classic,893,40,35720,0,0,19.85,0.11,0
08-01-2024,South,Cola_Classic,1004,40,40160,0,0,28.4,0.68,0
09-01-2024,South,Cola_Classic,1208,34.1,41188.56,1,14.76,23.36,0.01,0
10-01-2024,South,Cola_Classic,944,36.74,34683.54,1,8.15,16.58,3.09,0
11-01-2024,South,Cola_Classic,1004,40,40160,0,0,27.93,2.91,0
12-01-2024,South,Cola_Classic,1030,40,41200,0,0,24.3,0.8,0
13-01-2024,South,Cola_Classic,1068,40,42720,0,0,26.11,1.1,0
14-01-2024,South,Cola_Classic,1099,40,43960,0,0,29.19,0.82,0
15-01-2024,South,Cola_Classic,1069,40,42760,0,0,28.72,0.87,0
16-01-2024,South,Cola_Classic,1033,40,41320,0,0,24.1,2.47,0
17-01-2024,South,Cola_Classic,1042,40,41680,0,0,23.1,0.53,0
18-01-2024,South,Cola_Classic,1142,40,45680,0,0,24.73,0.32,0
19-01-2024,South,Cola_Classic,974,40,38960,0,0,26.97,0.33,0
20-01-2024,South,Cola_Classic,1034,37.04,38303.66,1,7.39,20.47,0.92,0
21-01-2024,South,Cola_Classic,1027,40,41080,0,0,26.79,1.36,0
22-01-2024,South,Cola_Classic,1184,40,47360,0,0,28.12,0.1,0
23-01-2024,South,Cola_Classic,1010,40,40400,0,0,24.85,1.18,0
24-01-2024,South,Cola_Classic,1104,35.74,39460.38,1,10.64,23.86,0.95,0
25-01-2024,South,Cola_Classic,950,40,38000,0,0,23.05,1.06,0
26-01-2024,South,Cola_Classic,1099,35.63,39155.88,1,10.93,21.34,0.22,0
27-01-2024,South,Cola_Classic,970,40,38800,0,0,24.41,0.46,0
28-01-2024,South,Cola_Classic,997,40,39880,0,0,26.32,2.15,0
29-01-2024,South,Cola_Classic,1008,40,40320,0,0,25.42,0.96,0
30-01-2024,South,Cola_Classic,950,40,38000,0,0,31.29,0.78,0
31-01-2024,South,Cola_Classic,1018,40,40720,0,0,26.1,2.14,0
01-02-2024,South,Cola_Classic,1141,40,45640,0,0,26.69,0.7,0
02-02-2024,South,Cola_Classic,1039,40,41560,0,0,19.87,1.03,0
03-02-2024,South,Cola_Classic,1218,35.41,43133.8,1,11.47,22.04,0.51,0
04-02-2024,South,Cola_Classic,1170,40,46800,0,0,27.53,0.92,0
05-02-2024,South,Cola_Classic,1131,40,45240,0,0,24.89,1.03,0
06-02-2024,South,Cola_Classic,1077,40,43080,0,0,22.37,0.62,0
07-02-2024,South,Cola_Classic,1189,40,47560,0,0,25.65,0.35,0
08-02-2024,South,Cola_Classic,978,40,39120,0,0,18.23,2.06,0
09-02-2024,South,Cola_Classic,987,40,39480,0,0,21.62,1.31,0
10-02-2024,South,Cola_Classic,1288,40,51520,0,0,32.18,0.07,0
11-02-2024,South,Cola_Classic,1265,40,50600,0,0,28.81,2.05,0
12-02-2024,South,Cola_Classic,1333,36.88,49158.03,1,7.81,24.1,0.48,0
13-02-2024,South,Cola_Classic,1177,40,47080,0,0,27.52,0.55,0
14-02-2024,South,Cola_Classic,1408,34.47,48530.47,1,13.83,25.87,1.12,0
15-02-2024,South,Cola_Classic,1089,40,43560,0,0,23.79,0.2,0
16-02-2024,South,Cola_Classic,1141,40,45640,0,0,23.34,0.49,0
17-02-2024,South,Cola_Classic,1210,40,48400,0,0,28.44,0.8,0
18-02-2024,South,Cola_Classic,988,40,39520,0,0,22.42,1.46,0
19-02-2024,South,Cola_Classic,1291,36.73,47416.94,1,8.18,25.18,0.15,0
20-02-2024,South,Cola_Classic,1101,40,44040,0,0,27.14,0.73,0
21-02-2024,South,Cola_Classic,1345,40,53800,0,0,31.04,1.18,0
22-02-2024,South,Cola_Classic,1142,40,45680,0,0,24.56,1.06,0
23-02-2024,South,Cola_Classic,1077,40,43080,0,0,22.41,1.81,0
24-02-2024,South,Cola_Classic,1175,40,47000,0,0,26.74,0.58,0
25-02-2024,South,Cola_Classic,1061,40,42440,0,0,26.69,0.22,0
26-02-2024,South,Cola_Classic,1087,40,43480,0,0,27.53,0.86,0
27-02-2024,South,Cola_Classic,1023,40,40920,0,0,27.84,0.14,0
28-02-2024,South,Cola_Classic,1150,40,46000,0,0,25.93,1.1,0
29-02-2024,South,Cola_Classic,1055,40,42200,0,0,20.5,0.16,0
01-03-2024,South,Cola_Classic,1525,40,61000,0,0,24.04,0.1,0
02-03-2024,South,Cola_Classic,1390,40,55600,0,0,22.59,2.99,0
03-03-2024,South,Cola_Classic,1681,40,67240,0,0,30.32,0.02,0
04-03-2024,South,Cola_Classic,1964,33.25,65293.33,1,16.89,23.09,0.87,0
05-03-2024,South,Cola_Classic,1553,40,62120,0,0,26.85,0.9,0
06-03-2024,South,Cola_Classic,1313,40,52520,0,0,19.18,0.5,0
07-03-2024,South,Cola_Classic,1794,37.16,66671.46,1,7.09,27.93,0.82,0
08-03-2024,South,Cola_Classic,1394,40,55760,0,0,22.08,0.63,0
09-03-2024,South,Cola_Classic,1560,40,62400,0,0,25.13,0.58,0
10-03-2024,South,Cola_Classic,2114,34.44,72814.19,1,13.89,28.45,0.24,0
11-03-2024,South,Cola_Classic,1401,40,56040,0,0,19.66,0.72,0
12-03-2024,South,Cola_Classic,1465,40,58600,0,0,22.9,2.12,0
13-03-2024,South,Cola_Classic,1629,40,65160,0,0,28.7,0.76,0
14-03-2024,South,Cola_Classic,1808,36.51,66016.62,1,8.72,25.93,0.53,0
15-03-2024,South,Cola_Classic,1538,40,61520,0,0,26.73,2.21,0
16-03-2024,South,Cola_Classic,1940,33.06,64131.73,1,17.36,24.73,0.66,0
17-03-2024,South,Cola_Classic,1583,36.72,58131.5,1,8.19,20.24,0.16,0
18-03-2024,South,Cola_Classic,1631,40,65240,0,0,29.38,2.52,0
19-03-2024,South,Cola_Classic,1869,35.68,66693.05,1,10.79,25.63,2.44,0
20-03-2024,South,Cola_Classic,1503,40,60120,0,0,23.56,2.19,0
21-03-2024,South,Cola_Classic,1484,40,59360,0,0,27.49,3.17,0
22-03-2024,South,Cola_Classic,1539,40,61560,0,0,24.19,1,0
23-03-2024,South,Cola_Classic,1509,40,60360,0,0,20.11,0.08,0
24-03-2024,South,Cola_Classic,1676,40,67040,0,0,28,0.69,0
25-03-2024,South,Cola_Classic,1662,40,66480,0,0,29.94,0.47,0
26-03-2024,South,Cola_Classic,1511,40,60440,0,0,25.56,0.13,0
27-03-2024,South,Cola_Classic,1561,40,62440,0,0,26.19,1.11,0
28-03-2024,South,Cola_Classic,1739,35.93,62488.88,1,10.17,21.47,2.25,0
29-03-2024,South,Cola_Classic,2098,32.11,67374.69,1,19.72,25.11,0.42,0
30-03-2024,South,Cola_Classic,1648,40,65920,0,0,31.1,0.85,0
31-03-2024,South,Cola_Classic,1422,40,56880,0,0,23.41,1.54,0
01-04-2024,South,Cola_Classic,1785,40,71400,0,0,31.75,0.04,0
02-04-2024,South,Cola_Classic,2071,33.25,68870.41,1,16.86,29.67,1.06,0
03-04-2024,South,Cola_Classic,1607,40,64280,0,0,32.99,1.55,0
04-04-2024,South,Cola_Classic,1720,40,68800,0,0,33.6,1.22,0
05-04-2024,South,Cola_Classic,1995,35.61,71040.04,1,10.98,34.88,4.12,0
06-04-2024,South,Cola_Classic,1676,40,67040,0,0,35.28,0.32,0
07-04-2024,South,Cola_Classic,1871,36.8,68861.37,1,7.99,31.13,0.35,0
08-04-2024,South,Cola_Classic,1619,40,64760,0,0,34.05,0.93,0
09-04-2024,South,Cola_Classic,1628,40,65120,0,0,31.65,0.2,0
10-04-2024,South,Cola_Classic,2209,35.31,77998.69,1,11.73,35.72,0.61,0
11-04-2024,South,Cola_Classic,1810,40,72400,0,0,35.46,0.2,0
12-04-2024,South,Cola_Classic,1829,40,73160,0,0,36.94,0.07,0
13-04-2024,South,Cola_Classic,1793,40,71720,0,0,37.26,0.44,0
14-04-2024,South,Cola_Classic,1662,40,66480,0,0,31.85,0.03,0
15-04-2024,South,Cola_Classic,1636,40,65440,0,0,30.72,0.23,0
16-04-2024,South,Cola_Classic,1766,40,70640,0,0,35.96,2.93,0
17-04-2024,South,Cola_Classic,1672,40,66880,0,0,31.65,2.05,0
18-04-2024,South,Cola_Classic,1804,40,72160,0,0,34.69,0.43,0
19-04-2024,South,Cola_Classic,1781,40,71240,0,0,33.61,0.06,0
20-04-2024,South,Cola_Classic,1724,40,68960,0,0,31.2,0.14,0
21-04-2024,South,Cola_Classic,1628,40,65120,0,0,31.53,0.04,0
22-04-2024,South,Cola_Classic,1703,40,68120,0,0,32.31,0.13,0
23-04-2024,South,Cola_Classic,1531,40,61240,0,0,27.6,1.32,0
24-04-2024,South,Cola_Classic,1719,40,68760,0,0,35.52,3.87,0
25-04-2024,South,Cola_Classic,1931,36.85,71153.37,1,7.88,35.78,0.59,0
26-04-2024,South,Cola_Classic,1775,40,71000,0,0,35.89,2.93,0
27-04-2024,South,Cola_Classic,1683,40,67320,0,0,31.46,0.49,0
28-04-2024,South,Cola_Classic,1774,40,70960,0,0,34.13,1.29,0
29-04-2024,South,Cola_Classic,1699,40,67960,0,0,32.28,0.18,0
30-04-2024,South,Cola_Classic,2140,34.73,74324.56,1,13.17,32.39,0.07,0
01-05-2024,South,Cola_Classic,1542,40,61680,0,0,29.69,4.22,0
02-05-2024,South,Cola_Classic,1667,40,66680,0,0,33.54,0.1,0
03-05-2024,South,Cola_Classic,1709,40,68360,0,0,34.45,0.3,0
04-05-2024,South,Cola_Classic,1809,40,72360,0,0,30.55,0.73,0
05-05-2024,South,Cola_Classic,1546,40,61840,0,0,29.86,0.22,0
06-05-2024,South,Cola_Classic,2127,35.14,74743.54,1,12.15,32.08,0.47,0
07-05-2024,South,Cola_Classic,1849,40,73960,0,0,33.98,0.86,0
08-05-2024,South,Cola_Classic,1884,40,75360,0,0,31.52,0.77,0
09-05-2024,South,Cola_Classic,1673,40,66920,0,0,35.29,0.03,0
10-05-2024,South,Cola_Classic,2090,33.14,69258.43,1,17.15,30.95,1.1,0
11-05-2024,South,Cola_Classic,1760,37.76,66466.08,1,5.59,30.08,0.07,0
12-05-2024,South,Cola_Classic,1655,40,66200,0,0,32.32,1.54,0
13-05-2024,South,Cola_Classic,1831,40,73240,0,0,35.52,0.4,0
14-05-2024,South,Cola_Classic,1801,36.86,66383.5,1,7.85,29.78,0.92,0
15-05-2024,South,Cola_Classic,1711,40,68440,0,0,32.08,0.04,0
16-05-2024,South,Cola_Classic,1768,40,70720,0,0,32,1,0
17-05-2024,South,Cola_Classic,1547,40,61880,0,0,28.3,2.8,0
18-05-2024,South,Cola_Classic,1829,40,73160,0,0,35.68,0.79,0
19-05-2024,South,Cola_Classic,1730,40,69200,0,0,33.28,0.47,0
