airflow/data/sales_daily.csv
date,region,product,units_sold,price,revenue,promotion_flag,discount_pct,temperature,rainfall_mm,is_holiday
20-05-2024,South,Cola_Classic,1663,40,66520,0,0,30.03,0.23,0
21-05-2024,South,Cola_Classic,1580,40,63200,0,0,31.34,0.2,0
22-05-2024,South,Cola_Classic,1711,40,68440,0,0,32.53,0.53,0
23-05-2024,South,Cola_Classic,1841,40,73640,0,0,38.72,0.2,0
24-05-2024,South,Cola_Classic,1970,36.69,72281.17,1,8.27,30.32,1.28,0
25-05-2024,South,Cola_Classic,1782,40,71280,0,0,33.16,0.38,0
26-05-2024,South,Cola_Classic,2083,36.82,76702.63,1,7.94,32.09,0.45,0
27-05-2024,South,Cola_Classic,1671,40,66840,0,0,32.36,1.9,0
28-05-2024,South,Cola_Classic,1731,40,69240,0,0,32.7,0.35,0
29-05-2024,South,Cola_Classic,1818,37.68,68504.2,1,5.8,29.14,0.08,0
30-05-2024,South,Cola_Classic,1696,40,67840,0,0,31.05,4.29,0
31-05-2024,South,Cola_Classic,1622,40,64880,0,0,29.66,0.16,0
01-06-2024,South,Cola_Classic,2014,33.81,68085.98,1,15.48,27.96,0.13,0
02-06-2024,South,Cola_Classic,1532,40,61280,0,0,32.57,1.91,0
03-06-2024,South,Cola_Classic,2270,33.56,76180.48,1,16.1,32.97,0.84,0
04-06-2024,South,Cola_Classic,1815,40,72600,0,0,38.48,0.87,0
05-06-2024,South,Cola_Classic,1625,40,65000,0,0,30.03,0.79,0
06-06-2024,South,Cola_Classic,2284,33.43,76347.27,1,16.43,33.86,1.49,0
07-06-2024,South,Cola_Classic,1863,37.31,69512,1,6.72,29.78,0.39,0
08-06-2024,South,Cola_Classic,1645,40,65800,0,0,29.36,0.05,0
09-06-2024,South,Cola_Classic,1651,40,66040,0,0,32.03,2.7,0
10-06-2024,South,Cola_Classic,1703,40,68120,0,0,33.77,0.44,0
11-06-2024,South,Cola_Classic,1523,40,60920,0,0,27.68,0.69,0
12-06-2024,South,Cola_Classic,1703,40,68120,0,0,31.83,0.73,0
13-06-2024,South,Cola_Classic,2343,32.2,75445.22,1,19.5,35.88,0.15,0
14-06-2024,South,Cola_Classic,1726,40,69040,0,0,30.57,0.22,0
15-06-2024,South,Cola_Classic,1553,40,62120,0,0,31.26,3.13,0
16-06-2024,South,Cola_Classic,1789,40,71560,0,0,35.64,0.86,0
17-06-2024,South,Cola_Classic,1893,35.97,68084.48,1,10.08,29.52,0.22,0
18-06-2024,South,Cola_Classic,1833,40,73320,0,0,38.17,0.68,0
19-06-2024,South,Cola_Classic,1728,40,69120,0,0,35.33,0.84,0
20-06-2024,South,Cola_Classic,1547,40,61880,0,0,31.78,1.85,0
21-06-2024,South,Cola_Classic,1813,40,72520,0,0,35.88,0.17,0
22-06-2024,South,Cola_Classic,1664,40,66560,0,0,31.04,7.34,0
23-06-2024,South,Cola_Classic,1744,40,69760,0,0,34.06,0.81,0
24-06-2024,South,Cola_Classic,1516,40,60640,0,0,31.84,5.23,0
25-06-2024,South,Cola_Classic,1402,40,56080,0,0,24.86,0.18,0
26-06-2024,South,Cola_Classic,1831,40,73240,0,0,35.62,0.74,0
27-06-2024,South,Cola_Classic,1609,40,64360,0,0,27.36,1.37,0
28-06-2024,South,Cola_Classic,1727,40,69080,0,0,33.04,0.07,0
29-06-2024,South,Cola_Classic,2331,32.28,75254.91,1,19.29,31.44,2.01,0
30-06-2024,South,Cola_Classic,1953,35.45,69237.54,1,11.37,28.47,0.3,0
01-07-2024,South,Cola_Classic,1237,40,49480,0,0,28.96,0.1,0
02-07-2024,South,Cola_Classic,1025,40,41000,0,0,23.19,0.2,0
03-07-2024,South,Cola_Classic,1040,40,41600,0,0,21.03,2.71,0
04-07-2024,South,Cola_Classic,1052,40,42080,0,0,23.55,0.07,0
05-07-2024,South,Cola_Classic,1167,37.49,43752.24,1,6.27,24.65,6,0
06-07-2024,South,Cola_Classic,1108,40,44320,0,0,27.1,2.81,0
07-07-2024,South,Cola_Classic,1154,40,46160,0,0,27.21,2.26,0
08-07-2024,South,Cola_Classic,1149,40,45960,0,0,26.69,3.4,0
09-07-2024,South,Cola_Classic,1099,40,43960,0,0,23.46,2.71,0
10-07-2024,South,Cola_Classic,1087,40,43480,0,0,32.12,4.17,0
11-07-2024,South,Cola_Classic,1246,37.81,47105.43,1,5.49,28.29,4,0
12-07-2024,South,Cola_Classic,1087,40,43480,0,0,26.82,1.63,0
13-07-2024,South,Cola_Classic,1219,37.02,45128.88,1,7.45,24.89,3.92,0
14-07-2024,South,Cola_Classic,1082,40,43280,0,0,25.38,1.01,0
15-07-2024,South,Cola_Classic,1160,40,46400,0,0,25.28,1.16,0
16-07-2024,South,Cola_Classic,1449,32.3,46809.85,1,19.24,21.9,0.9,0
17-07-2024,South,Cola_Classic,1175,40,47000,0,0,24.01,1.28,0
18-07-2024,South,Cola_Classic,1161,34.08,39572.44,1,14.79,20.56,8.05,0
19-07-2024,South,Cola_Classic,1072,40,42880,0,0,24.15,0.16,0
20-07-2024,South,Cola_Classic,1108,40,44320,0,0,26.29,1.21,0
21-07-2024,South,Cola_Classic,1007,40,40280,0,0,23.28,1.83,0
22-07-2024,South,Cola_Classic,1285,34.33,44108.78,1,14.19,20.94,0.12,0
23-07-2024,South,Cola_Classic,1328,32.33,42938.11,1,19.17,24.55,12.2,0
24-07-2024,South,Cola_Classic,976,40,39040,0,0,24.33,4.79,0
25-07-2024,South,Cola_Classic,1119,40,44760,0,0,24.21,1.67,0
26-07-2024,South,Cola_Classic,1116,40,44640,0,0,28.06,2.25,0
27-07-2024,South,Cola_Classic,1089,40,43560,0,0,20.7,8.92,0
28-07-2024,South,Cola_Classic,985,40,39400,0,0,25.02,7.77,0
29-07-2024,South,Cola_Classic,1108,40,44320,0,0,26.3,1.47,0
30-07-2024,South,Cola_Classic,1091,40,43640,0,0,23.44,0.13,0
31-07-2024,South,Cola_Classic,1136,40,45440,0,0,25.06,0.14,0
01-08-2024,South,Cola_Classic,1055,40,42200,0,0,21.91,4.23,0
02-08-2024,South,Cola_Classic,1138,40,45520,0,0,28.13,0.1,0
03-08-2024,South,Cola_Classic,1133,37.3,42260.63,1,6.75,22.94,4.5,0
04-08-2024,South,Cola_Classic,1210,37.91,45866.88,1,5.23,24.89,3.57,0
05-08-2024,South,Cola_Classic,1087,40,43480,0,0,23.65,1.97,0
06-08-2024,South,Cola_Classic,1128,40,45120,0,0,23.71,1.47,0
07-08-2024,South,Cola_Classic,1423,34.23,48711.98,1,14.42,25.67,1.2,0
08-08-2024,South,Cola_Classic,1100,40,44000,0,0,25.91,5.07,0
09-08-2024,South,Cola_Classic,1150,40,46000,0,0,23.71,2.49,0
10-08-2024,South,Cola_Classic,1080,40,43200,0,0,24.85,0.93,0
11-08-2024,South,Cola_Classic,974,40,38960,0,0,23.3,1.65,0
12-08-2024,South,Cola_Classic,1207,34.06,41107.47,1,14.86,24,6.4,0
13-08-2024,South,Cola_Classic,1178,37.37,44022.41,1,6.57,24.41,3.15,0
14-08-2024,South,Cola_Classic,1217,36.27,44136.06,1,9.33,18.32,0,0
15-08-2024,South,Cola_Classic,1279,37.16,47533.18,1,7.09,22.47,2.15,0
16-08-2024,South,Cola_Classic,1027,40,41080,0,0,22.38,4.8,0
17-08-2024,South,Cola_Classic,983,40,39320,0,0,25.36,11.09,0
18-08-2024,South,Cola_Classic,1122,40,44880,0,0,28.47,0.27,0
19-08-2024,South,Cola_Classic,1180,40,47200,0,0,27.79,3.19,0
20-08-2024,South,Cola_Classic,1139,40,45560,0,0,24.25,0.39,0
21-08-2024,South,Cola_Classic,1157,40,46280,0,0,28.48,0.31,0
22-08-2024,South,Cola_Classic,1091,40,43640,0,0,27.34,7.13,0
23-08-2024,South,Cola_Classic,1202,40,48080,0,0,22.89,0.78,0
24-08-2024,South,Cola_Classic,979,40,39160,0,0,21.91,1.87,0
25-08-2024,South,Cola_Classic,1024,40,40960,0,0,24.75,6.94,0
26-08-2024,South,Cola_Classic,1172,36.73,43046.96,1,8.18,28.17,7.08,0
27-08-2024,South,Cola_Classic,1141,40,45640,0,0,26.23,0.78,0
28-08-2024,South,Cola_Classic,1119,40,44760,0,0,27.03,1.57,0
29-08-2024,South,Cola_Classic,947,40,37880,0,0,24.29,5.56,0
30-08-2024,South,Cola_Classic,1428,33.35,47618.45,1,16.63,23.8,1.28,0
31-08-2024,South,Cola_Classic,1088,40,43520,0,0,24.71,4.28,0
01-09-2024,South,Cola_Classic,1508,33.21,50080.58,1,16.98,24.4,2,0
02-09-2024,South,Cola_Classic,1124,40,44960,0,0,27.48,0.01,0
03-09-2024,South,Cola_Classic,1387,33.4,46324.9,1,16.5,24.99,3.23,0
04-09-2024,South,Cola_Classic,1150,40,46000,0,0,27.47,0.92,0
05-09-2024,South,Cola_Classic,1366,34.86,47620.94,1,12.85,20.78,0.57,0
06-09-2024,South,Cola_Classic,1160,40,46400,0,0,27.41,1.74,0
07-09-2024,South,Cola_Classic,1301,35.84,46629.33,1,10.4,25.22,1.98,0
08-09-2024,South,Cola_Classic,1156,40,46240,0,0,23.42,1.44,0
09-09-2024,South,Cola_Classic,1487,33.2,49366.17,1,17,24.03,0.71,0
10-09-2024,South,Cola_Classic,1580,32.01,50580.22,1,19.97,28.21,0.25,0
11-09-2024,South,Cola_Classic,1334,34.01,45366.21,1,14.98,23,1.78,0
12-09-2024,South,Cola_Classic,1126,40,45040,0,0,22.81,0.8,0
13-09-2024,South,Cola_Classic,1064,40,42560,0,0,23.95,0.12,0
14-09-2024,South,Cola_Classic,1262,40,50480,0,0,26.62,0.63,0
15-09-2024,South,Cola_Classic,1109,40,44360,0,0,28.75,0.24,0
16-09-2024,South,Cola_Classic,1163,40,46520,0,0,28.95,0.46,0
17-09-2024,South,Cola_Classic,1360,33.31,45299.42,1,16.73,24.09,0.3,0
18-09-2024,South,Cola_Classic,1134,40,45360,0,0,24.73,0.21,0
19-09-2024,South,Cola_Classic,1141,40,45640,0,0,24.51,0.2,0
20-09-2024,South,Cola_Classic,1101,40,44040,0,0,25.51,1.08,0
21-09-2024,South,Cola_Classic,1132,40,45280,0,0,26.66,2.86,0
22-09-2024,South,Cola_Classic,1150,40,46000,0,0,24.12,0.07,0
23-09-2024,South,Cola_Classic,1057,40,42280,0,0,22.79,1.98,0
24-09-2024,South,Cola_Classic,1100,40,44000,0,0,25.75,0.88,0
25-09-2024,South,Cola_Classic,1117,40,44680,0,0,24.09,3.32,0
26-09-2024,South,Cola_Classic,960,40,38400,0,0,20.42,0.58,0
27-09-2024,South,Cola_Classic,1125,40,45000,0,0,23.93,1.26,0
28-09-2024,South,Cola_Classic,1149,40,45960,0,0,26.55,1.09,0
29-09-2024,South,Cola_Classic,1130,40,45200,0,0,27.14,0.5,0
30-09-2024,South,Cola_Classic,1061,40,42440,0,0,19.75,1.42,0
01-10-2024,South,Cola_Classic,1181,40,47240,0,0,27.29,0.22,1
02-10-2024,South,Cola_Classic,1129,40,45160,0,0,23.44,0.11,1
03-10-2024,South,Cola_Classic,1128,40,45120,0,0,22.83,2.21,1
04-10-2024,South,Cola_Classic,1187,40,47480,0,0,27,0.26,1
05-10-2024,South,Cola_Classic,1157,40,46280,0,0,25.74,0.76,1
06-10-2024,South,Cola_Classic,1208,40,48320,0,0,26.38,1.19,1
07-10-2024,South,Cola_Classic,1076,40,43040,0,0,24.44,0.81,1
08-10-2024,South,Cola_Classic,1399,32.71,45764.17,1,18.22,22.67,0.26,1
09-10-2024,South,Cola_Classic,1092,40,43680,0,0,25.45,0.53,1
10-10-2024,South,Cola_Classic,1246,40,49840,0,0,27.64,0.09,1
11-10-2024,South,Cola_Classic,1230,40,49200,0,0,29.63,0.38,1
12-10-2024,South,Cola_Classic,1119,40,44760,0,0,24.5,0.16,1
13-10-2024,South,Cola_Classic,1326,34.76,46093.18,1,13.1,24.7,0.07,1
14-10-2024,South,Cola_Classic,1209,40,48360,0,0,24.94,0.12,1
15-10-2024,South,Cola_Classic,1056,40,42240,0,0,25.29,0.72,1
16-10-2024,South,Cola_Classic,1145,40,45800,0,0,27.27,0.26,1
17-10-2024,South,Cola_Classic,1165,40,46600,0,0,21.31,0.7,1
18-10-2024,South,Cola_Classic,1145,40,45800,0,0,28.44,1.38,1
19-10-2024,South,Cola_Classic,1349,32.95,44442.98,1,17.64,23.7,0.1,1
20-10-2024,South,Cola_Classic,1138,40,45520,0,0,26.87,0.65,1
21-10-2024,South,Cola_Classic,1040,40,41600,0,0,20.69,0.04,1
22-10-2024,South,Cola_Classic,1533,35.02,53690.26,1,12.44,26.67,0.65,1
23-10-2024,South,Cola_Classic,1372,35.36,48517.09,1,11.59,22.34,1.03,1
24-10-2024,South,Cola_Classic,1417,34.39,48725.44,1,14.03,24.29,0.82,1
25-10-2024,South,Cola_Classic,1109,40,44360,0,0,27.05,0.79,1
26-10-2024,South,Cola_Classic,1034,40,41360,0,0,23.7,0.07,1
27-10-2024,South,Cola_Classic,1054,40,42160,0,0,22.59,1.85,1
28-10-2024,South,Cola_Classic,1193,40,47720,0,0,30.1,0.05,1
29-10-2024,South,Cola_Classic,1045,40,41800,0,0,25.37,2.55,1
30-10-2024,South,Cola_Classic,1546,33.43,51680.4,1,16.43,23.82,1.3,1
31-10-2024,South,Cola_Classic,1130,40,45200,0,0,22.02,0.51,1
01-11-2024,South,Cola_Classic,1310,37.52,49149.17,1,6.2,28.08,2.55,1
02-11-2024,South,Cola_Classic,1065,40,42600,0,0,23.2,2.22,1
03-11-2024,South,Cola_Classic,1198,40,47920,0,0,25.59,0.53,1
04-11-2024,South,Cola_Classic,970,40,38800,0,0,20.3,1.32,1
05-11-2024,South,Cola_Classic,1363,37.52,51135.46,1,6.21,25.69,0.61,1
06-11-2024,South,Cola_Classic,1303,35.66,46460.94,1,10.86,23.31,0.26,1
07-11-2024,South,Cola_Classic,1219,37.11,45234.53,1,7.23,23.05,0.74,1
08-11-2024,South,Cola_Classic,1179,40,47160,0,0,29.82,3.57,1
09-11-2024,South,Cola_Classic,1033,40,41320,0,0,21.21,0.92,1
10-11-2024,South,Cola_Classic,1164,40,46560,0,0,26.95,0.62,1
11-11-2024,South,Cola_Classic,1255,40,50200,0,0,29.2,1.54,1
12-11-2024,South,Cola_Classic,1110,40,44400,0,0,25.09,1.36,1
13-11-2024,South,Cola_Classic,1078,40,43120,0,0,23.87,1.38,1
14-11-2024,South,Cola_Classic,1238,40,49520,0,0,25.42,0.01,1
15-11-2024,South,Cola_Classic,979,40,39160,0,0,21.33,1.16,1
16-11-2024,South,Cola_Classic,1416,33.62,47605.12,1,15.95,23.56,2.65,1
17-11-2024,South,Cola_Classic,1289,37,47692.03,1,7.5,23.41,0.08,1
18-11-2024,South,Cola_Classic,1332,36.16,48171.09,1,9.59,27.34,0.82,1
19-11-2024,South,Cola_Classic,1073,40,42920,0,0,23.43,2.47,1
20-11-2024,South,Cola_Classic,1141,40,45640,0,0,25.39,0.12,1
21-11-2024,South,Cola_Classic,1392,32.77,45620.73,1,18.07,20.57,0.32,1
22-11-2024,South,Cola_Classic,1169,40,46760,0,0,28.4,0.16,1
23-11-2024,South,Cola_Classic,1141,40,45640,0,0,23.42,0.61,1
24-11-2024,South,Cola_Classic,1524,33.82,51544.6,1,15.45,27.84,1.21,1
25-11-2024,South,Cola_Classic,1207,40,48280,0,0,32.56,0.15,1
26-11-2024,South,Cola_Classic,1140,40,45600,0,0,25.98,3.44,1
27-11-2024,South,Cola_Classic,1141,40,45640,0,0,25.53,1.41,1
28-11-2024,South,Cola_Classic,1208,40,48320,0,0,25.2,2.51,1
29-11-2024,South,Cola_Classic,1257,40,50280,0,0,31.48,2.09,1
30-11-2024,South,Cola_Classic,1100,40,44000,0,0,30.37,1.77,1
01-12-2024,South,Cola_Classic,1081,40,43240,0,0,30.17,3.76,0
02-12-2024,South,Cola_Classic,1051,40,42040,0,0,27.91,0.54,0
03-12-2024,South,Cola_Classic,918,40,36720,0,0,21.65,1.12,0
04-12-2024,South,Cola_Classic,879,40,35160,0,0,25.62,0.31,0
05-12-2024,South,Cola_Classic,986,40,39440,0,0,24.02,0.44,0
06-12-2024,South,Cola_Classic,1019,40,40760,0,0,25.79,0.47,0
07-12-2024,South,Cola_Classic,1229,35.36,43459.48,1,11.6,27.01,2.64,0
08-12-2024,South,Cola_Classic,962,40,38480,0,0,24.5,0.33,0
09-12-2024,South,Cola_Classic,988,40,39520,0,0,23.97,1.88,0
10-12-2024,South,Cola_Classic,1013,40,40520,0,0,27.78,1.82,0
11-12-2024,South,Cola_Classic,987,40,39480,0,0,22.27,0.24,0
12-12-2024,South,Cola_Classic,1190,37.9,45098.84,1,5.25,30.69,0.25,0
13-12-2024,South,Cola_Classic,940,40,37600,0,0,25.66,1.85,0
14-12-2024,South,Cola_Classic,918,40,36720,0,0,23.96,1.48,0
15-12-2024,South,Cola_Classic,944,40,37760,0,0,26.77,2.33,0
16-12-2024,South,Cola_Classic,1086,37.88,41140.66,1,5.29,23.96,0.35,0
17-12-2024,South,Cola_Classic,948,40,37920,0,0,23.38,1.33,0
18-12-2024,South,Cola_Classic,1473,34.04,50139.48,1,14.9,30.19,0.05,0
19-12-2024,South,Cola_Classic,1323,32.8,43395.74,1,18,21.34,1.14,0
20-12-2024,South,Cola_Classic,1340,35.05,46965.46,1,12.38,31.94,0.12,0
21-12-2024,South,Cola_Classic,940,40,37600,0,0,20.73,0.16,0
22-12-2024,South,Cola_Classic,1053,37.83,39830.4,1,5.44,26.48,0.41,0
23-12-2024,South,Cola_Classic,1303,34.15,44497.21,1,14.63,28.32,0.09,0
24-12-2024,South,Cola_Classic,1160,35.45,41118.6,1,11.38,20.33,1.42,0
25-12-2024,South,Cola_Classic,952,40,38080,0,0,19.02,1.39,0
26-12-2024,South,Cola_Classic,1237,37.09,45878.28,1,7.28,30.15,0.01,0
27-12-2024,South,Cola_Classic,960,40,38400,0,0,25.25,0.04,0
28-12-2024,South,Cola_Classic,906,40,36240,0,0,27.74,2.5,0
29-12-2024,South,Cola_Classic,1197,36.15,43271.14,1,9.63,25.06,0.97,0
30-12-2024,South,Cola_Classic,890,40,35600,0,0,23.51,0.82,0
31-12-2024,South,Cola_Classic,901,40,36040,0,0,22.68,1.68,0
01-01-2024,South,Cola_Zero,611,45,27495,0,0,22.48,0.3,0
02-01-2024,South,Cola_Zero,847,38.27,32415.53,1,14.95,19.28,0.56,0
03-01-2024,South,Cola_Zero,755,45,33975,0,0,28.06,1.64,0
04-01-2024,South,Cola_Zero,586,45,26370,0,0,20.82,0.02,0
05-01-2024,South,Cola_Zero,743,45,33435,0,0,28.8,0.39,0
06-01-2024,South,Cola_Zero,751,45,33795,0,0,26.61,0.38,0
07-01-2024,South,Cola_Zero,605,45,27225,0,0,28.54,1.82,0
08-01-2024,South,Cola_Zero,610,45,27450,0,0,19.12,0.19,0
09-01-2024,South,Cola_Zero,596,45,26820,0,0,27.2,3.14,0
10-01-2024,South,Cola_Zero,566,45,25470,0,0,21.63,0.34,0
11-01-2024,South,Cola_Zero,734,42.3,31046.21,1,6.01,22.49,0.01,0
12-01-2024,South,Cola_Zero,757,45,34065,0,0,26.08,0.78,0
13-01-2024,South,Cola_Zero,745,45,33525,0,0,20.05,0.81,0
14-01-2024,South,Cola_Zero,657,45,29565,0,0,25.68,2.05,0
15-01-2024,South,Cola_Zero,745,45,33525,0,0,30.72,0.1,0
16-01-2024,South,Cola_Zero,857,36.13,30964.47,1,19.71,21.63,0.4,0
17-01-2024,South,Cola_Zero,731,45,32895,0,0,26.96,2.3,0
18-01-2024,South,Cola_Zero,732,45,32940,0,0,26.99,1.05,0
19-01-2024,South,Cola_Zero,650,45,29250,0,0,23.92,1.85,0
20-01-2024,South,Cola_Zero,668,45,30060,0,0,27.95,1.08,0
21-01-2024,South,Cola_Zero,669,45,30105,0,0,25.39,0.52,0
22-01-2024,South,Cola_Zero,687,45,30915,0,0,26.36,1.62,0
23-01-2024,South,Cola_Zero,708,45,31860,0,0,30.34,0.74,0
24-01-2024,South,Cola_Zero,626,45,28170,0,0,27.28,6.92,0
25-01-2024,South,Cola_Zero,923,36.46,33654.1,1,18.97,29.57,0.76,0
26-01-2024,South,Cola_Zero,773,41.76,32280.67,1,7.2,24.21,2.3,0
27-01-2024,South,Cola_Zero,618,45,27810,0,0,25.15,2.32,0
28-01-2024,South,Cola_Zero,831,41.98,34888.03,1,6.7,29.19,0.18,0
29-01-2024,South,Cola_Zero,856,37.79,32346.11,1,16.03,26.53,0.54,0
30-01-2024,South,Cola_Zero,757,40.27,30486.15,1,10.51,26.13,0.16,0
31-01-2024,South,Cola_Zero,731,45,32895,0,0,23.58,0.1,0
01-02-2024,South,Cola_Zero,733,45,32985,0,0,25.53,0.5,0
02-02-2024,South,Cola_Zero,744,45,33480,0,0,28.08,0.23,0
03-02-2024,South,Cola_Zero,814,42.2,34353.36,1,6.22,26.4,0.44,0
04-02-2024,South,Cola_Zero,772,45,34740,0,0,22.4,0.57,0
05-02-2024,South,Cola_Zero,857,41.82,35840.54,1,7.06,28.36,2.69,0
06-02-2024,South,Cola_Zero,694,45,31230,0,0,26.26,1.38,0
07-02-2024,South,Cola_Zero,731,45,32895,0,0,29.27,0.59,0
08-02-2024,South,Cola_Zero,1047,38.02,39806.67,1,15.51,28.79,0.46,0
09-02-2024,South,Cola_Zero,775,45,34875,0,0,22.58,1.47,0
10-02-2024,South,Cola_Zero,961,45,43245,0,0,29.63,0.35,0
11-02-2024,South,Cola_Zero,790,45,35550,0,0,29.06,1.69,0
12-02-2024,South,Cola_Zero,797,45,35865,0,0,27.33,1.26,0
13-02-2024,South,Cola_Zero,851,36.19,30797.85,1,19.58,21.52,2.36,0
14-02-2024,South,Cola_Zero,687,45,30915,0,0,29.46,0.02,0
15-02-2024,South,Cola_Zero,647,45,29115,0,0,25.28,0.77,0
16-02-2024,South,Cola_Zero,868,42.26,36679.39,1,6.09,24.39,0.87,0
17-02-2024,South,Cola_Zero,783,45,35235,0,0,25.52,0.45,0
18-02-2024,South,Cola_Zero,760,45,34200,0,0,26.58,2.65,0
19-02-2024,South,Cola_Zero,833,45,37485,0,0,25.22,0.82,0
20-02-2024,South,Cola_Zero,727,45,32715,0,0,20.35,0.22,0
21-02-2024,South,Cola_Zero,849,45,38205,0,0,26.95,0.22,0
22-02-2024,South,Cola_Zero,681,45,30645,0,0,21.76,1.9,0
23-02-2024,South,Cola_Zero,851,45,38295,0,0,28.31,1.84,0
24-02-2024,South,Cola_Zero,729,45,32805,0,0,21.26,0.9,0
25-02-2024,South,Cola_Zero,822,45,36990,0,0,20.91,1.07,0
26-02-2024,South,Cola_Zero,806,45,36270,0,0,25.68,0.38,0
27-02-2024,South,Cola_Zero,792,41.01,32479.98,1,8.87,20.57,0.68,0
28-02-2024,South,Cola_Zero,846,45,38070,0,0,28.13,0.49,0
29-02-2024,South,Cola_Zero,663,45,29835,0,0,21.11,0.31,0
01-03-2024,South,Cola_Zero,991,45,44595,0,0,22.1,0.72,0
