airflow/data/sales_daily.csv
date,region,product,units_sold,price,revenue,promotion_flag,discount_pct,temperature,rainfall_mm,is_holiday
02-03-2024,South,Cola_Zero,960,45,43200,0,0,25.64,1.34,0
03-03-2024,South,Cola_Zero,1055,45,47475,0,0,25.47,0.04,0
04-03-2024,South,Cola_Zero,1090,45,49050,0,0,26.15,0.74,0
05-03-2024,South,Cola_Zero,923,45,41535,0,0,23.63,0.13,0
06-03-2024,South,Cola_Zero,1333,36.77,49010.76,1,18.29,27.01,0.61,0
07-03-2024,South,Cola_Zero,974,45,43830,0,0,25.39,4.31,0
08-03-2024,South,Cola_Zero,1170,45,52650,0,0,32.89,0.63,0
09-03-2024,South,Cola_Zero,970,45,43650,0,0,24.28,0.61,0
10-03-2024,South,Cola_Zero,964,45,43380,0,0,21.19,0.11,0
11-03-2024,South,Cola_Zero,1016,45,45720,0,0,23.77,0.28,0
12-03-2024,South,Cola_Zero,1105,45,49725,0,0,29.41,0.12,0
13-03-2024,South,Cola_Zero,1028,45,46260,0,0,24.9,0.07,0
14-03-2024,South,Cola_Zero,1017,45,45765,0,0,23.84,0.17,0
15-03-2024,South,Cola_Zero,950,45,42750,0,0,19.28,0.61,0
16-03-2024,South,Cola_Zero,1229,40.75,50076.81,1,9.45,24.74,1.11,0
17-03-2024,South,Cola_Zero,1024,45,46080,0,0,22.43,1.44,0
18-03-2024,South,Cola_Zero,1061,45,47745,0,0,24.4,0.21,0
19-03-2024,South,Cola_Zero,1215,38.11,46302.21,1,15.31,21.21,0.25,0
20-03-2024,South,Cola_Zero,1336,37.83,50540.66,1,15.93,27.38,1.02,0
21-03-2024,South,Cola_Zero,1343,38.67,51937.68,1,14.06,27.5,1.01,0
22-03-2024,South,Cola_Zero,1036,45,46620,0,0,28.28,0.16,0
23-03-2024,South,Cola_Zero,957,45,43065,0,0,21.61,2.75,0
24-03-2024,South,Cola_Zero,1426,36.23,51659.51,1,19.5,29.19,1.09,0
25-03-2024,South,Cola_Zero,1298,40.14,52099.21,1,10.8,29.2,1.63,0
26-03-2024,South,Cola_Zero,1211,40.78,49385.37,1,9.38,23.9,1.64,0
27-03-2024,South,Cola_Zero,1069,45,48105,0,0,25.32,0.14,0
28-03-2024,South,Cola_Zero,1116,41.12,45888.84,1,8.62,23.76,3.3,0
29-03-2024,South,Cola_Zero,1028,45,46260,0,0,28.56,0.21,0
30-03-2024,South,Cola_Zero,1346,37.18,50038.12,1,17.39,27.72,0.24,0
31-03-2024,South,Cola_Zero,998,45,44910,0,0,23.94,0.69,0
01-04-2024,South,Cola_Zero,1320,42.3,55833.26,1,6,31.13,0.45,0
02-04-2024,South,Cola_Zero,1098,45,49410,0,0,32.42,0.42,0
03-04-2024,South,Cola_Zero,1254,42.04,52718.72,1,6.58,36,0.04,0
04-04-2024,South,Cola_Zero,1222,41.11,50240.88,1,8.64,30.9,1.46,0
05-04-2024,South,Cola_Zero,1059,45,47655,0,0,29.62,0.01,0
06-04-2024,South,Cola_Zero,1449,39.44,57149.93,1,12.35,31.73,1.27,0
07-04-2024,South,Cola_Zero,1218,45,54810,0,0,30.73,2.07,0
08-04-2024,South,Cola_Zero,1094,45,49230,0,0,31.17,0.7,0
09-04-2024,South,Cola_Zero,962,45,43290,0,0,30.49,0.92,0
10-04-2024,South,Cola_Zero,1173,45,52785,0,0,33.43,0.43,0
11-04-2024,South,Cola_Zero,1076,45,48420,0,0,34.27,1.32,0
12-04-2024,South,Cola_Zero,1209,45,54405,0,0,38.93,0.41,0
13-04-2024,South,Cola_Zero,1161,45,52245,0,0,32.6,0.48,0
14-04-2024,South,Cola_Zero,1056,45,47520,0,0,26.72,0.03,0
15-04-2024,South,Cola_Zero,1316,42.18,55511.31,1,6.26,30.29,0.21,0
16-04-2024,South,Cola_Zero,1267,45,57015,0,0,35.06,2.21,0
17-04-2024,South,Cola_Zero,1536,37.2,57136.92,1,17.34,31.76,0.37,0
18-04-2024,South,Cola_Zero,1170,45,52650,0,0,28.75,2.34,0
19-04-2024,South,Cola_Zero,890,45,40050,0,0,25.69,0.48,0
20-04-2024,South,Cola_Zero,1476,36.15,53354.84,1,19.67,32.38,3.39,0
21-04-2024,South,Cola_Zero,1485,36.78,54625.16,1,18.26,28.63,0.13,0
22-04-2024,South,Cola_Zero,1152,45,51840,0,0,32.28,0.96,0
23-04-2024,South,Cola_Zero,1030,45,46350,0,0,28.43,1.38,0
24-04-2024,South,Cola_Zero,1411,37.97,53581.49,1,15.61,32.73,1.33,0
25-04-2024,South,Cola_Zero,1447,38,54985.51,1,15.56,34.31,0.11,0
26-04-2024,South,Cola_Zero,1210,45,54450,0,0,31.17,0.2,0
27-04-2024,South,Cola_Zero,1113,45,50085,0,0,34.24,0.75,0
28-04-2024,South,Cola_Zero,1290,41.26,53231.76,1,8.3,30.62,0.69,0
29-04-2024,South,Cola_Zero,1182,45,53190,0,0,32.79,2.22,0
30-04-2024,South,Cola_Zero,1075,45,48375,0,0,27.79,0.64,0
01-05-2024,South,Cola_Zero,1198,45,53910,0,0,35.58,0.75,0
02-05-2024,South,Cola_Zero,1166,45,52470,0,0,35.41,0.98,0
03-05-2024,South,Cola_Zero,1093,45,49185,0,0,35.32,0.15,0
04-05-2024,South,Cola_Zero,1218,45,54810,0,0,33.87,0.97,0
05-05-2024,South,Cola_Zero,1005,45,45225,0,0,28.95,0.23,0
06-05-2024,South,Cola_Zero,1141,45,51345,0,0,31.11,0.62,0
07-05-2024,South,Cola_Zero,1159,45,52155,0,0,33.98,0.1,0
08-05-2024,South,Cola_Zero,1329,40.44,53744.72,1,10.13,32.61,2.9,0
09-05-2024,South,Cola_Zero,1154,42.27,48781.98,1,6.06,29.88,1.47,0
10-05-2024,South,Cola_Zero,1600,36.08,57732.67,1,19.82,33.26,1.41,0
11-05-2024,South,Cola_Zero,1367,37.58,51372.79,1,16.49,33.45,1.58,0
12-05-2024,South,Cola_Zero,1296,37.93,49152.82,1,15.72,26.72,1.93,0
13-05-2024,South,Cola_Zero,1112,45,50040,0,0,33.55,0.28,0
14-05-2024,South,Cola_Zero,1308,38.63,50523.91,1,14.16,32.57,1.8,0
15-05-2024,South,Cola_Zero,1085,45,48825,0,0,30.8,2.58,0
16-05-2024,South,Cola_Zero,1017,45,45765,0,0,29.04,0.95,0
17-05-2024,South,Cola_Zero,1121,45,50445,0,0,31.74,0.05,0
18-05-2024,South,Cola_Zero,1201,45,54045,0,0,31.69,0.51,0
19-05-2024,South,Cola_Zero,1178,45,53010,0,0,31.59,0.13,0
20-05-2024,South,Cola_Zero,1147,45,51615,0,0,29.37,1.2,0
21-05-2024,South,Cola_Zero,1449,37.92,54951.2,1,15.73,30.78,0.12,0
22-05-2024,South,Cola_Zero,1283,45,57735,0,0,38.88,0.16,0
23-05-2024,South,Cola_Zero,928,45,41760,0,0,26.68,0.63,0
24-05-2024,South,Cola_Zero,1141,45,51345,0,0,30.5,0.68,0
25-05-2024,South,Cola_Zero,1135,45,51075,0,0,33.25,0.07,0
26-05-2024,South,Cola_Zero,1131,45,50895,0,0,33.24,0.47,0
27-05-2024,South,Cola_Zero,1442,41.52,59867.06,1,7.74,36.66,0.75,0
28-05-2024,South,Cola_Zero,1101,45,49545,0,0,29.01,0.87,0
29-05-2024,South,Cola_Zero,1086,45,48870,0,0,32.83,3.47,0
30-05-2024,South,Cola_Zero,1125,45,50625,0,0,27.8,1.33,0
31-05-2024,South,Cola_Zero,1161,45,52245,0,0,34.95,0.16,0
01-06-2024,South,Cola_Zero,1123,45,50535,0,0,32.87,6.66,0
02-06-2024,South,Cola_Zero,1065,45,47925,0,0,30.93,0.53,0
03-06-2024,South,Cola_Zero,1421,39.43,56024.82,1,12.39,31.4,0.11,0
04-06-2024,South,Cola_Zero,1082,45,48690,0,0,33.42,1.66,0
05-06-2024,South,Cola_Zero,1112,45,50040,0,0,32.4,0.98,0
06-06-2024,South,Cola_Zero,1137,45,51165,0,0,32.64,0.3,0
07-06-2024,South,Cola_Zero,1098,45,49410,0,0,30.42,0.67,0
08-06-2024,South,Cola_Zero,1118,45,50310,0,0,29.56,0.3,0
09-06-2024,South,Cola_Zero,1140,45,51300,0,0,31.74,0.15,0
10-06-2024,South,Cola_Zero,1534,36.04,55289.08,1,19.91,33.26,1.63,0
11-06-2024,South,Cola_Zero,1290,41.74,53843.03,1,7.25,34.47,0.43,0
12-06-2024,South,Cola_Zero,1204,45,54180,0,0,35.64,0.88,0
13-06-2024,South,Cola_Zero,1184,45,53280,0,0,37.39,0.84,0
14-06-2024,South,Cola_Zero,1057,45,47565,0,0,32.3,1.1,0
15-06-2024,South,Cola_Zero,1128,45,50760,0,0,30.38,1.15,0
16-06-2024,South,Cola_Zero,1130,45,50850,0,0,32.19,0.14,0
17-06-2024,South,Cola_Zero,1135,45,51075,0,0,31.18,0.09,0
18-06-2024,South,Cola_Zero,1525,38.64,58928.23,1,14.13,34.48,0.17,0
19-06-2024,South,Cola_Zero,1122,45,50490,0,0,29.01,0.07,0
20-06-2024,South,Cola_Zero,1068,45,48060,0,0,29.98,1.12,0
21-06-2024,South,Cola_Zero,1416,40.29,57051.74,1,10.46,30.35,0.63,0
22-06-2024,South,Cola_Zero,1075,45,48375,0,0,31.09,1.36,0
23-06-2024,South,Cola_Zero,1170,45,52650,0,0,32.8,1.35,0
24-06-2024,South,Cola_Zero,1183,45,53235,0,0,33.02,0.39,0
25-06-2024,South,Cola_Zero,1405,37.37,52506.98,1,16.95,30.81,0.11,0
26-06-2024,South,Cola_Zero,1147,45,51615,0,0,32.25,0.4,0
27-06-2024,South,Cola_Zero,1203,45,54135,0,0,34.6,0.77,0
28-06-2024,South,Cola_Zero,1193,45,53685,0,0,31.49,1.41,0
29-06-2024,South,Cola_Zero,1148,45,51660,0,0,30.9,0.41,0
30-06-2024,South,Cola_Zero,1311,41.8,54797.19,1,7.12,32.02,0.61,0
01-07-2024,South,Cola_Zero,738,45,33210,0,0,23.47,1.55,0
02-07-2024,South,Cola_Zero,886,39.28,34804.47,1,12.71,19.66,3.32,0
03-07-2024,South,Cola_Zero,916,41.82,38303.24,1,7.08,25.69,0.01,0
04-07-2024,South,Cola_Zero,885,40.14,35521.82,1,10.81,25.7,0.95,0
05-07-2024,South,Cola_Zero,667,45,30015,0,0,23.39,6.51,0
06-07-2024,South,Cola_Zero,884,36.36,32144.33,1,19.19,27.8,11.83,0
07-07-2024,South,Cola_Zero,777,45,34965,0,0,23.65,0.56,0
08-07-2024,South,Cola_Zero,814,37.89,30845.28,1,15.79,22.8,1.06,0
09-07-2024,South,Cola_Zero,712,45,32040,0,0,22.77,0.86,0
10-07-2024,South,Cola_Zero,724,45,32580,0,0,26.07,4.47,0
11-07-2024,South,Cola_Zero,821,41.26,33874.74,1,8.31,24.54,5.66,0
12-07-2024,South,Cola_Zero,584,45,26280,0,0,18.71,1.19,0
13-07-2024,South,Cola_Zero,918,37.46,34390.02,1,16.75,23.82,5.24,0
14-07-2024,South,Cola_Zero,760,45,34200,0,0,27.35,5.41,0
15-07-2024,South,Cola_Zero,739,45,33255,0,0,25.19,5.13,0
16-07-2024,South,Cola_Zero,749,45,33705,0,0,24.73,0.74,0
17-07-2024,South,Cola_Zero,799,45,35955,0,0,24.71,0.1,0
18-07-2024,South,Cola_Zero,913,39.56,36119.72,1,12.09,29.02,1.13,0
19-07-2024,South,Cola_Zero,638,45,28710,0,0,23.83,3.76,0
20-07-2024,South,Cola_Zero,759,45,34155,0,0,22.08,1.22,0
21-07-2024,South,Cola_Zero,934,40.78,38091.67,1,9.37,32.47,1.8,0
22-07-2024,South,Cola_Zero,754,45,33930,0,0,28.39,1.36,0
23-07-2024,South,Cola_Zero,738,45,33210,0,0,21.28,0.42,0
24-07-2024,South,Cola_Zero,678,45,30510,0,0,23.41,2.57,0
25-07-2024,South,Cola_Zero,838,41.62,34881.06,1,7.5,23.67,2.67,0
26-07-2024,South,Cola_Zero,805,45,36225,0,0,23.28,0.86,0
27-07-2024,South,Cola_Zero,868,45,39060,0,0,26.43,0.17,0
28-07-2024,South,Cola_Zero,777,45,34965,0,0,23.4,0.94,0
29-07-2024,South,Cola_Zero,783,45,35235,0,0,24.49,2.68,0
30-07-2024,South,Cola_Zero,755,45,33975,0,0,25.15,0.94,0
31-07-2024,South,Cola_Zero,964,37.72,36363.86,1,16.17,23.65,0.33,0
01-08-2024,South,Cola_Zero,700,45,31500,0,0,26.49,2.1,0
02-08-2024,South,Cola_Zero,720,45,32400,0,0,27.01,1.01,0
03-08-2024,South,Cola_Zero,917,39.38,36113.1,1,12.48,27.49,0.43,0
04-08-2024,South,Cola_Zero,713,45,32085,0,0,27.66,1.5,0
05-08-2024,South,Cola_Zero,744,45,33480,0,0,28.25,4.4,0
06-08-2024,South,Cola_Zero,767,45,34515,0,0,25.55,1.4,0
07-08-2024,South,Cola_Zero,683,45,30735,0,0,24.64,4.36,0
08-08-2024,South,Cola_Zero,951,38.56,36667.84,1,14.32,25.82,1.78,0
09-08-2024,South,Cola_Zero,738,45,33210,0,0,26.35,0.23,0
10-08-2024,South,Cola_Zero,806,40.32,32498.47,1,10.4,22.68,3.15,0
11-08-2024,South,Cola_Zero,756,45,34020,0,0,25.76,0.64,0
12-08-2024,South,Cola_Zero,1052,38.3,40291.3,1,14.89,29.81,0.06,0
13-08-2024,South,Cola_Zero,833,41.03,34179.33,1,8.82,25.07,1.91,0
14-08-2024,South,Cola_Zero,787,45,35415,0,0,22.43,3.25,0
15-08-2024,South,Cola_Zero,906,41.69,37769.07,1,7.36,30.09,0.64,0
16-08-2024,South,Cola_Zero,868,42.21,36638.62,1,6.2,27.21,1.27,0
17-08-2024,South,Cola_Zero,866,45,38970,0,0,31.1,0.23,0
18-08-2024,South,Cola_Zero,597,45,26865,0,0,24.43,10.14,0
19-08-2024,South,Cola_Zero,1106,36.67,40553.09,1,18.52,30.59,0.03,0
20-08-2024,South,Cola_Zero,764,45,34380,0,0,26.68,1.56,0
21-08-2024,South,Cola_Zero,727,45,32715,0,0,27.14,4.11,0
22-08-2024,South,Cola_Zero,661,45,29745,0,0,26.26,9.43,0
23-08-2024,South,Cola_Zero,781,45,35145,0,0,26.14,0.04,0
24-08-2024,South,Cola_Zero,722,45,32490,0,0,26.27,7.36,0
25-08-2024,South,Cola_Zero,1014,36.61,37123,1,18.64,29.48,0.5,0
26-08-2024,South,Cola_Zero,817,45,36765,0,0,27.35,0.52,0
27-08-2024,South,Cola_Zero,732,45,32940,0,0,22.73,10.28,0
28-08-2024,South,Cola_Zero,783,45,35235,0,0,24.7,2.95,0
29-08-2024,South,Cola_Zero,700,45,31500,0,0,24.4,6.76,0
30-08-2024,South,Cola_Zero,733,45,32985,0,0,24.44,6.07,0
31-08-2024,South,Cola_Zero,799,42.09,33631.15,1,6.46,19.86,1.41,0
01-09-2024,South,Cola_Zero,802,40.53,32508.01,1,9.93,24.41,0.2,0
02-09-2024,South,Cola_Zero,800,45,36000,0,0,28.88,1.5,0
03-09-2024,South,Cola_Zero,794,45,35730,0,0,25.22,0.62,0
04-09-2024,South,Cola_Zero,744,45,33480,0,0,24.13,0.33,0
05-09-2024,South,Cola_Zero,1046,36.13,37797.06,1,19.7,25.82,0.83,0
06-09-2024,South,Cola_Zero,792,45,35640,0,0,27.72,1.58,0
07-09-2024,South,Cola_Zero,677,45,30465,0,0,21.19,5.12,0
08-09-2024,South,Cola_Zero,723,45,32535,0,0,23.14,0.15,0
09-09-2024,South,Cola_Zero,887,40.96,36335.92,1,8.97,28.27,1.47,0
10-09-2024,South,Cola_Zero,923,41.5,38304.17,1,7.78,26.29,0.1,0
11-09-2024,South,Cola_Zero,817,45,36765,0,0,26.11,0.55,0
12-09-2024,South,Cola_Zero,794,45,35730,0,0,25.38,1.23,0
13-09-2024,South,Cola_Zero,757,45,34065,0,0,22.75,0.66,0
14-09-2024,South,Cola_Zero,751,45,33795,0,0,23.96,0.58,0
15-09-2024,South,Cola_Zero,736,45,33120,0,0,24.87,1.38,0
16-09-2024,South,Cola_Zero,806,45,36270,0,0,21.66,0.72,0
17-09-2024,South,Cola_Zero,821,39.46,32396.33,1,12.31,24,2.05,0
18-09-2024,South,Cola_Zero,710,45,31950,0,0,25.05,0.9,0
19-09-2024,South,Cola_Zero,784,41.31,32386.85,1,8.2,23.67,2.45,0
20-09-2024,South,Cola_Zero,912,39.9,36390.6,1,11.33,23.69,2.2,0
21-09-2024,South,Cola_Zero,756,45,34020,0,0,26.7,0.61,0
22-09-2024,South,Cola_Zero,720,45,32400,0,0,26,1.62,0
23-09-2024,South,Cola_Zero,709,45,31905,0,0,22.27,0.43,0
24-09-2024,South,Cola_Zero,860,39.63,34080.05,1,11.94,21.39,0.21,0
25-09-2024,South,Cola_Zero,683,45,30735,0,0,20.64,0.33,0
26-09-2024,South,Cola_Zero,912,38.62,35225.12,1,14.17,25.05,1.44,0
27-09-2024,South,Cola_Zero,814,41.63,33885.41,1,7.49,23.64,1.59,0
28-09-2024,South,Cola_Zero,774,45,34830,0,0,22.37,1.57,0
29-09-2024,South,Cola_Zero,829,45,37305,0,0,28.74,0.26,0
30-09-2024,South,Cola_Zero,719,45,32355,0,0,25.8,2.03,0
01-10-2024,South,Cola_Zero,773,45,34785,0,0,24.37,0.22,1
02-10-2024,South,Cola_Zero,627,45,28215,0,0,23.95,4.72,1
03-10-2024,South,Cola_Zero,934,40.3,37643.79,1,10.44,29.58,0.09,1
04-10-2024,South,Cola_Zero,703,45,31635,0,0,22.21,1.44,1
05-10-2024,South,Cola_Zero,775,45,34875,0,0,30.66,0.66,1
06-10-2024,South,Cola_Zero,669,45,30105,0,0,20.83,2.96,1
07-10-2024,South,Cola_Zero,905,38.12,34495.12,1,15.3,19.04,2.05,1
08-10-2024,South,Cola_Zero,789,41.72,32916.71,1,7.29,21.45,0.25,1
09-10-2024,South,Cola_Zero,730,42.45,30987.42,1,5.67,19.88,0.15,1
10-10-2024,South,Cola_Zero,893,45,40185,0,0,25.73,0.2,1
11-10-2024,South,Cola_Zero,802,45,36090,0,0,24.79,0.28,1
12-10-2024,South,Cola_Zero,790,45,35550,0,0,25.49,2.23,1
13-10-2024,South,Cola_Zero,711,45,31995,0,0,22.8,0.2,1
14-10-2024,South,Cola_Zero,772,45,34740,0,0,22.01,2.18,1
15-10-2024,South,Cola_Zero,745,45,33525,0,0,23.69,0.45,1
16-10-2024,South,Cola_Zero,722,45,32490,0,0,25.49,0.31,1
17-10-2024,South,Cola_Zero,971,39.91,38755.92,1,11.3,26.01,0.13,1
18-10-2024,South,Cola_Zero,711,45,31995,0,0,27.68,0.13,1
19-10-2024,South,Cola_Zero,725,45,32625,0,0,21.26,1.04,1
20-10-2024,South,Cola_Zero,718,45,32310,0,0,19.66,0.29,1
21-10-2024,South,Cola_Zero,799,45,35955,0,0,23.3,0.39,1
22-10-2024,South,Cola_Zero,738,45,33210,0,0,22.73,1.43,1
23-10-2024,South,Cola_Zero,782,45,35190,0,0,22.56,2.71,1
24-10-2024,South,Cola_Zero,716,45,32220,0,0,25.95,0.25,1
25-10-2024,South,Cola_Zero,730,45,32850,0,0,22.82,0.01,1
26-10-2024,South,Cola_Zero,761,45,34245,0,0,25.23,0.17,1
27-10-2024,South,Cola_Zero,927,37.94,35170.91,1,15.69,26.8,3.46,1
28-10-2024,South,Cola_Zero,727,45,32715,0,0,26.23,1.83,1
29-10-2024,South,Cola_Zero,701,45,31545,0,0,23.11,0.76,1
30-10-2024,South,Cola_Zero,785,45,35325,0,0,24.03,2.45,1
31-10-2024,South,Cola_Zero,794,45,35730,0,0,26.38,0.05,1
01-11-2024,South,Cola_Zero,671,45,30195,0,0,20.92,0.84,1
02-11-2024,South,Cola_Zero,795,45,35775,0,0,24.57,2.72,1
03-11-2024,South,Cola_Zero,826,45,37170,0,0,23.75,1.11,1
04-11-2024,South,Cola_Zero,713,45,32085,0,0,28.48,1.81,1
05-11-2024,South,Cola_Zero,723,45,32535,0,0,22.2,1.45,1
06-11-2024,South,Cola_Zero,739,45,33255,0,0,25.35,0.81,1
07-11-2024,South,Cola_Zero,779,45,35055,0,0,22.46,0.89,1
08-11-2024,South,Cola_Zero,777,45,34965,0,0,22.57,0.88,1
09-11-2024,South,Cola_Zero,724,45,32580,0,0,27.59,0.37,1
10-11-2024,South,Cola_Zero,851,45,38295,0,0,28.22,1.44,1
11-11-2024,South,Cola_Zero,782,45,35190,0,0,26.84,1.24,1
12-11-2024,South,Cola_Zero,928,41.95,38927.45,1,6.78,27.17,0.26,1
13-11-2024,South,Cola_Zero,695,45,31275,0,0,22.9,3.13,1
14-11-2024,South,Cola_Zero,802,45,36090,0,0,22.9,1.54,1
15-11-2024,South,Cola_Zero,715,45,32175,0,0,19.87,0.18,1
16-11-2024,South,Cola_Zero,784,45,35280,0,0,27.86,0.4,1
17-11-2024,South,Cola_Zero,1014,36.16,36668.54,1,19.64,27.95,1.65,1
18-11-2024,South,Cola_Zero,794,39.96,31730.63,1,11.19,25.26,0.06,1
19-11-2024,South,Cola_Zero,973,40.19,39108.43,1,10.68,25.63,0.52,1
20-11-2024,South,Cola_Zero,744,45,33480,0,0,20.22,2.01,1
21-11-2024,South,Cola_Zero,796,45,35820,0,0,28.26,1.49,1
22-11-2024,South,Cola_Zero,830,45,37350,0,0,25.54,0.03,1
23-11-2024,South,Cola_Zero,720,45,32400,0,0,22.7,2.41,1
24-11-2024,South,Cola_Zero,685,45,30825,0,0,26.49,0.59,1
25-11-2024,South,Cola_Zero,937,38.67,36234.74,1,14.06,25.37,0.41,1
26-11-2024,South,Cola_Zero,779,45,35055,0,0,21.62,0.17,1
27-11-2024,South,Cola_Zero,804,45,36180,0,0,27.53,2.26,1
28-11-2024,South,Cola_Zero,795,45,35775,0,0,25.61,1.23,1
29-11-2024,South,Cola_Zero,762,45,34290,0,0,23.24,1.21,1
30-11-2024,South,Cola_Zero,752,45,33840,0,0,24.87,3.13,1
01-12-2024,South,Cola_Zero,708,45,31860,0,0,18.27,0.28,0
02-12-2024,South,Cola_Zero,713,45,32085,0,0,27.04,2.09,0
03-12-2024,South,Cola_Zero,675,45,30375,0,0,20.16,0.63,0
04-12-2024,South,Cola_Zero,563,45,25335,0,0,21.5,1.53,0
05-12-2024,South,Cola_Zero,684,45,30780,0,0,23.84,1.73,0
06-12-2024,South,Cola_Zero,588,45,26460,0,0,21.72,2.07,0
07-12-2024,South,Cola_Zero,737,45,33165,0,0,24.91,0.04,0
08-12-2024,South,Cola_Zero,629,45,28305,0,0,26.24,0.22,0
09-12-2024,South,Cola_Zero,700,45,31500,0,0,24.8,0.3,0
10-12-2024,South,Cola_Zero,633,45,28485,0,0,20.44,0.39,0
11-12-2024,South,Cola_Zero,703,45,31635,0,0,27.6,0.58,0
12-12-2024,South,Cola_Zero,637,45,28665,0,0,24.71,1.13,0
13-12-2024,South,Cola_Zero,700,45,31500,0,0,22.13,0.02,0
14-12-2024,South,Cola_Zero,871,37.32,32505.35,1,17.07,20.64,1.33,0
15-12-2024,South,Cola_Zero,776,37.11,28794.91,1,17.54,22.94,2.05,0
16-12-2024,South,Cola_Zero,687,45,30915,0,0,20.61,0.17,0
17-12-2024,South,Cola_Zero,648,45,29160,0,0,28.88,2.78,0
18-12-2024,South,Cola_Zero,566,45,25470,0,0,19.8,0.44,0
19-12-2024,South,Cola_Zero,772,45,34740,0,0,29.64,0.31,0
20-12-2024,South,Cola_Zero,700,45,31500,0,0,31.43,0.83,0
21-12-2024,South,Cola_Zero,598,45,26910,0,0,22.61,1.61,0
22-12-2024,South,Cola_Zero,677,45,30465,0,0,19.7,0.45,0
23-12-2024,South,Cola_Zero,700,45,31500,0,0,25.41,0.52,0
24-12-2024,South,Cola_Zero,694,45,31230,0,0,22.99,0.1,0
25-12-2024,South,Cola_Zero,704,45,31680,0,0,25.03,0.77,0
26-12-2024,South,Cola_Zero,730,45,32850,0,0,23.07,0.17,0
27-12-2024,South,Cola_Zero,628,45,28260,0,0,27.09,0.63,0
28-12-2024,South,Cola_Zero,662,45,29790,0,0,28.21,0.53,0
29-12-2024,South,Cola_Zero,680,45,30600,0,0,21.98,0.42,0
30-12-2024,South,Cola_Zero,724,39.16,28351.14,1,12.98,22.52,2,0
31-12-2024,South,Cola_Zero,563,45,25335,0,0,23.07,0.03,0
