airflow/data/sales_daily.csv
date,region,product,units_sold,price,revenue,promotion_flag,discount_pct,temperature,rainfall_mm,is_holiday
01-01-2024,East,Cola_Classic,1126,35.78,40287.89,1,10.55,22.48,0.17,0
02-01-2024,East,Cola_Classic,1252,33.66,42137.89,1,15.86,24.12,0.03,0
03-01-2024,East,Cola_Classic,1127,40,45080,0,0,31.25,0.03,0
04-01-2024,East,Cola_Classic,1005,40,40200,0,0,23.09,0.13,0
05-01-2024,East,Cola_Classic,1055,40,42200,0,0,23.85,0.42,0
06-01-2024,East,Cola_Classic,1130,40,45200,0,0,26.39,0.11,0
07-01-2024,East,Cola_Classic,861,40,34440,0,0,19.32,0.72,0
08-01-2024,East,Cola_Classic,960,40,38400,0,0,24.13,0.48,0
09-01-2024,East,Cola_Classic,905,40,36200,0,0,23.86,1.35,0
10-01-2024,East,Cola_Classic,854,40,34160,0,0,22.58,1.11,0
11-01-2024,East,Cola_Classic,918,40,36720,0,0,25.78,3.1,0
12-01-2024,East,Cola_Classic,1130,37.28,42126.7,1,6.8,23.21,0.48,0
13-01-2024,East,Cola_Classic,1053,40,42120,0,0,26.17,0.21,0
14-01-2024,East,Cola_Classic,1470,32.44,47687.39,1,18.9,26.68,1.52,0
15-01-2024,East,Cola_Classic,1028,40,41120,0,0,24.27,0.99,0
16-01-2024,East,Cola_Classic,1146,36,41257.79,1,10,19,0.5,0
17-01-2024,East,Cola_Classic,1093,40,43720,0,0,26.8,0.68,0
18-01-2024,East,Cola_Classic,1005,40,40200,0,0,19.31,0.14,0
19-01-2024,East,Cola_Classic,1046,40,41840,0,0,26.61,3.77,0
20-01-2024,East,Cola_Classic,986,40,39440,0,0,23.55,0.14,0
21-01-2024,East,Cola_Classic,1071,40,42840,0,0,22.32,0.1,0
22-01-2024,East,Cola_Classic,1054,40,42160,0,0,26.88,1.11,0
23-01-2024,East,Cola_Classic,1292,37.03,47836.61,1,7.44,24.34,0.22,0
24-01-2024,East,Cola_Classic,1035,40,41400,0,0,26.15,0.92,0
25-01-2024,East,Cola_Classic,1183,35.45,41933.76,1,11.38,25.27,0.19,0
26-01-2024,East,Cola_Classic,1260,34.51,43480.17,1,13.73,21.35,0.85,0
27-01-2024,East,Cola_Classic,1134,40,45360,0,0,26.88,0.23,0
28-01-2024,East,Cola_Classic,975,40,39000,0,0,24.7,2.54,0
29-01-2024,East,Cola_Classic,975,40,39000,0,0,28.34,3.22,0
30-01-2024,East,Cola_Classic,964,40,38560,0,0,19.37,0.15,0
31-01-2024,East,Cola_Classic,1086,34.42,37381.56,1,13.95,22.19,3.71,0
01-02-2024,East,Cola_Classic,1429,32.91,47033.32,1,17.72,28.44,0.03,0
02-02-2024,East,Cola_Classic,1191,40,47640,0,0,25.51,2.39,0
03-02-2024,East,Cola_Classic,1113,40,44520,0,0,24.11,0.69,0
04-02-2024,East,Cola_Classic,1012,40,40480,0,0,22.77,1.32,0
05-02-2024,East,Cola_Classic,1055,40,42200,0,0,23.57,0.47,0
06-02-2024,East,Cola_Classic,1099,40,43960,0,0,24.13,0.57,0
07-02-2024,East,Cola_Classic,1495,32.87,49147.64,1,17.81,21.67,1.57,0
08-02-2024,East,Cola_Classic,1178,40,47120,0,0,27.1,1.29,0
09-02-2024,East,Cola_Classic,1058,40,42320,0,0,26.92,0.82,0
10-02-2024,East,Cola_Classic,1119,40,44760,0,0,22.35,0.43,0
11-02-2024,East,Cola_Classic,1300,33.78,43918.2,1,15.54,25.11,0.03,0
12-02-2024,East,Cola_Classic,1069,40,42760,0,0,22.62,1.22,0
13-02-2024,East,Cola_Classic,1114,40,44560,0,0,25.94,0.93,0
14-02-2024,East,Cola_Classic,1716,32.58,55913.38,1,18.54,31.89,1.22,0
15-02-2024,East,Cola_Classic,1118,40,44720,0,0,25.36,1.42,0
16-02-2024,East,Cola_Classic,1344,36.4,48926.56,1,8.99,27.2,0,0
17-02-2024,East,Cola_Classic,1083,40,43320,0,0,27.39,1.13,0
18-02-2024,East,Cola_Classic,1160,37.69,43718.7,1,5.78,21.26,0.3,0
19-02-2024,East,Cola_Classic,1077,40,43080,0,0,22.06,0.11,0
20-02-2024,East,Cola_Classic,1178,36.42,42898.28,1,8.96,23.08,0.15,0
21-02-2024,East,Cola_Classic,1093,40,43720,0,0,25.19,1.42,0
22-02-2024,East,Cola_Classic,1065,40,42600,0,0,23.83,2.49,0
23-02-2024,East,Cola_Classic,1285,40,51400,0,0,27.61,0.03,0
24-02-2024,East,Cola_Classic,1209,40,48360,0,0,35.26,0.18,0
25-02-2024,East,Cola_Classic,1086,40,43440,0,0,24.43,2.22,0
26-02-2024,East,Cola_Classic,1159,40,46360,0,0,33.52,1.21,0
27-02-2024,East,Cola_Classic,1293,34.87,45091.29,1,12.82,22.06,1.42,0
28-02-2024,East,Cola_Classic,1161,40,46440,0,0,24.1,2.9,0
29-02-2024,East,Cola_Classic,1076,40,43040,0,0,21.62,0.83,0
01-03-2024,East,Cola_Classic,1537,40,61480,0,0,24.49,0.76,0
02-03-2024,East,Cola_Classic,1543,40,61720,0,0,25.19,1.22,0
03-03-2024,East,Cola_Classic,1541,40,61640,0,0,28.15,1.99,0
04-03-2024,East,Cola_Classic,1840,36.96,68008.81,1,7.6,27.58,1.49,0
05-03-2024,East,Cola_Classic,1518,40,60720,0,0,22.39,1.3,0
06-03-2024,East,Cola_Classic,1471,40,58840,0,0,25.03,1.02,0
07-03-2024,East,Cola_Classic,1901,33.7,64056.52,1,15.76,24.22,0.21,0
08-03-2024,East,Cola_Classic,1547,40,61880,0,0,23.6,0.15,0
09-03-2024,East,Cola_Classic,1935,33.45,64722.09,1,16.38,19.99,0.21,0
10-03-2024,East,Cola_Classic,1442,40,57680,0,0,23.13,0.71,0
11-03-2024,East,Cola_Classic,1520,37.89,57599.56,1,5.26,22.73,2.14,0
12-03-2024,East,Cola_Classic,1507,40,60280,0,0,25.26,0.37,0
13-03-2024,East,Cola_Classic,1970,33.24,65486.01,1,16.9,25.7,0.42,0
14-03-2024,East,Cola_Classic,1602,40,64080,0,0,26.58,0.69,0
15-03-2024,East,Cola_Classic,1399,40,55960,0,0,21.27,0.78,0
16-03-2024,East,Cola_Classic,1620,40,64800,0,0,29.89,0.72,0
17-03-2024,East,Cola_Classic,1417,40,56680,0,0,20.05,0.12,0
18-03-2024,East,Cola_Classic,1403,40,56120,0,0,19.78,0.8,0
19-03-2024,East,Cola_Classic,2044,32.25,65916.05,1,19.38,26.77,2.51,0
20-03-2024,East,Cola_Classic,1693,35.83,60667.25,1,10.41,23.73,0.61,0
21-03-2024,East,Cola_Classic,1821,33.81,61571.91,1,15.47,21.6,2.59,0
22-03-2024,East,Cola_Classic,1493,40,59720,0,0,24.14,0.87,0
23-03-2024,East,Cola_Classic,2053,32.86,67462.32,1,17.85,26.19,0.26,0
24-03-2024,East,Cola_Classic,1565,40,62600,0,0,26.35,1.56,0
25-03-2024,East,Cola_Classic,1723,37.49,64596.35,1,6.27,27.7,0.83,0
26-03-2024,East,Cola_Classic,1451,40,58040,0,0,22.28,0.31,0
27-03-2024,East,Cola_Classic,1557,40,62280,0,0,27.98,2.76,0
28-03-2024,East,Cola_Classic,1569,40,62760,0,0,23.48,1,0
29-03-2024,East,Cola_Classic,1939,35.2,68259.22,1,11.99,28.38,0.02,0
30-03-2024,East,Cola_Classic,1867,37.11,69293.06,1,7.21,29.38,0.33,0
31-03-2024,East,Cola_Classic,1883,34.08,64178.46,1,14.79,23.93,1.93,0
01-04-2024,East,Cola_Classic,1886,40,75440,0,0,37.71,0.87,0
02-04-2024,East,Cola_Classic,1836,40,73440,0,0,31.6,0.09,0
03-04-2024,East,Cola_Classic,1500,40,60000,0,0,26.51,1.69,0
04-04-2024,East,Cola_Classic,2104,35.44,74557.39,1,11.41,31.5,0.35,0
05-04-2024,East,Cola_Classic,1665,40,66600,0,0,31.49,0,0
06-04-2024,East,Cola_Classic,1775,40,71000,0,0,31.91,0.46,0
07-04-2024,East,Cola_Classic,1681,40,67240,0,0,33.04,0.62,0
08-04-2024,East,Cola_Classic,1753,40,70120,0,0,34.13,0.11,0
09-04-2024,East,Cola_Classic,1651,40,66040,0,0,31.56,0.2,0
10-04-2024,East,Cola_Classic,1622,40,64880,0,0,33.06,2.86,0
11-04-2024,East,Cola_Classic,1658,40,66320,0,0,34.13,1.3,0
12-04-2024,East,Cola_Classic,1676,40,67040,0,0,32.74,0.81,0
13-04-2024,East,Cola_Classic,1624,40,64960,0,0,29.22,0.68,0
14-04-2024,East,Cola_Classic,1723,40,68920,0,0,32.77,0.97,0
15-04-2024,East,Cola_Classic,1780,40,71200,0,0,36.55,0.31,0
16-04-2024,East,Cola_Classic,2373,32.21,76430.6,1,19.48,32.71,0.24,0
17-04-2024,East,Cola_Classic,1671,40,66840,0,0,32.61,0.17,0
18-04-2024,East,Cola_Classic,1600,40,64000,0,0,29.76,0.66,0
19-04-2024,East,Cola_Classic,2004,36.5,73152.6,1,8.74,32.35,1.66,0
20-04-2024,East,Cola_Classic,1607,40,64280,0,0,29.62,0.5,0
21-04-2024,East,Cola_Classic,1715,40,68600,0,0,30.61,0.03,0
22-04-2024,East,Cola_Classic,1576,40,63040,0,0,31.2,0.42,0
23-04-2024,East,Cola_Classic,1826,40,73040,0,0,36.31,1.07,0
24-04-2024,East,Cola_Classic,1949,36.61,71359.56,1,8.47,34.4,1.12,0
25-04-2024,East,Cola_Classic,1746,40,69840,0,0,33.97,1.45,0
26-04-2024,East,Cola_Classic,1561,40,62440,0,0,28.74,2.9,0
27-04-2024,East,Cola_Classic,1707,40,68280,0,0,33.8,0.16,0
28-04-2024,East,Cola_Classic,1874,36.04,67536.94,1,9.9,28.32,0.42,0
29-04-2024,East,Cola_Classic,1733,40,69320,0,0,31.37,1.29,0
30-04-2024,East,Cola_Classic,1602,40,64080,0,0,27.81,0.87,0
01-05-2024,East,Cola_Classic,1624,40,64960,0,0,28.96,0.14,0
02-05-2024,East,Cola_Classic,1827,40,73080,0,0,32.92,0.94,0
03-05-2024,East,Cola_Classic,1675,40,67000,0,0,30.74,0.6,0
04-05-2024,East,Cola_Classic,1885,40,75400,0,0,39.03,0.5,0
05-05-2024,East,Cola_Classic,1587,40,63480,0,0,27.61,0.94,0
06-05-2024,East,Cola_Classic,1725,40,69000,0,0,33.64,0.22,0
07-05-2024,East,Cola_Classic,2427,32.13,77973.47,1,19.68,33.42,0.51,0
08-05-2024,East,Cola_Classic,1755,40,70200,0,0,33.54,0.73,0
09-05-2024,East,Cola_Classic,1671,40,66840,0,0,32.24,2.97,0
10-05-2024,East,Cola_Classic,1785,40,71400,0,0,34.77,2.05,0
11-05-2024,East,Cola_Classic,2093,35.19,73653,1,12.02,32.06,1.17,0
12-05-2024,East,Cola_Classic,1625,40,65000,0,0,29.9,0.69,0
13-05-2024,East,Cola_Classic,1880,37.38,70268.11,1,6.56,33.28,3.16,0
14-05-2024,East,Cola_Classic,1779,40,71160,0,0,33.42,0.02,0
15-05-2024,East,Cola_Classic,1735,40,69400,0,0,33.51,0.27,0
16-05-2024,East,Cola_Classic,1621,40,64840,0,0,31.24,0.01,0
17-05-2024,East,Cola_Classic,2106,32.56,68576.04,1,18.59,31.55,2.69,0
18-05-2024,East,Cola_Classic,1706,40,68240,0,0,33.44,1.2,0
19-05-2024,East,Cola_Classic,1661,40,66440,0,0,29.55,0,0
20-05-2024,East,Cola_Classic,1702,40,68080,0,0,31.13,0.6,0
21-05-2024,East,Cola_Classic,1584,40,63360,0,0,31.72,0.62,0
22-05-2024,East,Cola_Classic,1678,40,67120,0,0,29.35,1.47,0
23-05-2024,East,Cola_Classic,2359,33.09,78055.15,1,17.28,36.26,0.04,0
24-05-2024,East,Cola_Classic,1648,40,65920,0,0,28.55,0.57,0
25-05-2024,East,Cola_Classic,2076,34.72,72076.6,1,13.2,34.07,4.27,0
26-05-2024,East,Cola_Classic,1860,36.05,67045.76,1,9.88,31.08,2.17,0
27-05-2024,East,Cola_Classic,1735,40,69400,0,0,32.76,0.3,0
28-05-2024,East,Cola_Classic,1797,40,71880,0,0,39.13,0.07,0
29-05-2024,East,Cola_Classic,1656,40,66240,0,0,33.79,1.92,0
30-05-2024,East,Cola_Classic,1605,40,64200,0,0,32.14,1.77,0
31-05-2024,East,Cola_Classic,1763,40,70520,0,0,32.65,0.08,0
01-06-2024,East,Cola_Classic,2056,34.07,70046.58,1,14.83,28.43,0.72,0
02-06-2024,East,Cola_Classic,1721,40,68840,0,0,30.33,0.42,0
03-06-2024,East,Cola_Classic,1642,40,65680,0,0,27.96,0.81,0
04-06-2024,East,Cola_Classic,2253,33.12,74615.6,1,17.2,31.79,0.4,0
05-06-2024,East,Cola_Classic,2068,34.23,70778.66,1,14.44,31.47,1.66,0
06-06-2024,East,Cola_Classic,1688,40,67520,0,0,32.32,2.57,0
07-06-2024,East,Cola_Classic,1762,40,70480,0,0,30.7,0.75,0
08-06-2024,East,Cola_Classic,1872,37.34,69892.21,1,6.66,33.37,0.46,0
09-06-2024,East,Cola_Classic,1788,40,71520,0,0,38.97,0.7,0
10-06-2024,East,Cola_Classic,1942,34.56,67124.61,1,13.59,29.07,1.83,0
11-06-2024,East,Cola_Classic,1981,35.66,70651.26,1,10.84,35.23,4.46,0
12-06-2024,East,Cola_Classic,2096,33.61,70453.59,1,15.97,30.88,0.16,0
13-06-2024,East,Cola_Classic,1721,40,68840,0,0,33.54,1.32,0
14-06-2024,East,Cola_Classic,1860,36.63,68140.41,1,8.41,29.21,0.87,0
15-06-2024,East,Cola_Classic,2142,35.12,75234.6,1,12.19,37.03,0.82,0
16-06-2024,East,Cola_Classic,1786,40,71440,0,0,34.77,0.09,0
17-06-2024,East,Cola_Classic,1686,40,67440,0,0,28.38,0.8,0
18-06-2024,East,Cola_Classic,1850,40,74000,0,0,37.59,0.15,0
19-06-2024,East,Cola_Classic,1961,34.62,67882.61,1,13.46,27.98,0.47,0
20-06-2024,East,Cola_Classic,2058,36.06,74204.14,1,9.86,32.04,0.38,0
21-06-2024,East,Cola_Classic,1684,40,67360,0,0,30.21,0.14,0
22-06-2024,East,Cola_Classic,2162,35.24,76187.54,1,11.9,35.35,1.68,0
23-06-2024,East,Cola_Classic,2084,34.96,72857.86,1,12.6,33.26,0.45,0
24-06-2024,East,Cola_Classic,1732,40,69280,0,0,33.99,0.33,0
25-06-2024,East,Cola_Classic,1798,36.06,64836.02,1,9.85,26.36,0.37,0
26-06-2024,East,Cola_Classic,1736,40,69440,0,0,33.42,1.97,0
27-06-2024,East,Cola_Classic,1712,40,68480,0,0,29.72,2.22,0
28-06-2024,East,Cola_Classic,2136,33.54,71632.97,1,16.16,33.77,2.43,0
29-06-2024,East,Cola_Classic,1691,40,67640,0,0,31.55,1.71,0
30-06-2024,East,Cola_Classic,1802,40,72080,0,0,30.48,0.46,0
01-07-2024,East,Cola_Classic,1385,33.62,46560.6,1,15.96,26.95,2.74,0
02-07-2024,East,Cola_Classic,1140,40,45600,0,0,27.02,3.34,0
03-07-2024,East,Cola_Classic,991,40,39640,0,0,20.28,4.43,0
04-07-2024,East,Cola_Classic,1101,40,44040,0,0,25.99,2.08,0
05-07-2024,East,Cola_Classic,1245,40,49800,0,0,29.33,0.99,0
06-07-2024,East,Cola_Classic,1204,40,48160,0,0,29.88,0.88,0
07-07-2024,East,Cola_Classic,1136,40,45440,0,0,24.74,1.1,0
08-07-2024,East,Cola_Classic,1048,40,41920,0,0,24.49,8.52,0
09-07-2024,East,Cola_Classic,1511,34.17,51625.93,1,14.58,26.99,0.91,0
10-07-2024,East,Cola_Classic,1090,40,43600,0,0,22.99,2.4,0
11-07-2024,East,Cola_Classic,1516,34.03,51585.33,1,14.93,30.34,1.19,0
12-07-2024,East,Cola_Classic,1083,40,43320,0,0,25.86,1.26,0
13-07-2024,East,Cola_Classic,1046,40,41840,0,0,21.87,1.47,0
14-07-2024,East,Cola_Classic,1099,40,43960,0,0,22.75,1.03,0
15-07-2024,East,Cola_Classic,1148,40,45920,0,0,21.65,2.51,0
16-07-2024,East,Cola_Classic,1118,40,44720,0,0,25.02,3.12,0
17-07-2024,East,Cola_Classic,1157,40,46280,0,0,29.19,3.91,0
18-07-2024,East,Cola_Classic,1044,40,41760,0,0,23.13,0.88,0
19-07-2024,East,Cola_Classic,1186,40,47440,0,0,26.97,3.16,0
20-07-2024,East,Cola_Classic,1084,40,43360,0,0,26.31,2.47,0
21-07-2024,East,Cola_Classic,1099,40,43960,0,0,25.37,3.92,0
22-07-2024,East,Cola_Classic,1118,40,44720,0,0,24.83,6.49,0
23-07-2024,East,Cola_Classic,1101,40,44040,0,0,28.21,2.33,0
24-07-2024,East,Cola_Classic,963,40,38520,0,0,23.61,2.71,0
25-07-2024,East,Cola_Classic,1153,40,46120,0,0,25.65,1.81,0
26-07-2024,East,Cola_Classic,984,40,39360,0,0,22.82,3,0
27-07-2024,East,Cola_Classic,1042,40,41680,0,0,23.74,1.2,0
28-07-2024,East,Cola_Classic,1130,37.72,42619.7,1,5.71,23.99,4.84,0
29-07-2024,East,Cola_Classic,1300,35.59,46263.16,1,11.03,23.92,4.95,0
30-07-2024,East,Cola_Classic,1133,40,45320,0,0,24.35,1.1,0
31-07-2024,East,Cola_Classic,1221,40,48840,0,0,26.9,2.99,0
01-08-2024,East,Cola_Classic,1054,40,42160,0,0,25.05,5.68,0
02-08-2024,East,Cola_Classic,1040,40,41600,0,0,23.98,0.67,0
03-08-2024,East,Cola_Classic,1494,35.65,53256.98,1,10.88,28.67,2.87,0
04-08-2024,East,Cola_Classic,1052,40,42080,0,0,18.61,1.87,0
05-08-2024,East,Cola_Classic,1313,40,52520,0,0,31.86,6.95,0
06-08-2024,East,Cola_Classic,1135,40,45400,0,0,26.27,2.93,0
07-08-2024,East,Cola_Classic,1085,40,43400,0,0,24.32,0.46,0
08-08-2024,East,Cola_Classic,1361,33.43,45496.78,1,16.43,25.11,1.46,0
09-08-2024,East,Cola_Classic,1103,40,44120,0,0,24.06,0.01,0
10-08-2024,East,Cola_Classic,1480,36.12,53464.48,1,9.69,29.83,1.52,0
11-08-2024,East,Cola_Classic,1445,34.69,50125.99,1,13.28,30.39,5.76,0
12-08-2024,East,Cola_Classic,1510,32.43,48969.74,1,18.92,26.8,3.29,0
13-08-2024,East,Cola_Classic,1087,40,43480,0,0,26.09,5.86,0
14-08-2024,East,Cola_Classic,1203,36.51,43924.93,1,8.72,22.84,3.86,0
15-08-2024,East,Cola_Classic,1290,37,47728.87,1,7.5,24.56,3.46,0
16-08-2024,East,Cola_Classic,1031,40,41240,0,0,24.62,2.1,0
17-08-2024,East,Cola_Classic,1368,34.12,46674.41,1,14.7,26.3,2.72,0
18-08-2024,East,Cola_Classic,1098,40,43920,0,0,24.78,2.59,0
19-08-2024,East,Cola_Classic,1361,33.1,45051.17,1,17.25,25.1,7.11,0
20-08-2024,East,Cola_Classic,1235,40,49400,0,0,29.26,0.06,0
21-08-2024,East,Cola_Classic,1180,40,47200,0,0,27.54,0.99,0
22-08-2024,East,Cola_Classic,1135,40,45400,0,0,30.12,0.78,0
23-08-2024,East,Cola_Classic,1287,35.75,46011.53,1,10.62,25.26,5.13,0
24-08-2024,East,Cola_Classic,1160,40,46400,0,0,28.92,5.42,0
25-08-2024,East,Cola_Classic,1030,40,41200,0,0,21.75,3.85,0
26-08-2024,East,Cola_Classic,958,40,38320,0,0,19.22,4.54,0
27-08-2024,East,Cola_Classic,1207,40,48280,0,0,27.62,0.04,0
28-08-2024,East,Cola_Classic,1522,35.29,53713.91,1,11.77,31.1,0.83,0
29-08-2024,East,Cola_Classic,1019,40,40760,0,0,25.11,1.79,0
30-08-2024,East,Cola_Classic,1192,40,47680,0,0,26.04,3.7,0
31-08-2024,East,Cola_Classic,1118,35.89,40122.28,1,10.28,21.37,9.66,0
01-09-2024,East,Cola_Classic,1507,35.97,54209.89,1,10.07,30.56,0.72,0
02-09-2024,East,Cola_Classic,1214,35.83,43502.43,1,10.42,21.71,0.18,0
03-09-2024,East,Cola_Classic,1189,40,47560,0,0,23.79,0.03,0
04-09-2024,East,Cola_Classic,1268,40,50720,0,0,25.97,0.39,0
05-09-2024,East,Cola_Classic,1412,32.65,46095.12,1,18.39,23.84,0.28,0
06-09-2024,East,Cola_Classic,1256,36.61,45984.91,1,8.47,25.37,0.26,0
07-09-2024,East,Cola_Classic,1236,40,49440,0,0,30.78,2.77,0
08-09-2024,East,Cola_Classic,1193,37.35,44552.97,1,6.64,22.73,3.57,0
09-09-2024,East,Cola_Classic,1520,32.02,48676.72,1,19.94,26.09,0.1,0
10-09-2024,East,Cola_Classic,1380,34.53,47654.51,1,13.67,21.15,2.05,0
11-09-2024,East,Cola_Classic,1253,40,50120,0,0,29.56,3.41,0
12-09-2024,East,Cola_Classic,1164,40,46560,0,0,26.43,0.31,0
13-09-2024,East,Cola_Classic,1189,40,47560,0,0,22.97,0.03,0
14-09-2024,East,Cola_Classic,1408,32.86,46267.32,1,17.85,24.02,1.01,0
15-09-2024,East,Cola_Classic,1598,36.48,58299.01,1,8.79,30.37,0.55,0
16-09-2024,East,Cola_Classic,1122,40,44880,0,0,24.01,0.01,0
17-09-2024,East,Cola_Classic,1533,32.6,49972.68,1,18.51,29.76,0.33,0
18-09-2024,East,Cola_Classic,1089,40,43560,0,0,23.4,2.11,0
19-09-2024,East,Cola_Classic,1160,40,46400,0,0,24.3,0.26,0
20-09-2024,East,Cola_Classic,1051,40,42040,0,0,22.05,0.04,0
21-09-2024,East,Cola_Classic,1089,40,43560,0,0,24.6,0.57,0
22-09-2024,East,Cola_Classic,1213,40,48520,0,0,24.52,0.26,0
23-09-2024,East,Cola_Classic,1176,40,47040,0,0,28,0.18,0
24-09-2024,East,Cola_Classic,1020,40,40800,0,0,19.92,0.14,0
25-09-2024,East,Cola_Classic,1157,40,46280,0,0,25.41,0.74,0
26-09-2024,East,Cola_Classic,918,40,36720,0,0,20.83,3.08,0
27-09-2024,East,Cola_Classic,1219,40,48760,0,0,25.58,1.46,0
28-09-2024,East,Cola_Classic,978,40,39120,0,0,25.31,5.86,0
29-09-2024,East,Cola_Classic,1500,34.27,51399.11,1,14.33,28.99,0.36,0
30-09-2024,East,Cola_Classic,1108,40,44320,0,0,24.24,0.96,0
01-10-2024,East,Cola_Classic,1108,40,44320,0,0,23.22,1.6,1
02-10-2024,East,Cola_Classic,1233,40,49320,0,0,28.25,1.72,1
03-10-2024,East,Cola_Classic,1141,40,45640,0,0,25.56,0.16,1
04-10-2024,East,Cola_Classic,1112,40,44480,0,0,27.42,1.36,1
05-10-2024,East,Cola_Classic,1120,40,44800,0,0,24.49,1.71,1
06-10-2024,East,Cola_Classic,1572,33.09,52022.97,1,17.27,25.57,0.27,1
07-10-2024,East,Cola_Classic,1101,40,44040,0,0,27.79,1.18,1
08-10-2024,East,Cola_Classic,1082,40,43280,0,0,23.08,0.85,1
09-10-2024,East,Cola_Classic,1116,40,44640,0,0,21.62,0.87,1
10-10-2024,East,Cola_Classic,1386,32.02,44373.14,1,19.96,19.61,0.07,1
11-10-2024,East,Cola_Classic,1223,35.17,43008.53,1,12.08,19.77,0.55,1
