airflow/data/sales_daily.csv
date,region,product,units_sold,price,revenue,promotion_flag,discount_pct,temperature,rainfall_mm,is_holiday
12-10-2024,East,Cola_Classic,1120,40,44800,0,0,23.75,0.63,1
13-10-2024,East,Cola_Classic,1158,40,46320,0,0,23.54,0.12,1
14-10-2024,East,Cola_Classic,1087,40,43480,0,0,26.76,5.16,1
15-10-2024,East,Cola_Classic,1159,40,46360,0,0,24.31,0.51,1
16-10-2024,East,Cola_Classic,1407,36.26,51019.92,1,9.35,28.36,0.58,1
17-10-2024,East,Cola_Classic,1022,40,40880,0,0,20.38,0.34,1
18-10-2024,East,Cola_Classic,1199,40,47960,0,0,24.45,1.94,1
19-10-2024,East,Cola_Classic,1381,37.97,52437.06,1,5.07,26.78,0.05,1
20-10-2024,East,Cola_Classic,966,40,38640,0,0,23.93,1.36,1
21-10-2024,East,Cola_Classic,1254,37.75,47338.77,1,5.62,24.7,2.89,1
22-10-2024,East,Cola_Classic,1241,36.69,45535.11,1,8.27,18.7,0.12,1
23-10-2024,East,Cola_Classic,1483,32.79,48629.44,1,18.02,19.48,0.06,1
24-10-2024,East,Cola_Classic,1124,40,44960,0,0,23.13,0.82,1
25-10-2024,East,Cola_Classic,1238,35.06,43404.9,1,12.35,19.73,0.78,1
26-10-2024,East,Cola_Classic,1008,40,40320,0,0,18.54,0.23,1
27-10-2024,East,Cola_Classic,1479,35.53,52547.52,1,11.18,26.83,0.2,1
28-10-2024,East,Cola_Classic,1105,40,44200,0,0,28.48,1.34,1
29-10-2024,East,Cola_Classic,1191,40,47640,0,0,24.62,0.62,1
30-10-2024,East,Cola_Classic,1343,35.6,47804.34,1,11.01,22.49,1.03,1
31-10-2024,East,Cola_Classic,1163,40,46520,0,0,22.93,0.32,1
01-11-2024,East,Cola_Classic,1174,40,46960,0,0,25,0.8,1
02-11-2024,East,Cola_Classic,1084,40,43360,0,0,25.59,0.89,1
03-11-2024,East,Cola_Classic,1152,40,46080,0,0,24.53,2.52,1
04-11-2024,East,Cola_Classic,1324,40,52960,0,0,33.53,0.15,1
05-11-2024,East,Cola_Classic,1581,32.3,51065.66,1,19.25,22.28,0.65,1
06-11-2024,East,Cola_Classic,1211,40,48440,0,0,29.8,0.11,1
07-11-2024,East,Cola_Classic,1198,40,47920,0,0,22.65,0.07,1
08-11-2024,East,Cola_Classic,1119,40,44760,0,0,23.84,0.51,1
09-11-2024,East,Cola_Classic,1228,40,49120,0,0,24.55,0.81,1
10-11-2024,East,Cola_Classic,1233,36.61,45135.81,1,8.48,24.48,1.93,1
11-11-2024,East,Cola_Classic,1177,40,47080,0,0,28.92,0.58,1
12-11-2024,East,Cola_Classic,1394,34.58,48201.55,1,13.56,26.31,0.56,1
13-11-2024,East,Cola_Classic,1069,40,42760,0,0,22.86,1.95,1
14-11-2024,East,Cola_Classic,1190,40,47600,0,0,27.63,0.02,1
15-11-2024,East,Cola_Classic,1149,40,45960,0,0,25.75,0.36,1
16-11-2024,East,Cola_Classic,1180,40,47200,0,0,25.94,1.29,1
17-11-2024,East,Cola_Classic,1135,40,45400,0,0,26.31,1.21,1
18-11-2024,East,Cola_Classic,1143,40,45720,0,0,26.84,1.32,1
19-11-2024,East,Cola_Classic,1282,36.84,47235.16,1,7.89,23.78,0.18,1
20-11-2024,East,Cola_Classic,1130,40,45200,0,0,28.92,2.04,1
21-11-2024,East,Cola_Classic,1355,35.31,47845.41,1,11.72,28.38,1.58,1
22-11-2024,East,Cola_Classic,1176,40,47040,0,0,31.1,0.69,1
23-11-2024,East,Cola_Classic,1181,40,47240,0,0,26.98,0.15,1
24-11-2024,East,Cola_Classic,1157,40,46280,0,0,27.99,0.57,1
25-11-2024,East,Cola_Classic,1296,36.37,47138.86,1,9.07,24.3,0.99,1
26-11-2024,East,Cola_Classic,1379,35.38,48793.05,1,11.54,26.63,2.47,1
27-11-2024,East,Cola_Classic,1145,40,45800,0,0,27.66,1.5,1
28-11-2024,East,Cola_Classic,1533,32.02,49084.45,1,19.95,22.28,0.36,1
29-11-2024,East,Cola_Classic,1414,35.34,49973.61,1,11.64,25.82,2.75,1
30-11-2024,East,Cola_Classic,1563,33.39,52194.87,1,16.51,32.29,1.82,1
01-12-2024,East,Cola_Classic,937,40,37480,0,0,23.47,1.52,0
02-12-2024,East,Cola_Classic,1129,36.77,41512.01,1,8.08,23.87,1.99,0
03-12-2024,East,Cola_Classic,1075,40,43000,0,0,25.59,0.26,0
04-12-2024,East,Cola_Classic,1020,40,40800,0,0,24.59,1.76,0
05-12-2024,East,Cola_Classic,963,40,38520,0,0,23.04,0.88,0
06-12-2024,East,Cola_Classic,1204,34.8,41895.15,1,13.01,22.67,1.21,0
07-12-2024,East,Cola_Classic,1004,40,40160,0,0,24.64,0.01,0
08-12-2024,East,Cola_Classic,1020,40,40800,0,0,27.68,1.55,0
09-12-2024,East,Cola_Classic,1001,40,40040,0,0,21.55,1.29,0
10-12-2024,East,Cola_Classic,952,40,38080,0,0,23.05,0.23,0
11-12-2024,East,Cola_Classic,910,40,36400,0,0,24.91,2.07,0
12-12-2024,East,Cola_Classic,1066,40,42640,0,0,25.86,1,0
13-12-2024,East,Cola_Classic,1009,40,40360,0,0,25.57,2.52,0
14-12-2024,East,Cola_Classic,1066,40,42640,0,0,26.84,1.11,0
15-12-2024,East,Cola_Classic,1167,34.16,39860.15,1,14.61,21.83,1.91,0
16-12-2024,East,Cola_Classic,1155,33.83,39073.41,1,15.43,22.87,1.35,0
17-12-2024,East,Cola_Classic,966,40,38640,0,0,22.47,0.48,0
18-12-2024,East,Cola_Classic,1093,40,43720,0,0,28.03,0.88,0
19-12-2024,East,Cola_Classic,1396,32.85,45862.27,1,17.87,29.91,1.92,0
20-12-2024,East,Cola_Classic,978,40,39120,0,0,20.17,0.22,0
21-12-2024,East,Cola_Classic,1065,40,42600,0,0,23.01,1.12,0
22-12-2024,East,Cola_Classic,884,40,35360,0,0,19.68,2.07,0
23-12-2024,East,Cola_Classic,1303,36.14,47094.91,1,9.64,26.06,0.26,0
24-12-2024,East,Cola_Classic,1066,40,42640,0,0,23.68,0.03,0
25-12-2024,East,Cola_Classic,984,40,39360,0,0,24.05,1.17,0
26-12-2024,East,Cola_Classic,1030,40,41200,0,0,26.3,1.12,0
27-12-2024,East,Cola_Classic,1073,40,42920,0,0,24.25,0.43,0
28-12-2024,East,Cola_Classic,996,40,39840,0,0,22.02,0.6,0
29-12-2024,East,Cola_Classic,949,40,37960,0,0,22.7,0.46,0
30-12-2024,East,Cola_Classic,1042,40,41680,0,0,28.67,1.68,0
31-12-2024,East,Cola_Classic,1176,34.69,40794.77,1,13.28,24.06,4.11,0
01-01-2024,East,Cola_Zero,684,45,30780,0,0,25.68,0.4,0
02-01-2024,East,Cola_Zero,712,45,32040,0,0,26.51,0.52,0
03-01-2024,East,Cola_Zero,671,45,30195,0,0,21.81,3.16,0
04-01-2024,East,Cola_Zero,706,45,31770,0,0,25.06,0.51,0
05-01-2024,East,Cola_Zero,714,42.41,30283.54,1,5.75,22.51,0.03,0
06-01-2024,East,Cola_Zero,731,45,32895,0,0,29.52,0.23,0
07-01-2024,East,Cola_Zero,899,39.01,35072.59,1,13.3,25.19,0.93,0
08-01-2024,East,Cola_Zero,600,45,27000,0,0,19.98,1.9,0
09-01-2024,East,Cola_Zero,746,45,33570,0,0,26.78,0.84,0
10-01-2024,East,Cola_Zero,657,45,29565,0,0,25.37,1.95,0
11-01-2024,East,Cola_Zero,530,45,23850,0,0,23.84,1.56,0
12-01-2024,East,Cola_Zero,600,45,27000,0,0,25.8,0.76,0
13-01-2024,East,Cola_Zero,648,45,29160,0,0,24.17,0.38,0
14-01-2024,East,Cola_Zero,692,45,31140,0,0,19.84,0.4,0
15-01-2024,East,Cola_Zero,855,39.3,33597.49,1,12.68,22.09,0.37,0
16-01-2024,East,Cola_Zero,715,45,32175,0,0,28.54,0.05,0
17-01-2024,East,Cola_Zero,610,45,27450,0,0,21.25,0.46,0
18-01-2024,East,Cola_Zero,780,45,35100,0,0,32.2,2.75,0
19-01-2024,East,Cola_Zero,617,45,27765,0,0,27.34,0.09,0
20-01-2024,East,Cola_Zero,704,45,31680,0,0,24.07,0.47,0
21-01-2024,East,Cola_Zero,845,37.5,31683.42,1,16.68,25.12,0.09,0
22-01-2024,East,Cola_Zero,592,45,26640,0,0,18.22,1.31,0
23-01-2024,East,Cola_Zero,594,45,26730,0,0,22.7,0.47,0
24-01-2024,East,Cola_Zero,752,45,33840,0,0,21.55,0.81,0
25-01-2024,East,Cola_Zero,859,39.19,33666.79,1,12.9,27.64,0.98,0
26-01-2024,East,Cola_Zero,700,45,31500,0,0,29.26,0.28,0
27-01-2024,East,Cola_Zero,758,45,34110,0,0,26.58,0.86,0
28-01-2024,East,Cola_Zero,626,45,28170,0,0,24.72,1.9,0
29-01-2024,East,Cola_Zero,585,45,26325,0,0,26.18,1.67,0
30-01-2024,East,Cola_Zero,725,45,32625,0,0,22.45,0.28,0
31-01-2024,East,Cola_Zero,840,37.28,31318.44,1,17.15,26.09,0.24,0
01-02-2024,East,Cola_Zero,821,45,36945,0,0,27.99,0.44,0
02-02-2024,East,Cola_Zero,902,45,40590,0,0,29.26,1.08,0
03-02-2024,East,Cola_Zero,729,45,32805,0,0,20.53,1.05,0
04-02-2024,East,Cola_Zero,808,39.18,31655.5,1,12.94,20.01,0.57,0
05-02-2024,East,Cola_Zero,799,45,35955,0,0,26.82,1.27,0
06-02-2024,East,Cola_Zero,778,45,35010,0,0,29.96,1.15,0
07-02-2024,East,Cola_Zero,701,45,31545,0,0,24.63,0.52,0
08-02-2024,East,Cola_Zero,801,45,36045,0,0,23.15,1.31,0
09-02-2024,East,Cola_Zero,736,45,33120,0,0,24.17,0.55,0
10-02-2024,East,Cola_Zero,712,45,32040,0,0,23.09,0.36,0
11-02-2024,East,Cola_Zero,794,45,35730,0,0,30.84,2.66,0
12-02-2024,East,Cola_Zero,709,45,31905,0,0,25.86,0.97,0
13-02-2024,East,Cola_Zero,735,45,33075,0,0,25.49,0.84,0
14-02-2024,East,Cola_Zero,724,45,32580,0,0,27.07,0.11,0
15-02-2024,East,Cola_Zero,973,36.67,35684.58,1,18.5,22.13,0.97,0
16-02-2024,East,Cola_Zero,795,40.65,32317.1,1,9.67,21.83,0.38,0
17-02-2024,East,Cola_Zero,937,40.6,38044.17,1,9.77,29.02,1.49,0
18-02-2024,East,Cola_Zero,733,45,32985,0,0,25.19,1.9,0
19-02-2024,East,Cola_Zero,878,41.26,36224.54,1,8.32,24.86,0.03,0
20-02-2024,East,Cola_Zero,806,45,36270,0,0,28.35,1.24,0
21-02-2024,East,Cola_Zero,781,45,35145,0,0,26.86,0.24,0
22-02-2024,East,Cola_Zero,620,45,27900,0,0,21.46,0.71,0
23-02-2024,East,Cola_Zero,744,45,33480,0,0,24.13,0.44,0
24-02-2024,East,Cola_Zero,855,45,38475,0,0,24.26,0.67,0
25-02-2024,East,Cola_Zero,775,45,34875,0,0,27.82,0.36,0
26-02-2024,East,Cola_Zero,752,39.81,29940.22,1,11.52,19.81,1.75,0
27-02-2024,East,Cola_Zero,711,45,31995,0,0,21.94,0.3,0
28-02-2024,East,Cola_Zero,733,45,32985,0,0,22.34,0.14,0
29-02-2024,East,Cola_Zero,817,45,36765,0,0,25.48,0.53,0
01-03-2024,East,Cola_Zero,1194,40.73,48628.13,1,9.5,27.73,0.33,0
02-03-2024,East,Cola_Zero,1043,42.48,44304.9,1,5.6,23.11,0.2,0
03-03-2024,East,Cola_Zero,1028,45,46260,0,0,23.63,0.9,0
04-03-2024,East,Cola_Zero,1102,45,49590,0,0,23.43,0.1,0
05-03-2024,East,Cola_Zero,1063,45,47835,0,0,21.75,0.06,0
06-03-2024,East,Cola_Zero,1085,45,48825,0,0,25.3,0.53,0
07-03-2024,East,Cola_Zero,926,45,41670,0,0,22.69,0.96,0
08-03-2024,East,Cola_Zero,1079,45,48555,0,0,26.9,0.89,0
09-03-2024,East,Cola_Zero,1032,45,46440,0,0,21.56,0.56,0
10-03-2024,East,Cola_Zero,1075,45,48375,0,0,25.25,0.74,0
11-03-2024,East,Cola_Zero,1436,37.91,54444.18,1,15.75,31.74,0.53,0
12-03-2024,East,Cola_Zero,1023,45,46035,0,0,24.44,0.05,0
13-03-2024,East,Cola_Zero,959,45,43155,0,0,20.52,1.2,0
14-03-2024,East,Cola_Zero,1014,45,45630,0,0,24.41,0.84,0
15-03-2024,East,Cola_Zero,998,45,44910,0,0,24.78,2.4,0
16-03-2024,East,Cola_Zero,1385,37.77,52317.55,1,16.06,27.92,1.1,0
17-03-2024,East,Cola_Zero,1205,41.4,49892.36,1,7.99,24.01,0.01,0
18-03-2024,East,Cola_Zero,992,45,44640,0,0,24.63,2.56,0
19-03-2024,East,Cola_Zero,1035,45,46575,0,0,21.52,0.54,0
20-03-2024,East,Cola_Zero,1152,45,51840,0,0,33.97,1.84,0
21-03-2024,East,Cola_Zero,971,45,43695,0,0,19.26,0.32,0
22-03-2024,East,Cola_Zero,1100,45,49500,0,0,26.88,1.19,0
23-03-2024,East,Cola_Zero,965,45,43425,0,0,24.78,0.82,0
24-03-2024,East,Cola_Zero,1026,45,46170,0,0,25.72,0.26,0
25-03-2024,East,Cola_Zero,951,45,42795,0,0,23.44,0.74,0
26-03-2024,East,Cola_Zero,1315,38.44,50544.04,1,14.59,26.16,0.63,0
27-03-2024,East,Cola_Zero,1070,45,48150,0,0,27.45,0.53,0
28-03-2024,East,Cola_Zero,1336,36.83,49207.47,1,18.15,25.51,0.43,0
29-03-2024,East,Cola_Zero,903,45,40635,0,0,20.91,0.41,0
30-03-2024,East,Cola_Zero,1105,38.4,42434.19,1,14.66,20.81,2.6,0
31-03-2024,East,Cola_Zero,987,45,44415,0,0,18.53,0.13,0
01-04-2024,East,Cola_Zero,1159,45,52155,0,0,32.74,2.98,0
02-04-2024,East,Cola_Zero,1057,45,47565,0,0,33.36,2.52,0
03-04-2024,East,Cola_Zero,1060,45,47700,0,0,31.07,2.35,0
04-04-2024,East,Cola_Zero,1131,45,50895,0,0,30.24,0.36,0
05-04-2024,East,Cola_Zero,1077,45,48465,0,0,28.92,0.35,0
06-04-2024,East,Cola_Zero,1148,41.99,48203.6,1,6.69,27.8,1.97,0
07-04-2024,East,Cola_Zero,1399,40.1,56106.5,1,10.88,37.11,0.75,0
08-04-2024,East,Cola_Zero,1306,42.01,54868.87,1,6.64,34.14,0.26,0
09-04-2024,East,Cola_Zero,1190,45,53550,0,0,35.08,0.95,0
10-04-2024,East,Cola_Zero,1101,45,49545,0,0,32.85,1.32,0
11-04-2024,East,Cola_Zero,1096,45,49320,0,0,34.27,0.32,0
12-04-2024,East,Cola_Zero,1068,45,48060,0,0,27.49,0.51,0
13-04-2024,East,Cola_Zero,1165,45,52425,0,0,31.74,0.42,0
14-04-2024,East,Cola_Zero,1051,45,47295,0,0,29.96,0.8,0
15-04-2024,East,Cola_Zero,1083,45,48735,0,0,27.74,0.88,0
16-04-2024,East,Cola_Zero,1128,45,50760,0,0,34.58,0.94,0
17-04-2024,East,Cola_Zero,1124,45,50580,0,0,28.79,1.3,0
18-04-2024,East,Cola_Zero,1135,45,51075,0,0,33.57,1.7,0
19-04-2024,East,Cola_Zero,1159,45,52155,0,0,31.51,1.22,0
20-04-2024,East,Cola_Zero,1135,45,51075,0,0,36.36,0.81,0
21-04-2024,East,Cola_Zero,1146,45,51570,0,0,32.57,0.78,0
22-04-2024,East,Cola_Zero,1299,41.11,53407.53,1,8.63,34.16,1.56,0
23-04-2024,East,Cola_Zero,976,45,43920,0,0,26.61,0.83,0
24-04-2024,East,Cola_Zero,1174,45,52830,0,0,29.43,0,0
25-04-2024,East,Cola_Zero,1178,45,53010,0,0,28,0.38,0
26-04-2024,East,Cola_Zero,1142,45,51390,0,0,31.14,1.44,0
27-04-2024,East,Cola_Zero,1119,45,50355,0,0,34.43,0.47,0
28-04-2024,East,Cola_Zero,1455,40.16,58429.42,1,10.76,32.15,1.27,0
29-04-2024,East,Cola_Zero,1142,45,51390,0,0,29.97,0.7,0
30-04-2024,East,Cola_Zero,1062,45,47790,0,0,28.9,0.04,0
01-05-2024,East,Cola_Zero,1158,45,52110,0,0,32.65,0.08,0
02-05-2024,East,Cola_Zero,1122,45,50490,0,0,31.2,0.05,0
03-05-2024,East,Cola_Zero,1078,45,48510,0,0,31.61,3.07,0
04-05-2024,East,Cola_Zero,1502,39.59,59462.94,1,12.02,35.06,1.21,0
05-05-2024,East,Cola_Zero,1092,45,49140,0,0,35.67,0.7,0
06-05-2024,East,Cola_Zero,1432,39.85,57069.19,1,11.44,31.32,0,0
07-05-2024,East,Cola_Zero,1160,45,52200,0,0,29.35,0.45,0
08-05-2024,East,Cola_Zero,1040,45,46800,0,0,34.39,0.71,0
09-05-2024,East,Cola_Zero,1150,45,51750,0,0,37.6,1.78,0
10-05-2024,East,Cola_Zero,1462,40.45,59132.04,1,10.12,33.33,0.98,0
11-05-2024,East,Cola_Zero,1228,41.16,50541.2,1,8.54,30.57,0.18,0
12-05-2024,East,Cola_Zero,1161,45,52245,0,0,28.01,0.25,0
13-05-2024,East,Cola_Zero,1039,45,46755,0,0,32.92,0.77,0
14-05-2024,East,Cola_Zero,1224,45,55080,0,0,37.31,2.12,0
15-05-2024,East,Cola_Zero,1190,45,53550,0,0,33.53,0.44,0
16-05-2024,East,Cola_Zero,1037,45,46665,0,0,34.43,1.28,0
17-05-2024,East,Cola_Zero,1009,45,45405,0,0,28.92,0.03,0
18-05-2024,East,Cola_Zero,1010,45,45450,0,0,27.77,1.14,0
19-05-2024,East,Cola_Zero,1262,39.75,50170.08,1,11.66,29.62,0.28,0
20-05-2024,East,Cola_Zero,1026,45,46170,0,0,32.26,1.32,0
21-05-2024,East,Cola_Zero,1135,45,51075,0,0,32.97,0.35,0
22-05-2024,East,Cola_Zero,1653,36.37,60124.61,1,19.17,31.31,0.43,0
23-05-2024,East,Cola_Zero,1014,45,45630,0,0,26,0.15,0
24-05-2024,East,Cola_Zero,1074,45,48330,0,0,33.4,3.76,0
25-05-2024,East,Cola_Zero,1193,45,53685,0,0,33.84,1.38,0
26-05-2024,East,Cola_Zero,1069,45,48105,0,0,31.06,0.37,0
27-05-2024,East,Cola_Zero,1135,45,51075,0,0,27.68,0.58,0
28-05-2024,East,Cola_Zero,963,45,43335,0,0,28.52,1.13,0
29-05-2024,East,Cola_Zero,1169,45,52605,0,0,34.92,0.18,0
30-05-2024,East,Cola_Zero,1032,45,46440,0,0,33.56,1.7,0
31-05-2024,East,Cola_Zero,1146,45,51570,0,0,31.2,1.98,0
01-06-2024,East,Cola_Zero,1165,45,52425,0,0,33.81,0.42,0
02-06-2024,East,Cola_Zero,1225,45,55125,0,0,33.71,1.62,0
03-06-2024,East,Cola_Zero,1268,41.01,52006.61,1,8.86,26.57,0.75,0
04-06-2024,East,Cola_Zero,1189,45,53505,0,0,38.09,1.69,0
05-06-2024,East,Cola_Zero,1272,41.15,52343.85,1,8.55,28.35,0.69,0
06-06-2024,East,Cola_Zero,1167,45,52515,0,0,34.44,0.89,0
07-06-2024,East,Cola_Zero,1136,45,51120,0,0,32.5,1.46,0
08-06-2024,East,Cola_Zero,1085,45,48825,0,0,33.41,1.39,0
09-06-2024,East,Cola_Zero,1106,45,49770,0,0,33.8,0.36,0
10-06-2024,East,Cola_Zero,1215,45,54675,0,0,37.59,0.15,0
11-06-2024,East,Cola_Zero,1224,39.82,48742.18,1,11.51,26.23,0.38,0
12-06-2024,East,Cola_Zero,1073,45,48285,0,0,29.69,1.8,0
13-06-2024,East,Cola_Zero,1036,45,46620,0,0,31.58,4.45,0
14-06-2024,East,Cola_Zero,1088,45,48960,0,0,31.39,0.23,0
15-06-2024,East,Cola_Zero,1272,39.88,50728.07,1,11.38,31.66,0.27,0
16-06-2024,East,Cola_Zero,1213,45,54585,0,0,36.01,0.76,0
17-06-2024,East,Cola_Zero,1106,45,49770,0,0,31.3,1.39,0
18-06-2024,East,Cola_Zero,1121,45,50445,0,0,33.29,0.25,0
19-06-2024,East,Cola_Zero,1153,45,51885,0,0,32.83,0.09,0
20-06-2024,East,Cola_Zero,1222,42.53,51976.24,1,5.48,32.23,1.59,0
21-06-2024,East,Cola_Zero,1105,45,49725,0,0,28.37,0.23,0
22-06-2024,East,Cola_Zero,1222,45,54990,0,0,32.93,0,0
23-06-2024,East,Cola_Zero,1140,45,51300,0,0,32.19,2.02,0
24-06-2024,East,Cola_Zero,1089,45,49005,0,0,34.64,1.22,0
25-06-2024,East,Cola_Zero,1204,45,54180,0,0,32.36,1.07,0
26-06-2024,East,Cola_Zero,1334,40.7,54290.46,1,9.56,28.23,1.44,0
27-06-2024,East,Cola_Zero,1105,45,49725,0,0,31.52,3.14,0
28-06-2024,East,Cola_Zero,1227,45,55215,0,0,30.88,0.13,0
29-06-2024,East,Cola_Zero,1271,41.16,52316.57,1,8.53,30.98,2.15,0
30-06-2024,East,Cola_Zero,1122,45,50490,0,0,32.1,0.38,0
01-07-2024,East,Cola_Zero,691,45,31095,0,0,25.63,1.55,0
02-07-2024,East,Cola_Zero,816,45,36720,0,0,24.91,0.35,0
03-07-2024,East,Cola_Zero,1038,37.6,39030.97,1,16.44,27.43,0.67,0
04-07-2024,East,Cola_Zero,651,45,29295,0,0,25.57,1.29,0
05-07-2024,East,Cola_Zero,923,42.32,39058.48,1,5.96,23.62,0.85,0
06-07-2024,East,Cola_Zero,848,45,38160,0,0,25.21,0.09,0
07-07-2024,East,Cola_Zero,669,45,30105,0,0,28.18,9.24,0
08-07-2024,East,Cola_Zero,842,45,37890,0,0,32.36,0.94,0
09-07-2024,East,Cola_Zero,808,45,36360,0,0,24,3.5,0
10-07-2024,East,Cola_Zero,730,45,32850,0,0,26.1,1.79,0
11-07-2024,East,Cola_Zero,738,45,33210,0,0,22.85,0.45,0
12-07-2024,East,Cola_Zero,688,45,30960,0,0,23.02,11.73,0
13-07-2024,East,Cola_Zero,690,45,31050,0,0,20.87,6.03,0
14-07-2024,East,Cola_Zero,873,36.6,31952.16,1,18.67,26.98,6.28,0
15-07-2024,East,Cola_Zero,746,45,33570,0,0,21.26,1.85,0
16-07-2024,East,Cola_Zero,655,45,29475,0,0,23.3,4.87,0
17-07-2024,East,Cola_Zero,913,37.47,34207.27,1,16.74,27.9,3.35,0
18-07-2024,East,Cola_Zero,697,45,31365,0,0,21.4,8.63,0
19-07-2024,East,Cola_Zero,720,45,32400,0,0,30.83,11.52,0
20-07-2024,East,Cola_Zero,715,45,32175,0,0,27.2,2.55,0
21-07-2024,East,Cola_Zero,720,45,32400,0,0,25,1.66,0
22-07-2024,East,Cola_Zero,682,45,30690,0,0,26.21,0.01,0
23-07-2024,East,Cola_Zero,669,45,30105,0,0,26.16,5.3,0
24-07-2024,East,Cola_Zero,698,45,31410,0,0,23.97,0.26,0
25-07-2024,East,Cola_Zero,714,45,32130,0,0,26.9,0.62,0
26-07-2024,East,Cola_Zero,750,45,33750,0,0,27.9,3.42,0
27-07-2024,East,Cola_Zero,862,45,38790,0,0,29.47,0.38,0
28-07-2024,East,Cola_Zero,927,36.72,34039.29,1,18.4,24.33,2.1,0
29-07-2024,East,Cola_Zero,938,38.13,35767.88,1,15.26,25.17,2.55,0
30-07-2024,East,Cola_Zero,791,38.67,30588.19,1,14.07,24.14,7.9,0
31-07-2024,East,Cola_Zero,925,41.22,38126.29,1,8.41,21.76,0.22,0
01-08-2024,East,Cola_Zero,772,45,34740,0,0,26.51,1.09,0
02-08-2024,East,Cola_Zero,657,45,29565,0,0,22.35,2.49,0
03-08-2024,East,Cola_Zero,991,36.33,36002.92,1,19.27,23.71,1.22,0
04-08-2024,East,Cola_Zero,813,45,36585,0,0,29.21,1.68,0
05-08-2024,East,Cola_Zero,840,45,37800,0,0,29.92,0.8,0
06-08-2024,East,Cola_Zero,840,40.16,33738.14,1,10.75,24.04,3.32,0
