airflow/data/sales_daily.csv
date,region,product,units_sold,price,revenue,promotion_flag,discount_pct,temperature,rainfall_mm,is_holiday
07-08-2024,East,Cola_Zero,977,42.01,41046.8,1,6.64,28.39,1.92,0
08-08-2024,East,Cola_Zero,744,45,33480,0,0,27.44,4.19,0
09-08-2024,East,Cola_Zero,956,37.15,35517.83,1,17.44,25.52,0.8,0
10-08-2024,East,Cola_Zero,739,45,33255,0,0,26.24,5.22,0
11-08-2024,East,Cola_Zero,792,45,35640,0,0,21.07,1.47,0
12-08-2024,East,Cola_Zero,753,45,33885,0,0,23.54,4.69,0
13-08-2024,East,Cola_Zero,598,45,26910,0,0,21.57,16.4,0
14-08-2024,East,Cola_Zero,690,45,31050,0,0,21.99,2.69,0
15-08-2024,East,Cola_Zero,894,39.99,35753.88,1,11.13,26.51,0.53,0
16-08-2024,East,Cola_Zero,752,40.8,30681.93,1,9.33,22.32,2.43,0
17-08-2024,East,Cola_Zero,652,45,29340,0,0,22.93,0.84,0
18-08-2024,East,Cola_Zero,786,45,35370,0,0,26.83,1.12,0
19-08-2024,East,Cola_Zero,640,45,28800,0,0,20.95,1.32,0
20-08-2024,East,Cola_Zero,714,45,32130,0,0,24.04,6.99,0
21-08-2024,East,Cola_Zero,655,45,29475,0,0,24.04,5.09,0
22-08-2024,East,Cola_Zero,846,39.84,33704.79,1,11.47,24.65,7.9,0
23-08-2024,East,Cola_Zero,846,39.04,33030.7,1,13.24,23.77,4.67,0
24-08-2024,East,Cola_Zero,771,41.68,32138.78,1,7.37,25.23,14.91,0
25-08-2024,East,Cola_Zero,820,45,36900,0,0,23.07,0.21,0
26-08-2024,East,Cola_Zero,972,37.91,36851.57,1,15.75,28.11,0.41,0
27-08-2024,East,Cola_Zero,873,41.81,36498.05,1,7.09,28.44,2.99,0
28-08-2024,East,Cola_Zero,741,45,33345,0,0,22.36,0.04,0
29-08-2024,East,Cola_Zero,695,45,31275,0,0,24.99,1.21,0
30-08-2024,East,Cola_Zero,749,45,33705,0,0,23.53,7.14,0
31-08-2024,East,Cola_Zero,813,45,36585,0,0,20.57,0.87,0
01-09-2024,East,Cola_Zero,809,45,36405,0,0,27.32,0.16,0
02-09-2024,East,Cola_Zero,901,45,40545,0,0,26.82,0.38,0
03-09-2024,East,Cola_Zero,792,45,35640,0,0,25.37,0.21,0
04-09-2024,East,Cola_Zero,843,38.23,32224.86,1,15.05,23.28,1.98,0
05-09-2024,East,Cola_Zero,788,45,35460,0,0,26.86,1.3,0
06-09-2024,East,Cola_Zero,748,45,33660,0,0,20.89,0.3,0
07-09-2024,East,Cola_Zero,890,41.09,36571.13,1,8.69,26.73,1.33,0
08-09-2024,East,Cola_Zero,888,45,39960,0,0,27.42,0.23,0
09-09-2024,East,Cola_Zero,645,45,29025,0,0,22.87,2.92,0
10-09-2024,East,Cola_Zero,679,45,30555,0,0,28.17,1.22,0
11-09-2024,East,Cola_Zero,747,45,33615,0,0,21.47,0.24,0
12-09-2024,East,Cola_Zero,713,45,32085,0,0,24.11,0.77,0
13-09-2024,East,Cola_Zero,762,45,34290,0,0,26.34,2.13,0
14-09-2024,East,Cola_Zero,595,45,26775,0,0,24.37,4.81,0
15-09-2024,East,Cola_Zero,776,45,34920,0,0,21.91,2.42,0
16-09-2024,East,Cola_Zero,797,45,35865,0,0,26.24,0.37,0
17-09-2024,East,Cola_Zero,784,45,35280,0,0,27.47,0.14,0
18-09-2024,East,Cola_Zero,871,42.74,37227.99,1,5.02,25.07,0.62,0
19-09-2024,East,Cola_Zero,788,45,35460,0,0,20.6,0.42,0
20-09-2024,East,Cola_Zero,775,45,34875,0,0,21.5,0.31,0
21-09-2024,East,Cola_Zero,801,45,36045,0,0,24.89,0.74,0
22-09-2024,East,Cola_Zero,785,40.98,32166.49,1,8.94,21.8,1.27,0
23-09-2024,East,Cola_Zero,655,45,29475,0,0,23.32,2.1,0
24-09-2024,East,Cola_Zero,728,41.86,30475.12,1,6.97,20.98,2.01,0
25-09-2024,East,Cola_Zero,731,42.72,31230.39,1,5.06,24.95,1.22,0
26-09-2024,East,Cola_Zero,769,45,34605,0,0,22.5,1.51,0
27-09-2024,East,Cola_Zero,770,45,34650,0,0,26.95,1.26,0
28-09-2024,East,Cola_Zero,839,37.82,31734.25,1,15.95,19.34,1.94,0
29-09-2024,East,Cola_Zero,726,45,32670,0,0,24.47,1.26,0
30-09-2024,East,Cola_Zero,595,45,26775,0,0,22.34,0.92,0
01-10-2024,East,Cola_Zero,795,45,35775,0,0,28.49,0.21,1
02-10-2024,East,Cola_Zero,859,38.3,32902.26,1,14.88,19.05,0.45,1
03-10-2024,East,Cola_Zero,799,45,35955,0,0,21.22,0.05,1
04-10-2024,East,Cola_Zero,698,45,31410,0,0,22.05,0.39,1
05-10-2024,East,Cola_Zero,745,45,33525,0,0,27.65,0.56,1
06-10-2024,East,Cola_Zero,824,40.55,33416.81,1,9.88,19.94,0.55,1
07-10-2024,East,Cola_Zero,733,45,32985,0,0,21.28,0.26,1
08-10-2024,East,Cola_Zero,1039,37.58,39041.43,1,16.5,27.68,0.69,1
09-10-2024,East,Cola_Zero,891,45,40095,0,0,27.51,0.12,1
10-10-2024,East,Cola_Zero,697,45,31365,0,0,23.57,2.22,1
11-10-2024,East,Cola_Zero,655,45,29475,0,0,19.45,1.36,1
12-10-2024,East,Cola_Zero,652,45,29340,0,0,23.74,0.77,1
13-10-2024,East,Cola_Zero,748,45,33660,0,0,22.42,0.33,1
14-10-2024,East,Cola_Zero,700,45,31500,0,0,23.91,1.44,1
15-10-2024,East,Cola_Zero,736,45,33120,0,0,28.46,0.29,1
16-10-2024,East,Cola_Zero,824,45,37080,0,0,28.64,0.57,1
17-10-2024,East,Cola_Zero,734,45,33030,0,0,26.21,1.93,1
18-10-2024,East,Cola_Zero,974,36.72,35765.04,1,18.4,22.77,0.66,1
19-10-2024,East,Cola_Zero,867,41.23,35750.3,1,8.37,23.69,0.76,1
20-10-2024,East,Cola_Zero,755,45,33975,0,0,24.5,0.46,1
21-10-2024,East,Cola_Zero,713,45,32085,0,0,23.85,2.64,1
22-10-2024,East,Cola_Zero,759,45,34155,0,0,23.63,0.11,1
23-10-2024,East,Cola_Zero,986,36.33,35816.92,1,19.28,23.91,0.93,1
24-10-2024,East,Cola_Zero,873,45,39285,0,0,28.66,0.92,1
25-10-2024,East,Cola_Zero,766,45,34470,0,0,27.18,1.94,1
26-10-2024,East,Cola_Zero,861,45,38745,0,0,27.19,1.85,1
27-10-2024,East,Cola_Zero,783,45,35235,0,0,26.33,1.98,1
28-10-2024,East,Cola_Zero,634,45,28530,0,0,19.71,0.91,1
29-10-2024,East,Cola_Zero,818,40.59,33201.46,1,9.8,25.26,0.76,1
30-10-2024,East,Cola_Zero,828,45,37260,0,0,31.55,0.77,1
31-10-2024,East,Cola_Zero,737,45,33165,0,0,23.09,0.46,1
01-11-2024,East,Cola_Zero,730,45,32850,0,0,23.65,0.28,1
02-11-2024,East,Cola_Zero,733,45,32985,0,0,23.3,0.99,1
03-11-2024,East,Cola_Zero,700,45,31500,0,0,25.62,2.41,1
04-11-2024,East,Cola_Zero,905,39.57,35808.68,1,12.07,26.32,1.09,1
05-11-2024,East,Cola_Zero,798,45,35910,0,0,23.69,2.49,1
06-11-2024,East,Cola_Zero,766,45,34470,0,0,23.61,1.44,1
07-11-2024,East,Cola_Zero,838,45,37710,0,0,23.27,0.14,1
08-11-2024,East,Cola_Zero,697,45,31365,0,0,25.29,1.12,1
09-11-2024,East,Cola_Zero,878,41.35,36308.38,1,8.1,26.76,1.4,1
10-11-2024,East,Cola_Zero,837,45,37665,0,0,30.16,0.66,1
11-11-2024,East,Cola_Zero,749,45,33705,0,0,27.44,0.74,1
12-11-2024,East,Cola_Zero,860,45,38700,0,0,29.12,0.01,1
13-11-2024,East,Cola_Zero,748,45,33660,0,0,25.75,0.94,1
14-11-2024,East,Cola_Zero,737,45,33165,0,0,23.16,1.04,1
15-11-2024,East,Cola_Zero,688,45,30960,0,0,22.32,0.43,1
16-11-2024,East,Cola_Zero,702,45,31590,0,0,23.64,0.68,1
17-11-2024,East,Cola_Zero,774,45,34830,0,0,25.43,1.04,1
18-11-2024,East,Cola_Zero,770,45,34650,0,0,25.4,0.09,1
19-11-2024,East,Cola_Zero,1004,38.85,39003.33,1,13.67,24.81,1.8,1
20-11-2024,East,Cola_Zero,925,40.97,37896.27,1,8.96,26.59,4.59,1
21-11-2024,East,Cola_Zero,719,45,32355,0,0,25.25,0.43,1
22-11-2024,East,Cola_Zero,881,36.41,32080.91,1,19.08,21.91,0.88,1
23-11-2024,East,Cola_Zero,924,40.92,37809.42,1,9.07,31.49,2.34,1
24-11-2024,East,Cola_Zero,914,45,41130,0,0,31.37,1.56,1
25-11-2024,East,Cola_Zero,882,41.16,36305.58,1,8.53,22.83,1.23,1
26-11-2024,East,Cola_Zero,906,38.72,35084.62,1,13.95,21.55,1.57,1
27-11-2024,East,Cola_Zero,730,45,32850,0,0,25.98,0.07,1
28-11-2024,East,Cola_Zero,818,45,36810,0,0,28.87,0.04,1
29-11-2024,East,Cola_Zero,785,45,35325,0,0,24.69,3.32,1
30-11-2024,East,Cola_Zero,814,45,36630,0,0,27.48,0.72,1
01-12-2024,East,Cola_Zero,601,45,27045,0,0,19.4,0.27,0
02-12-2024,East,Cola_Zero,819,38.9,31861.92,1,13.55,22.65,0.04,0
03-12-2024,East,Cola_Zero,804,45,36180,0,0,27.3,1.11,0
04-12-2024,East,Cola_Zero,719,45,32355,0,0,21.99,1.71,0
05-12-2024,East,Cola_Zero,643,45,28935,0,0,20.74,0.54,0
06-12-2024,East,Cola_Zero,721,45,32445,0,0,27.64,0.63,0
07-12-2024,East,Cola_Zero,697,38.97,27161.39,1,13.4,20.95,0.62,0
08-12-2024,East,Cola_Zero,848,38.81,32915.02,1,13.74,29.7,0.3,0
09-12-2024,East,Cola_Zero,625,45,28125,0,0,25.38,0.16,0
10-12-2024,East,Cola_Zero,804,42.69,34320.23,1,5.14,28.06,0.21,0
11-12-2024,East,Cola_Zero,752,42.2,31735.88,1,6.22,23.74,1.1,0
12-12-2024,East,Cola_Zero,846,38.87,32882.52,1,13.63,24.48,0.14,0
13-12-2024,East,Cola_Zero,784,45,35280,0,0,26.7,0.05,0
14-12-2024,East,Cola_Zero,674,45,30330,0,0,24.48,0.51,0
15-12-2024,East,Cola_Zero,681,45,30645,0,0,25.56,1.22,0
16-12-2024,East,Cola_Zero,703,41.56,29216.02,1,7.65,23.69,0.07,0
17-12-2024,East,Cola_Zero,743,45,33435,0,0,28.73,0.28,0
18-12-2024,East,Cola_Zero,696,45,31320,0,0,26.73,0.42,0
19-12-2024,East,Cola_Zero,894,36.57,32691.78,1,18.74,27.64,0,0
20-12-2024,East,Cola_Zero,659,45,29655,0,0,27.01,0.22,0
21-12-2024,East,Cola_Zero,697,45,31365,0,0,25.18,0.15,0
22-12-2024,East,Cola_Zero,702,45,31590,0,0,24.25,0.32,0
23-12-2024,East,Cola_Zero,604,45,27180,0,0,27.68,0.2,0
24-12-2024,East,Cola_Zero,759,45,34155,0,0,28.42,0.51,0
25-12-2024,East,Cola_Zero,633,45,28485,0,0,20.05,0.97,0
26-12-2024,East,Cola_Zero,678,45,30510,0,0,25.28,0.73,0
27-12-2024,East,Cola_Zero,676,42.69,28861.16,1,5.12,27.64,1.53,0
28-12-2024,East,Cola_Zero,721,45,32445,0,0,27.52,1.43,0
29-12-2024,East,Cola_Zero,851,41.23,35089.62,1,8.37,27.04,1.14,0
30-12-2024,East,Cola_Zero,495,45,22275,0,0,16.05,0.39,0
31-12-2024,East,Cola_Zero,580,45,26100,0,0,23.2,0.3,0
01-01-2024,West,Cola_Classic,1037,40,41480,0,0,22.17,0.05,0
02-01-2024,West,Cola_Classic,924,40,36960,0,0,22.72,0.78,0
03-01-2024,West,Cola_Classic,1014,40,40560,0,0,24.79,1.54,0
04-01-2024,West,Cola_Classic,1063,40,42520,0,0,25.73,0.07,0
05-01-2024,West,Cola_Classic,1029,40,41160,0,0,30.4,0.34,0
06-01-2024,West,Cola_Classic,1087,40,43480,0,0,27.17,1.17,0
07-01-2024,West,Cola_Classic,1117,40,44680,0,0,28.29,0.06,0
08-01-2024,West,Cola_Classic,999,40,39960,0,0,23.1,0.39,0
09-01-2024,West,Cola_Classic,1044,40,41760,0,0,25.27,0.96,0
10-01-2024,West,Cola_Classic,1012,40,40480,0,0,24.11,0.51,0
11-01-2024,West,Cola_Classic,1059,40,42360,0,0,23.97,0.29,0
12-01-2024,West,Cola_Classic,971,40,38840,0,0,26.16,0.21,0
13-01-2024,West,Cola_Classic,1024,40,40960,0,0,25.57,0.36,0
14-01-2024,West,Cola_Classic,1173,35.28,41379.22,1,11.81,23.13,1.96,0
15-01-2024,West,Cola_Classic,1049,40,41960,0,0,26.01,0.25,0
16-01-2024,West,Cola_Classic,1431,34.01,48664.25,1,14.98,29.55,0.35,0
17-01-2024,West,Cola_Classic,998,40,39920,0,0,22.38,0.17,0
18-01-2024,West,Cola_Classic,1210,37.09,44876.53,1,7.28,27.67,4.29,0
19-01-2024,West,Cola_Classic,1120,40,44800,0,0,25.77,0.07,0
20-01-2024,West,Cola_Classic,1281,34.29,43929.47,1,14.27,22.65,1.26,0
21-01-2024,West,Cola_Classic,1174,34.32,40293.93,1,14.2,25.02,1.33,0
22-01-2024,West,Cola_Classic,1006,40,40240,0,0,18.15,0.32,0
23-01-2024,West,Cola_Classic,842,40,33680,0,0,22.03,1.36,0
24-01-2024,West,Cola_Classic,1030,40,41200,0,0,25.45,0.61,0
25-01-2024,West,Cola_Classic,924,40,36960,0,0,25.04,2.01,0
26-01-2024,West,Cola_Classic,1211,35.74,43286.84,1,10.64,27.08,1.14,0
27-01-2024,West,Cola_Classic,986,40,39440,0,0,23.81,0.13,0
28-01-2024,West,Cola_Classic,1045,40,41800,0,0,27.27,0.13,0
29-01-2024,West,Cola_Classic,1157,40,46280,0,0,31.08,0.28,0
30-01-2024,West,Cola_Classic,965,40,38600,0,0,21.44,0.17,0
31-01-2024,West,Cola_Classic,945,37.69,35614.65,1,5.78,22.25,1.74,0
01-02-2024,West,Cola_Classic,1087,36.58,39767.88,1,8.54,19.67,0.42,0
02-02-2024,West,Cola_Classic,1432,33.64,48179.47,1,15.89,22.97,0.49,0
03-02-2024,West,Cola_Classic,1240,37.49,46483.96,1,6.28,26.57,1,0
04-02-2024,West,Cola_Classic,1045,40,41800,0,0,23.91,0.71,0
05-02-2024,West,Cola_Classic,1230,40,49200,0,0,29.75,0.59,0
06-02-2024,West,Cola_Classic,1179,40,47160,0,0,26.57,0.43,0
07-02-2024,West,Cola_Classic,1232,37.81,46578.25,1,5.48,25.87,1.34,0
08-02-2024,West,Cola_Classic,1082,40,43280,0,0,27.25,1.16,0
09-02-2024,West,Cola_Classic,1053,40,42120,0,0,24.45,0.35,0
10-02-2024,West,Cola_Classic,975,40,39000,0,0,20.42,0.7,0
11-02-2024,West,Cola_Classic,993,40,39720,0,0,21.93,1.93,0
12-02-2024,West,Cola_Classic,1088,40,43520,0,0,29.37,1.34,0
13-02-2024,West,Cola_Classic,1202,40,48080,0,0,26.55,0.87,0
14-02-2024,West,Cola_Classic,999,40,39960,0,0,17.82,0.2,0
15-02-2024,West,Cola_Classic,1153,40,46120,0,0,24.86,1.2,0
16-02-2024,West,Cola_Classic,1198,40,47920,0,0,24.14,0.19,0
17-02-2024,West,Cola_Classic,1112,37.15,41311.23,1,7.12,20.67,1.97,0
18-02-2024,West,Cola_Classic,1133,40,45320,0,0,25.29,0.49,0
19-02-2024,West,Cola_Classic,1037,40,41480,0,0,25.66,2.55,0
20-02-2024,West,Cola_Classic,1118,40,44720,0,0,23.36,0.02,0
21-02-2024,West,Cola_Classic,1154,40,46160,0,0,28.72,0.98,0
22-02-2024,West,Cola_Classic,1177,40,47080,0,0,20.91,0.25,0
23-02-2024,West,Cola_Classic,1045,40,41800,0,0,20.69,0.34,0
24-02-2024,West,Cola_Classic,1045,40,41800,0,0,23.26,0.54,0
25-02-2024,West,Cola_Classic,999,40,39960,0,0,20.27,0.75,0
26-02-2024,West,Cola_Classic,1117,40,44680,0,0,28.82,0.02,0
27-02-2024,West,Cola_Classic,1163,40,46520,0,0,25.99,0.82,0
28-02-2024,West,Cola_Classic,1498,32.49,48669.71,1,18.78,23.6,0.74,0
29-02-2024,West,Cola_Classic,1673,32.11,53727.21,1,19.71,27.62,0.91,0
01-03-2024,West,Cola_Classic,1893,37.43,70848.91,1,6.43,30.31,0.26,0
02-03-2024,West,Cola_Classic,1465,40,58600,0,0,25.56,1.19,0
03-03-2024,West,Cola_Classic,1673,40,66920,0,0,28.66,0.58,0
04-03-2024,West,Cola_Classic,1759,35.27,62044.33,1,11.82,20.9,1.08,0
05-03-2024,West,Cola_Classic,1731,40,69240,0,0,27.66,0.14,0
06-03-2024,West,Cola_Classic,1418,40,56720,0,0,23.74,9.14,0
07-03-2024,West,Cola_Classic,1577,40,63080,0,0,26.08,1.02,0
08-03-2024,West,Cola_Classic,1532,40,61280,0,0,20.91,2.52,0
09-03-2024,West,Cola_Classic,1593,40,63720,0,0,26.29,1.2,0
10-03-2024,West,Cola_Classic,1564,40,62560,0,0,28.75,0.25,0
11-03-2024,West,Cola_Classic,1588,40,63520,0,0,27.21,1.28,0
12-03-2024,West,Cola_Classic,1416,40,56640,0,0,23.96,1.86,0
13-03-2024,West,Cola_Classic,1552,40,62080,0,0,25.26,0.81,0
14-03-2024,West,Cola_Classic,1555,40,62200,0,0,25.02,0.8,0
15-03-2024,West,Cola_Classic,1482,40,59280,0,0,26.35,1.51,0
16-03-2024,West,Cola_Classic,1419,40,56760,0,0,23.22,1.15,0
17-03-2024,West,Cola_Classic,1513,40,60520,0,0,19.89,0.33,0
18-03-2024,West,Cola_Classic,1561,40,62440,0,0,22.89,1.11,0
19-03-2024,West,Cola_Classic,1626,40,65040,0,0,30.58,0.55,0
20-03-2024,West,Cola_Classic,1603,40,64120,0,0,27.11,0.82,0
21-03-2024,West,Cola_Classic,1566,40,62640,0,0,25.48,0.52,0
22-03-2024,West,Cola_Classic,1420,40,56800,0,0,20.92,0.7,0
23-03-2024,West,Cola_Classic,1480,40,59200,0,0,24.92,0.63,0
24-03-2024,West,Cola_Classic,1470,40,58800,0,0,24.51,0.08,0
25-03-2024,West,Cola_Classic,1583,40,63320,0,0,26.36,1.27,0
26-03-2024,West,Cola_Classic,1654,36.82,60901.07,1,7.95,18.21,0.74,0
27-03-2024,West,Cola_Classic,1576,40,63040,0,0,27.2,0.97,0
28-03-2024,West,Cola_Classic,1411,40,56440,0,0,21.3,0.78,0
29-03-2024,West,Cola_Classic,1429,40,57160,0,0,24.84,4.48,0
30-03-2024,West,Cola_Classic,1590,40,63600,0,0,28.31,2.56,0
31-03-2024,West,Cola_Classic,1530,40,61200,0,0,23.88,0.11,0
01-04-2024,West,Cola_Classic,1858,40,74320,0,0,40.28,0.18,0
02-04-2024,West,Cola_Classic,1742,40,69680,0,0,29.16,1.39,0
03-04-2024,West,Cola_Classic,1675,36.63,61348.3,1,8.44,27.54,4.16,0
04-04-2024,West,Cola_Classic,1610,40,64400,0,0,29.09,0.2,0
05-04-2024,West,Cola_Classic,1814,40,72560,0,0,30.51,1.63,0
06-04-2024,West,Cola_Classic,1617,40,64680,0,0,28.81,0.52,0
07-04-2024,West,Cola_Classic,1729,40,69160,0,0,34.03,0,0
08-04-2024,West,Cola_Classic,1790,40,71600,0,0,33.3,0.72,0
09-04-2024,West,Cola_Classic,1790,40,71600,0,0,31.21,0.25,0
10-04-2024,West,Cola_Classic,1641,40,65640,0,0,29.19,1.56,0
11-04-2024,West,Cola_Classic,1653,40,66120,0,0,36.23,1.98,0
12-04-2024,West,Cola_Classic,1621,40,64840,0,0,30.96,5.37,0
13-04-2024,West,Cola_Classic,1795,40,71800,0,0,30.86,1.34,0
14-04-2024,West,Cola_Classic,1698,40,67920,0,0,31.91,0.68,0
15-04-2024,West,Cola_Classic,1627,40,65080,0,0,31.73,2.52,0
16-04-2024,West,Cola_Classic,1645,40,65800,0,0,30.89,0.53,0
17-04-2024,West,Cola_Classic,2243,33.22,74506.84,1,16.96,34.16,0.05,0
18-04-2024,West,Cola_Classic,2097,34.75,72870.74,1,13.13,35.63,0.58,0
19-04-2024,West,Cola_Classic,1823,40,72920,0,0,37.35,0.23,0
20-04-2024,West,Cola_Classic,1646,40,65840,0,0,29.21,0.01,0
21-04-2024,West,Cola_Classic,1670,40,66800,0,0,34.99,2.05,0
22-04-2024,West,Cola_Classic,2164,34.35,74333.44,1,14.12,34.98,0.34,0
23-04-2024,West,Cola_Classic,1685,40,67400,0,0,32.3,0.43,0
24-04-2024,West,Cola_Classic,1672,40,66880,0,0,31.16,0.12,0
25-04-2024,West,Cola_Classic,1989,35.2,70019.06,1,11.99,29.86,0.01,0
26-04-2024,West,Cola_Classic,1925,36.57,70403.17,1,8.57,28.98,0.61,0
27-04-2024,West,Cola_Classic,1754,40,70160,0,0,33.14,1.45,0
28-04-2024,West,Cola_Classic,1749,40,69960,0,0,32.67,0.32,0
29-04-2024,West,Cola_Classic,1562,40,62480,0,0,32.56,3.04,0
30-04-2024,West,Cola_Classic,1466,40,58640,0,0,30.06,3.27,0
01-05-2024,West,Cola_Classic,1708,40,68320,0,0,32.01,0.21,0
02-05-2024,West,Cola_Classic,1605,40,64200,0,0,30.62,0.24,0
03-05-2024,West,Cola_Classic,1669,40,66760,0,0,30.64,1.67,0
04-05-2024,West,Cola_Classic,2111,34.92,73723.97,1,12.69,31.96,3.14,0
05-05-2024,West,Cola_Classic,1801,40,72040,0,0,34.51,1.05,0
06-05-2024,West,Cola_Classic,2254,32.74,73792.52,1,18.15,30.17,0.47,0
07-05-2024,West,Cola_Classic,1633,40,65320,0,0,28.6,0.8,0
08-05-2024,West,Cola_Classic,1563,40,62520,0,0,29.4,1.55,0
09-05-2024,West,Cola_Classic,1662,40,66480,0,0,29.13,0.11,0
10-05-2024,West,Cola_Classic,1835,40,73400,0,0,35.85,0.93,0
11-05-2024,West,Cola_Classic,1700,40,68000,0,0,31.53,0.47,0
12-05-2024,West,Cola_Classic,1690,40,67600,0,0,29,0.97,0
13-05-2024,West,Cola_Classic,1693,40,67720,0,0,32.24,0.74,0
14-05-2024,West,Cola_Classic,1641,40,65640,0,0,28.48,1.43,0
15-05-2024,West,Cola_Classic,2005,34.76,69696.51,1,13.1,30.27,0.07,0
16-05-2024,West,Cola_Classic,1699,40,67960,0,0,30.53,0,0
17-05-2024,West,Cola_Classic,1705,40,68200,0,0,32.27,0.37,0
18-05-2024,West,Cola_Classic,1585,40,63400,0,0,29.1,0.31,0
19-05-2024,West,Cola_Classic,1690,40,67600,0,0,31.05,0.83,0
20-05-2024,West,Cola_Classic,1675,40,67000,0,0,33.75,0.48,0
21-05-2024,West,Cola_Classic,1551,40,62040,0,0,31.39,0.22,0
22-05-2024,West,Cola_Classic,1569,40,62760,0,0,30.39,1.27,0
23-05-2024,West,Cola_Classic,1543,40,61720,0,0,29.91,1.73,0
24-05-2024,West,Cola_Classic,1864,40,74560,0,0,33.21,0.69,0
25-05-2024,West,Cola_Classic,2192,35.08,76896.01,1,12.3,34.93,0.65,0
26-05-2024,West,Cola_Classic,1731,40,69240,0,0,35.57,0.96,0
27-05-2024,West,Cola_Classic,1616,40,64640,0,0,31.1,1.2,0
28-05-2024,West,Cola_Classic,1536,40,61440,0,0,29.3,0.01,0
29-05-2024,West,Cola_Classic,2077,32.32,67121.95,1,19.21,30.89,1.95,0
