airflow/data/sales_daily.csv
date,region,product,units_sold,price,revenue,promotion_flag,discount_pct,temperature,rainfall_mm,is_holiday
30-05-2024,West,Cola_Classic,1584,40,63360,0,0,30.07,1.21,0
31-05-2024,West,Cola_Classic,1820,40,72800,0,0,34.29,0.78,0
01-06-2024,West,Cola_Classic,1922,40,76880,0,0,37.4,0.22,0
02-06-2024,West,Cola_Classic,1821,40,72840,0,0,34.03,0.21,0
03-06-2024,West,Cola_Classic,1786,40,71440,0,0,35.79,1.29,0
04-06-2024,West,Cola_Classic,1753,40,70120,0,0,38.34,0.8,0
05-06-2024,West,Cola_Classic,1737,40,69480,0,0,32.5,1.93,0
06-06-2024,West,Cola_Classic,1801,40,72040,0,0,33.88,0.09,0
07-06-2024,West,Cola_Classic,1674,40,66960,0,0,30.53,1.18,0
08-06-2024,West,Cola_Classic,1595,40,63800,0,0,29.35,0.68,0
09-06-2024,West,Cola_Classic,1537,40,61480,0,0,29.5,3.83,0
10-06-2024,West,Cola_Classic,1592,40,63680,0,0,30.26,2.53,0
11-06-2024,West,Cola_Classic,1653,40,66120,0,0,33.93,0.77,0
12-06-2024,West,Cola_Classic,1882,40,75280,0,0,34.19,1.24,0
13-06-2024,West,Cola_Classic,1603,40,64120,0,0,28.04,0.83,0
14-06-2024,West,Cola_Classic,1663,40,66520,0,0,29.04,0.43,0
15-06-2024,West,Cola_Classic,1709,40,68360,0,0,31.74,0.19,0
16-06-2024,West,Cola_Classic,1657,40,66280,0,0,31.21,0.76,0
17-06-2024,West,Cola_Classic,1707,40,68280,0,0,30.38,2.67,0
18-06-2024,West,Cola_Classic,1680,40,67200,0,0,31.1,0.73,0
19-06-2024,West,Cola_Classic,2074,35.34,73285.43,1,11.66,34,1.23,0
20-06-2024,West,Cola_Classic,1844,37.52,69192.75,1,6.19,32.27,2.98,0
21-06-2024,West,Cola_Classic,1630,40,65200,0,0,31.54,1.1,0
22-06-2024,West,Cola_Classic,1678,40,67120,0,0,34.02,0.22,0
23-06-2024,West,Cola_Classic,1689,40,67560,0,0,30.76,0.33,0
24-06-2024,West,Cola_Classic,1502,40,60080,0,0,22.7,0.01,0
25-06-2024,West,Cola_Classic,1703,40,68120,0,0,36.2,2.44,0
26-06-2024,West,Cola_Classic,1683,40,67320,0,0,30.95,1.93,0
27-06-2024,West,Cola_Classic,1877,36.79,69050.28,1,8.03,30.79,0.41,0
28-06-2024,West,Cola_Classic,1710,40,68400,0,0,32.38,0.11,0
29-06-2024,West,Cola_Classic,1579,40,63160,0,0,29.4,0.64,0
30-06-2024,West,Cola_Classic,1668,40,66720,0,0,29.25,1.11,0
01-07-2024,West,Cola_Classic,1206,40,48240,0,0,24.81,1.11,0
02-07-2024,West,Cola_Classic,1144,40,45760,0,0,23.28,1.69,0
03-07-2024,West,Cola_Classic,1087,40,43480,0,0,21.96,0.82,0
04-07-2024,West,Cola_Classic,966,40,38640,0,0,23.4,3.24,0
05-07-2024,West,Cola_Classic,1185,40,47400,0,0,26.08,0.34,0
06-07-2024,West,Cola_Classic,1249,34.06,42545.59,1,14.84,19.69,3.22,0
07-07-2024,West,Cola_Classic,1140,40,45600,0,0,29.24,1.7,0
08-07-2024,West,Cola_Classic,1137,40,45480,0,0,27.03,3.09,0
09-07-2024,West,Cola_Classic,948,40,37920,0,0,23.75,6.77,0
10-07-2024,West,Cola_Classic,1175,34.8,40888.2,1,13,21.26,6.83,0
11-07-2024,West,Cola_Classic,1096,40,43840,0,0,27.87,1.12,0
12-07-2024,West,Cola_Classic,1014,40,40560,0,0,24.99,3.88,0
13-07-2024,West,Cola_Classic,1072,40,42880,0,0,22.79,0.97,0
14-07-2024,West,Cola_Classic,972,40,38880,0,0,20.23,0.05,0
15-07-2024,West,Cola_Classic,1113,40,44520,0,0,25.44,2.24,0
16-07-2024,West,Cola_Classic,1414,35.04,49548.75,1,12.4,28.39,3.35,0
17-07-2024,West,Cola_Classic,1210,37.17,44972.76,1,7.08,23.75,2.67,0
18-07-2024,West,Cola_Classic,1080,40,43200,0,0,22.05,0.17,0
19-07-2024,West,Cola_Classic,1324,35.63,47168.53,1,10.94,27.6,5.33,0
20-07-2024,West,Cola_Classic,1013,40,40520,0,0,24.53,4.54,0
21-07-2024,West,Cola_Classic,884,40,35360,0,0,20.91,11.83,0
22-07-2024,West,Cola_Classic,1134,40,45360,0,0,26.8,0.44,0
23-07-2024,West,Cola_Classic,1213,40,48520,0,0,25.78,1.47,0
24-07-2024,West,Cola_Classic,1068,40,42720,0,0,23.07,2.64,0
25-07-2024,West,Cola_Classic,1148,40,45920,0,0,27.27,1.79,0
26-07-2024,West,Cola_Classic,1180,40,47200,0,0,26.51,0.62,0
27-07-2024,West,Cola_Classic,1079,40,43160,0,0,27.56,7.29,0
28-07-2024,West,Cola_Classic,1247,40,49880,0,0,25.96,0.47,0
29-07-2024,West,Cola_Classic,1092,40,43680,0,0,24.18,1.43,0
30-07-2024,West,Cola_Classic,1125,37.58,42276.76,1,6.05,22.86,2.29,0
31-07-2024,West,Cola_Classic,1178,40,47120,0,0,25.57,1,0
01-08-2024,West,Cola_Classic,1034,40,41360,0,0,27.47,15.75,0
02-08-2024,West,Cola_Classic,1542,32.31,49826.47,1,19.22,25.53,0.13,0
03-08-2024,West,Cola_Classic,1047,40,41880,0,0,25.14,11.37,0
04-08-2024,West,Cola_Classic,1444,37.66,54376.19,1,5.86,29.87,0.11,0
05-08-2024,West,Cola_Classic,1312,34.81,45672.7,1,12.97,22.62,1.11,0
06-08-2024,West,Cola_Classic,1017,40,40680,0,0,23.55,2.27,0
07-08-2024,West,Cola_Classic,1168,40,46720,0,0,28.81,4.3,0
08-08-2024,West,Cola_Classic,1143,40,45720,0,0,29.05,1.61,0
09-08-2024,West,Cola_Classic,1141,40,45640,0,0,20.3,0.64,0
10-08-2024,West,Cola_Classic,1099,40,43960,0,0,27.14,2,0
11-08-2024,West,Cola_Classic,929,40,37160,0,0,17.93,1.11,0
12-08-2024,West,Cola_Classic,1208,40,48320,0,0,24.26,0.37,0
13-08-2024,West,Cola_Classic,1120,40,44800,0,0,24.34,3.29,0
14-08-2024,West,Cola_Classic,1087,40,43480,0,0,24.62,1.04,0
15-08-2024,West,Cola_Classic,1171,40,46840,0,0,25.68,0.65,0
16-08-2024,West,Cola_Classic,1377,33.01,45460.76,1,17.46,24.47,4.35,0
17-08-2024,West,Cola_Classic,1200,40,48000,0,0,21.97,3.3,0
18-08-2024,West,Cola_Classic,1155,40,46200,0,0,31.99,0,0
19-08-2024,West,Cola_Classic,983,40,39320,0,0,22.1,6.03,0
20-08-2024,West,Cola_Classic,1073,40,42920,0,0,25.97,0.58,0
21-08-2024,West,Cola_Classic,1138,40,45520,0,0,27.33,0.37,0
22-08-2024,West,Cola_Classic,1248,40,49920,0,0,29.09,0.33,0
23-08-2024,West,Cola_Classic,1423,34.29,48796.37,1,14.27,29.66,0.6,0
24-08-2024,West,Cola_Classic,1379,34.9,48121.2,1,12.76,29.3,2.18,0
25-08-2024,West,Cola_Classic,1231,40,49240,0,0,27.33,0.82,0
26-08-2024,West,Cola_Classic,1190,40,47600,0,0,26.86,1.26,0
27-08-2024,West,Cola_Classic,1143,40,45720,0,0,28.64,8.4,0
28-08-2024,West,Cola_Classic,1324,34.51,45691.87,1,13.72,23.28,2.89,0
29-08-2024,West,Cola_Classic,1148,40,45920,0,0,28.91,3.34,0
30-08-2024,West,Cola_Classic,1088,40,43520,0,0,26,5.94,0
31-08-2024,West,Cola_Classic,1376,37.83,52052.94,1,5.43,27.47,0.47,0
01-09-2024,West,Cola_Classic,1507,35.07,52855.69,1,12.32,29.35,0.7,0
02-09-2024,West,Cola_Classic,1143,40,45720,0,0,22.01,0.39,0
03-09-2024,West,Cola_Classic,1063,40,42520,0,0,21.38,0.33,0
04-09-2024,West,Cola_Classic,1148,40,45920,0,0,24.77,1.04,0
05-09-2024,West,Cola_Classic,1108,40,44320,0,0,23.95,1.35,0
06-09-2024,West,Cola_Classic,1150,40,46000,0,0,22.32,0.25,0
07-09-2024,West,Cola_Classic,1122,40,44880,0,0,22.63,1.31,0
08-09-2024,West,Cola_Classic,1185,40,47400,0,0,28.72,2.09,0
09-09-2024,West,Cola_Classic,1126,40,45040,0,0,22.04,0.1,0
10-09-2024,West,Cola_Classic,986,40,39440,0,0,21.23,0.83,0
11-09-2024,West,Cola_Classic,1143,40,45720,0,0,24.82,0.5,0
12-09-2024,West,Cola_Classic,1406,36.33,51076.04,1,9.18,23.82,0.34,0
13-09-2024,West,Cola_Classic,1172,40,46880,0,0,25.74,0.01,0
14-09-2024,West,Cola_Classic,1132,40,45280,0,0,28.78,0.2,0
15-09-2024,West,Cola_Classic,1091,40,43640,0,0,23.81,1.65,0
16-09-2024,West,Cola_Classic,1023,40,40920,0,0,23.37,1.14,0
17-09-2024,West,Cola_Classic,1111,35.93,39915.66,1,10.18,19.27,0.53,0
18-09-2024,West,Cola_Classic,1135,40,45400,0,0,26.86,0.24,0
19-09-2024,West,Cola_Classic,1107,40,44280,0,0,27.75,0.46,0
20-09-2024,West,Cola_Classic,1210,40,48400,0,0,33.33,0.3,0
21-09-2024,West,Cola_Classic,1396,36.29,50665.35,1,9.27,26.29,1.21,0
22-09-2024,West,Cola_Classic,1226,40,49040,0,0,31.32,0.17,0
23-09-2024,West,Cola_Classic,1488,32.86,48888.35,1,17.86,23.13,0.82,0
24-09-2024,West,Cola_Classic,1229,40,49160,0,0,27.9,0.54,0
25-09-2024,West,Cola_Classic,1113,40,44520,0,0,28.26,2.22,0
26-09-2024,West,Cola_Classic,887,40,35480,0,0,22.66,2.61,0
27-09-2024,West,Cola_Classic,1256,40,50240,0,0,28.91,0.44,0
28-09-2024,West,Cola_Classic,1160,40,46400,0,0,24.84,1.4,0
29-09-2024,West,Cola_Classic,1138,40,45520,0,0,29.17,1.79,0
30-09-2024,West,Cola_Classic,1141,40,45640,0,0,26.7,0.2,0
01-10-2024,West,Cola_Classic,1128,40,45120,0,0,23.91,0.34,1
02-10-2024,West,Cola_Classic,1169,40,46760,0,0,28.58,0.89,1
03-10-2024,West,Cola_Classic,1183,40,47320,0,0,24.83,1.11,1
04-10-2024,West,Cola_Classic,1136,40,45440,0,0,20.48,0.35,1
05-10-2024,West,Cola_Classic,1155,40,46200,0,0,24.96,0.78,1
06-10-2024,West,Cola_Classic,1253,40,50120,0,0,28.18,0.8,1
07-10-2024,West,Cola_Classic,1170,40,46800,0,0,24.94,1.6,1
08-10-2024,West,Cola_Classic,1244,40,49760,0,0,29.41,0.32,1
09-10-2024,West,Cola_Classic,1249,40,49960,0,0,25.03,1.22,1
10-10-2024,West,Cola_Classic,1443,32.31,46621.38,1,19.23,25.07,1.03,1
11-10-2024,West,Cola_Classic,1084,40,43360,0,0,26.92,2.02,1
12-10-2024,West,Cola_Classic,1467,37.4,54872.98,1,6.49,29.18,0.07,1
13-10-2024,West,Cola_Classic,1081,40,43240,0,0,23.29,0.04,1
14-10-2024,West,Cola_Classic,1157,40,46280,0,0,19.97,1.29,1
15-10-2024,West,Cola_Classic,1372,36.37,49893.99,1,9.09,24.23,0.28,1
16-10-2024,West,Cola_Classic,1116,40,44640,0,0,26.46,0.07,1
17-10-2024,West,Cola_Classic,1133,40,45320,0,0,24.17,0.91,1
18-10-2024,West,Cola_Classic,1575,32.29,50861.33,1,19.27,24.68,1.01,1
19-10-2024,West,Cola_Classic,1069,40,42760,0,0,21.94,1.82,1
20-10-2024,West,Cola_Classic,1220,40,48800,0,0,28.92,2.64,1
21-10-2024,West,Cola_Classic,1048,40,41920,0,0,21.6,2.91,1
22-10-2024,West,Cola_Classic,1195,40,47800,0,0,28.78,0.21,1
23-10-2024,West,Cola_Classic,1130,40,45200,0,0,27.01,2.32,1
24-10-2024,West,Cola_Classic,1273,40,50920,0,0,30.51,0.48,1
25-10-2024,West,Cola_Classic,1231,40,49240,0,0,29.02,0.14,1
26-10-2024,West,Cola_Classic,1166,40,46640,0,0,25.76,0.31,1
27-10-2024,West,Cola_Classic,883,40,35320,0,0,15.89,2.29,1
28-10-2024,West,Cola_Classic,1203,35.15,42282.97,1,12.13,20.23,0.11,1
29-10-2024,West,Cola_Classic,1393,36.18,50393.94,1,9.56,26.65,0.18,1
30-10-2024,West,Cola_Classic,1120,40,44800,0,0,26.19,1.95,1
31-10-2024,West,Cola_Classic,1171,40,46840,0,0,26.63,1.59,1
01-11-2024,West,Cola_Classic,1303,34.73,45246.81,1,13.19,24.7,0.25,1
02-11-2024,West,Cola_Classic,1487,32.25,47962.66,1,19.36,24.16,0.11,1
03-11-2024,West,Cola_Classic,1383,35.49,49085.6,1,11.27,29.1,0.27,1
04-11-2024,West,Cola_Classic,1349,35.35,47688.37,1,11.62,24.63,1.32,1
05-11-2024,West,Cola_Classic,1134,40,45360,0,0,26.67,2.78,1
06-11-2024,West,Cola_Classic,1613,33.07,53349.05,1,17.31,28.94,1.55,1
07-11-2024,West,Cola_Classic,1244,40,49760,0,0,26.57,0.7,1
08-11-2024,West,Cola_Classic,1058,40,42320,0,0,20.44,1.12,1
09-11-2024,West,Cola_Classic,1344,33.85,45498.69,1,15.37,20.74,0.39,1
10-11-2024,West,Cola_Classic,1120,40,44800,0,0,23.44,0.35,1
11-11-2024,West,Cola_Classic,991,40,39640,0,0,19.08,0.24,1
12-11-2024,West,Cola_Classic,1020,40,40800,0,0,21.76,1.62,1
13-11-2024,West,Cola_Classic,1566,33.19,51971.6,1,17.03,30.47,1.7,1
14-11-2024,West,Cola_Classic,1522,32.73,49810.72,1,18.18,27.69,0.12,1
15-11-2024,West,Cola_Classic,1365,35.65,48663.63,1,10.87,23.55,0.05,1
16-11-2024,West,Cola_Classic,1454,35.88,52163.76,1,10.31,29.04,0.27,1
17-11-2024,West,Cola_Classic,1547,32.4,50126.18,1,18.99,25.38,1.3,1
18-11-2024,West,Cola_Classic,1236,40,49440,0,0,30.31,0.3,1
19-11-2024,West,Cola_Classic,1057,40,42280,0,0,24.51,0.65,1
20-11-2024,West,Cola_Classic,1437,34.8,50009.3,1,13,26.31,0.9,1
21-11-2024,West,Cola_Classic,1071,40,42840,0,0,21.74,2.44,1
22-11-2024,West,Cola_Classic,1274,37.19,47374.19,1,7.04,26.36,3.96,1
23-11-2024,West,Cola_Classic,1333,37.45,49917.37,1,6.38,28.6,1.21,1
24-11-2024,West,Cola_Classic,1226,40,49040,0,0,25.07,0.87,1
25-11-2024,West,Cola_Classic,1048,40,41920,0,0,26.14,1.96,1
26-11-2024,West,Cola_Classic,1287,32.66,42037.59,1,18.34,20.13,2.25,1
27-11-2024,West,Cola_Classic,959,40,38360,0,0,21.63,0.62,1
28-11-2024,West,Cola_Classic,1172,40,46880,0,0,27.5,0.16,1
29-11-2024,West,Cola_Classic,1122,40,44880,0,0,25.07,0.23,1
30-11-2024,West,Cola_Classic,1061,40,42440,0,0,23.13,2.35,1
01-12-2024,West,Cola_Classic,1266,33.51,42419.91,1,16.23,28.72,3.38,0
02-12-2024,West,Cola_Classic,1110,40,44400,0,0,24.58,0.25,0
03-12-2024,West,Cola_Classic,992,40,39680,0,0,24.82,0.62,0
04-12-2024,West,Cola_Classic,1011,40,40440,0,0,24,0.34,0
05-12-2024,West,Cola_Classic,1116,40,44640,0,0,27.51,0.02,0
06-12-2024,West,Cola_Classic,1385,33.31,46135.5,1,16.72,23.15,0.32,0
07-12-2024,West,Cola_Classic,1026,40,41040,0,0,27.14,1.36,0
08-12-2024,West,Cola_Classic,898,40,35920,0,0,21.09,1.13,0
09-12-2024,West,Cola_Classic,1093,38,41531.06,1,5.01,22.54,1.87,0
10-12-2024,West,Cola_Classic,1057,40,42280,0,0,25.56,0.69,0
11-12-2024,West,Cola_Classic,989,40,39560,0,0,24.5,0.92,0
12-12-2024,West,Cola_Classic,1033,40,41320,0,0,28.71,0.21,0
13-12-2024,West,Cola_Classic,1132,40,45280,0,0,31.24,0.35,0
14-12-2024,West,Cola_Classic,969,40,38760,0,0,27.93,2.11,0
15-12-2024,West,Cola_Classic,1001,40,40040,0,0,23.5,1.16,0
16-12-2024,West,Cola_Classic,965,40,38600,0,0,26.32,0.03,0
17-12-2024,West,Cola_Classic,895,40,35800,0,0,19.76,0.74,0
18-12-2024,West,Cola_Classic,994,40,39760,0,0,26.51,0.52,0
19-12-2024,West,Cola_Classic,1012,40,40480,0,0,24.64,0.46,0
20-12-2024,West,Cola_Classic,984,40,39360,0,0,20.97,0.58,0
21-12-2024,West,Cola_Classic,1035,40,41400,0,0,26.93,0.59,0
22-12-2024,West,Cola_Classic,914,40,36560,0,0,25.24,0.44,0
23-12-2024,West,Cola_Classic,1143,40,45720,0,0,29.48,0.05,0
24-12-2024,West,Cola_Classic,927,40,37080,0,0,19.71,2.94,0
25-12-2024,West,Cola_Classic,1029,40,41160,0,0,27.09,1.22,0
26-12-2024,West,Cola_Classic,1209,37.9,45823.31,1,5.25,27.46,1.16,0
27-12-2024,West,Cola_Classic,1232,37.72,46475.43,1,5.69,28.07,0.24,0
28-12-2024,West,Cola_Classic,1122,40,44880,0,0,24.9,0.85,0
29-12-2024,West,Cola_Classic,939,40,37560,0,0,28.25,4.37,0
30-12-2024,West,Cola_Classic,1372,34.08,46759.54,1,14.8,28.4,0.55,0
31-12-2024,West,Cola_Classic,1015,40,40600,0,0,23.53,1.82,0
01-01-2024,West,Cola_Zero,614,45,27630,0,0,25.77,2.28,0
02-01-2024,West,Cola_Zero,809,38.16,30871.52,1,15.2,23.68,0.11,0
03-01-2024,West,Cola_Zero,753,41.34,31129.27,1,8.13,26.62,0.61,0
04-01-2024,West,Cola_Zero,595,45,26775,0,0,24.55,2.53,0
05-01-2024,West,Cola_Zero,828,39.8,32951.17,1,11.56,26.79,0.27,0
06-01-2024,West,Cola_Zero,693,45,31185,0,0,23.24,0.39,0
07-01-2024,West,Cola_Zero,792,41.47,32848.01,1,7.83,27.42,3.49,0
08-01-2024,West,Cola_Zero,682,45,30690,0,0,25.27,0.97,0
09-01-2024,West,Cola_Zero,856,38.39,32858.92,1,14.7,27.11,1.04,0
10-01-2024,West,Cola_Zero,664,45,29880,0,0,24.56,0.86,0
11-01-2024,West,Cola_Zero,628,45,28260,0,0,24.98,0.16,0
12-01-2024,West,Cola_Zero,790,45,35550,0,0,30.3,0.13,0
13-01-2024,West,Cola_Zero,626,45,28170,0,0,25.1,0.17,0
14-01-2024,West,Cola_Zero,672,45,30240,0,0,18.29,0.56,0
15-01-2024,West,Cola_Zero,666,45,29970,0,0,24.21,0.52,0
16-01-2024,West,Cola_Zero,696,45,31320,0,0,23.1,0.63,0
17-01-2024,West,Cola_Zero,687,45,30915,0,0,28.22,2.37,0
18-01-2024,West,Cola_Zero,741,45,33345,0,0,25.86,2.07,0
19-01-2024,West,Cola_Zero,699,45,31455,0,0,25.56,2.58,0
20-01-2024,West,Cola_Zero,700,45,31500,0,0,25.1,1.19,0
21-01-2024,West,Cola_Zero,568,45,25560,0,0,22.95,0.25,0
22-01-2024,West,Cola_Zero,736,41,30178.52,1,8.88,22.37,1.73,0
23-01-2024,West,Cola_Zero,819,41.68,34135.71,1,7.38,27.65,0.12,0
24-01-2024,West,Cola_Zero,659,45,29655,0,0,26.24,3.55,0
25-01-2024,West,Cola_Zero,913,36.25,33097.62,1,19.44,24.53,0.08,0
26-01-2024,West,Cola_Zero,686,45,30870,0,0,26.36,0.29,0
27-01-2024,West,Cola_Zero,628,45,28260,0,0,21.94,0.13,0
28-01-2024,West,Cola_Zero,753,45,33885,0,0,25.7,1.79,0
29-01-2024,West,Cola_Zero,679,45,30555,0,0,26.54,0.12,0
30-01-2024,West,Cola_Zero,688,45,30960,0,0,24.48,0.48,0
31-01-2024,West,Cola_Zero,850,40.22,34185.98,1,10.62,28.63,0.02,0
01-02-2024,West,Cola_Zero,1165,38.05,44325.2,1,15.45,27.46,0.17,0
02-02-2024,West,Cola_Zero,764,45,34380,0,0,26.62,0.21,0
03-02-2024,West,Cola_Zero,691,45,31095,0,0,20.58,0.22,0
04-02-2024,West,Cola_Zero,727,45,32715,0,0,24.92,2.04,0
05-02-2024,West,Cola_Zero,966,37.19,35924.84,1,17.36,23.32,1.06,0
06-02-2024,West,Cola_Zero,725,45,32625,0,0,20.39,1.05,0
07-02-2024,West,Cola_Zero,848,45,38160,0,0,28.68,0.77,0
08-02-2024,West,Cola_Zero,835,45,37575,0,0,30.37,1.46,0
09-02-2024,West,Cola_Zero,941,40.09,37725.59,1,10.91,22.43,0.47,0
10-02-2024,West,Cola_Zero,813,45,36585,0,0,25.58,0.21,0
11-02-2024,West,Cola_Zero,685,45,30825,0,0,23.7,0.71,0
12-02-2024,West,Cola_Zero,765,45,34425,0,0,29.08,3.08,0
13-02-2024,West,Cola_Zero,784,45,35280,0,0,27.08,0.35,0
14-02-2024,West,Cola_Zero,638,45,28710,0,0,24.97,1.12,0
15-02-2024,West,Cola_Zero,696,45,31320,0,0,19.37,0.34,0
16-02-2024,West,Cola_Zero,696,45,31320,0,0,20.79,1.28,0
17-02-2024,West,Cola_Zero,633,45,28485,0,0,26.96,2.24,0
18-02-2024,West,Cola_Zero,815,40.71,33179.97,1,9.53,28.16,0.32,0
19-02-2024,West,Cola_Zero,799,41.39,33074.58,1,8.01,30.17,0.17,0
20-02-2024,West,Cola_Zero,729,45,32805,0,0,27.49,1.29,0
21-02-2024,West,Cola_Zero,755,45,33975,0,0,25.08,0.24,0
22-02-2024,West,Cola_Zero,858,45,38610,0,0,28.41,0.03,0
23-02-2024,West,Cola_Zero,852,39.36,33531.3,1,12.54,26.95,0.23,0
24-02-2024,West,Cola_Zero,755,45,33975,0,0,24.75,0.02,0
25-02-2024,West,Cola_Zero,795,45,35775,0,0,25.89,0,0
26-02-2024,West,Cola_Zero,718,45,32310,0,0,21.66,0.36,0
27-02-2024,West,Cola_Zero,928,45,41760,0,0,34.44,0.89,0
28-02-2024,West,Cola_Zero,856,42.48,36363.81,1,5.6,24.89,0.61,0
29-02-2024,West,Cola_Zero,880,45,39600,0,0,28.38,0.39,0
01-03-2024,West,Cola_Zero,1066,45,47970,0,0,23.68,0.61,0
02-03-2024,West,Cola_Zero,1068,42.46,45347.47,1,5.64,21.98,0.56,0
03-03-2024,West,Cola_Zero,1416,37.29,52796.81,1,17.14,24.36,0.04,0
04-03-2024,West,Cola_Zero,949,45,42705,0,0,23.18,0.91,0
05-03-2024,West,Cola_Zero,1145,45,51525,0,0,31.89,0.2,0
06-03-2024,West,Cola_Zero,1099,45,49455,0,0,26.09,2.56,0
07-03-2024,West,Cola_Zero,1316,37.68,49582.71,1,16.27,24.75,1.17,0
08-03-2024,West,Cola_Zero,955,45,42975,0,0,24.35,1.87,0
09-03-2024,West,Cola_Zero,980,45,44100,0,0,21.66,0.18,0
10-03-2024,West,Cola_Zero,930,45,41850,0,0,27.39,1.14,0
11-03-2024,West,Cola_Zero,1019,45,45855,0,0,25.04,0.66,0
12-03-2024,West,Cola_Zero,1174,38.53,45237.31,1,14.37,22.22,0.13,0
13-03-2024,West,Cola_Zero,1098,45,49410,0,0,25.23,0.16,0
14-03-2024,West,Cola_Zero,947,45,42615,0,0,20.38,0.77,0
15-03-2024,West,Cola_Zero,989,45,44505,0,0,22.11,0.42,0
16-03-2024,West,Cola_Zero,1170,40.62,47525.46,1,9.73,26.34,0.07,0
17-03-2024,West,Cola_Zero,1092,45,49140,0,0,24.97,0.09,0
