airflow/data/sales_daily.csv
date,region,product,units_sold,price,revenue,promotion_flag,discount_pct,temperature,rainfall_mm,is_holiday
18-03-2024,West,Cola_Zero,1153,45,51885,0,0,31.15,0.89,0
19-03-2024,West,Cola_Zero,1197,40.51,48484.72,1,9.99,25.75,1.12,0
20-03-2024,West,Cola_Zero,1121,45,50445,0,0,33.18,0.22,0
21-03-2024,West,Cola_Zero,1121,45,50445,0,0,27.75,2.34,0
22-03-2024,West,Cola_Zero,1080,45,48600,0,0,21.71,0.25,0
23-03-2024,West,Cola_Zero,1031,45,46395,0,0,24.55,2,0
24-03-2024,West,Cola_Zero,1010,45,45450,0,0,21.2,1.36,0
25-03-2024,West,Cola_Zero,1006,45,45270,0,0,25.85,0.39,0
26-03-2024,West,Cola_Zero,1058,45,47610,0,0,29.15,2.43,0
27-03-2024,West,Cola_Zero,971,45,43695,0,0,21.76,0.35,0
28-03-2024,West,Cola_Zero,976,45,43920,0,0,19.7,0.34,0
29-03-2024,West,Cola_Zero,1070,45,48150,0,0,22.55,0.08,0
30-03-2024,West,Cola_Zero,1032,45,46440,0,0,27.6,1.77,0
31-03-2024,West,Cola_Zero,1005,45,45225,0,0,24.67,0.14,0
01-04-2024,West,Cola_Zero,1202,41.19,49509.14,1,8.47,30.27,2.52,0
02-04-2024,West,Cola_Zero,1097,45,49365,0,0,27.87,0.36,0
03-04-2024,West,Cola_Zero,1528,36.47,55727.66,1,18.95,31.34,0.23,0
04-04-2024,West,Cola_Zero,1396,37.77,52723.24,1,16.07,31.16,2.26,0
05-04-2024,West,Cola_Zero,1285,45,57825,0,0,37.52,0.14,0
06-04-2024,West,Cola_Zero,1236,41.63,51453.52,1,7.49,28.71,0.54,0
07-04-2024,West,Cola_Zero,1053,45,47385,0,0,28.53,4.25,0
08-04-2024,West,Cola_Zero,1085,45,48825,0,0,28.91,2.68,0
09-04-2024,West,Cola_Zero,1179,45,53055,0,0,37.46,1.09,0
10-04-2024,West,Cola_Zero,1112,45,50040,0,0,33.62,0.8,0
11-04-2024,West,Cola_Zero,1139,45,51255,0,0,33.47,0.88,0
12-04-2024,West,Cola_Zero,1195,45,53775,0,0,31.53,0.58,0
13-04-2024,West,Cola_Zero,1078,45,48510,0,0,28.95,0.76,0
14-04-2024,West,Cola_Zero,1056,45,47520,0,0,30.8,3.63,0
15-04-2024,West,Cola_Zero,1088,45,48960,0,0,30.59,0.95,0
16-04-2024,West,Cola_Zero,1255,45,56475,0,0,33.21,0.04,0
17-04-2024,West,Cola_Zero,1139,45,51255,0,0,30.67,1.83,0
18-04-2024,West,Cola_Zero,1045,45,47025,0,0,32.29,0.9,0
19-04-2024,West,Cola_Zero,1076,45,48420,0,0,28.06,3.65,0
20-04-2024,West,Cola_Zero,1341,38.45,51564.91,1,14.55,30.69,1.62,0
21-04-2024,West,Cola_Zero,1102,45,49590,0,0,32.47,0.19,0
22-04-2024,West,Cola_Zero,1212,45,54540,0,0,34.8,2.11,0
23-04-2024,West,Cola_Zero,1112,45,50040,0,0,31.58,1.36,0
24-04-2024,West,Cola_Zero,1145,45,51525,0,0,36.17,1.98,0
25-04-2024,West,Cola_Zero,1194,45,53730,0,0,32.25,2.21,0
26-04-2024,West,Cola_Zero,1254,45,56430,0,0,37.18,0.81,0
27-04-2024,West,Cola_Zero,1036,45,46620,0,0,24.13,0.08,0
28-04-2024,West,Cola_Zero,1122,45,50490,0,0,33.22,0.89,0
29-04-2024,West,Cola_Zero,1105,45,49725,0,0,33.69,1.05,0
30-04-2024,West,Cola_Zero,1100,45,49500,0,0,34.04,2.54,0
01-05-2024,West,Cola_Zero,1242,42.05,52220.81,1,6.57,33.44,2.52,0
02-05-2024,West,Cola_Zero,1081,45,48645,0,0,30.23,0.64,0
03-05-2024,West,Cola_Zero,1565,37.92,59345.63,1,15.73,38.99,0.91,0
04-05-2024,West,Cola_Zero,1321,41.59,54946.72,1,7.57,32.59,4.16,0
05-05-2024,West,Cola_Zero,1183,45,53235,0,0,31.76,0.31,0
06-05-2024,West,Cola_Zero,1086,45,48870,0,0,28.37,0.28,0
07-05-2024,West,Cola_Zero,1373,39.28,53930.55,1,12.71,30.47,0.6,0
08-05-2024,West,Cola_Zero,1128,45,50760,0,0,31.71,0.08,0
09-05-2024,West,Cola_Zero,1129,45,50805,0,0,34.72,0.71,0
10-05-2024,West,Cola_Zero,1111,45,49995,0,0,31.14,0.46,0
11-05-2024,West,Cola_Zero,1000,45,45000,0,0,31.3,0.98,0
12-05-2024,West,Cola_Zero,1103,45,49635,0,0,32.05,0.75,0
13-05-2024,West,Cola_Zero,1382,40.72,56278.13,1,9.51,31.09,0.1,0
14-05-2024,West,Cola_Zero,1163,45,52335,0,0,29.24,0.1,0
15-05-2024,West,Cola_Zero,1552,38.57,59862.14,1,14.29,34.68,1.1,0
16-05-2024,West,Cola_Zero,1123,45,50535,0,0,29.6,5.17,0
17-05-2024,West,Cola_Zero,1144,45,51480,0,0,29.39,0.26,0
18-05-2024,West,Cola_Zero,1087,45,48915,0,0,29.7,0.05,0
19-05-2024,West,Cola_Zero,1148,45,51660,0,0,32.38,2.33,0
20-05-2024,West,Cola_Zero,1188,45,53460,0,0,31.99,1.06,0
21-05-2024,West,Cola_Zero,1093,45,49185,0,0,31.27,0.46,0
22-05-2024,West,Cola_Zero,1116,45,50220,0,0,34.67,0.2,0
23-05-2024,West,Cola_Zero,1190,45,53550,0,0,33.3,0.42,0
24-05-2024,West,Cola_Zero,1173,45,52785,0,0,37.24,0.75,0
25-05-2024,West,Cola_Zero,1146,45,51570,0,0,35.2,1.16,0
26-05-2024,West,Cola_Zero,1222,39.37,48108.32,1,12.51,29.17,1.66,0
27-05-2024,West,Cola_Zero,1127,45,50715,0,0,35.75,1.57,0
28-05-2024,West,Cola_Zero,1316,42.47,55894.76,1,5.62,32.47,0.75,0
29-05-2024,West,Cola_Zero,1113,45,50085,0,0,35.4,0.03,0
30-05-2024,West,Cola_Zero,1350,37.96,51243.69,1,15.65,28.26,0.62,0
31-05-2024,West,Cola_Zero,1470,38.37,56409.98,1,14.72,31.13,0.89,0
01-06-2024,West,Cola_Zero,1202,45,54090,0,0,31.67,0.57,0
02-06-2024,West,Cola_Zero,1240,45,55800,0,0,34.83,0.31,0
03-06-2024,West,Cola_Zero,1190,41.58,49476.44,1,7.61,31.79,1.91,0
04-06-2024,West,Cola_Zero,1056,45,47520,0,0,30.43,2.35,0
05-06-2024,West,Cola_Zero,1356,41.52,56297.06,1,7.74,34.03,0.86,0
06-06-2024,West,Cola_Zero,1155,45,51975,0,0,34.39,3.12,0
07-06-2024,West,Cola_Zero,1111,45,49995,0,0,32.7,2.2,0
08-06-2024,West,Cola_Zero,1051,45,47295,0,0,30.17,0.5,0
09-06-2024,West,Cola_Zero,1246,45,56070,0,0,37.35,0.98,0
10-06-2024,West,Cola_Zero,1202,45,54090,0,0,34.47,0.44,0
11-06-2024,West,Cola_Zero,1338,37.28,49878.72,1,17.16,32.2,1.39,0
12-06-2024,West,Cola_Zero,1190,45,53550,0,0,34.63,0.36,0
13-06-2024,West,Cola_Zero,1076,45,48420,0,0,31.69,0.18,0
14-06-2024,West,Cola_Zero,1158,45,52110,0,0,31.41,0.01,0
15-06-2024,West,Cola_Zero,1143,45,51435,0,0,29.87,0.06,0
16-06-2024,West,Cola_Zero,1383,39.28,54317.98,1,12.72,29.35,0.59,0
17-06-2024,West,Cola_Zero,1231,45,55395,0,0,33.85,0.57,0
18-06-2024,West,Cola_Zero,1273,45,57285,0,0,34.36,0.01,0
19-06-2024,West,Cola_Zero,1129,45,50805,0,0,31.05,2.35,0
20-06-2024,West,Cola_Zero,1179,45,53055,0,0,34.37,0.48,0
21-06-2024,West,Cola_Zero,1345,39.88,53634.35,1,11.38,33.61,1.36,0
22-06-2024,West,Cola_Zero,1456,37.23,54202.07,1,17.27,33.89,0.27,0
23-06-2024,West,Cola_Zero,1276,45,57420,0,0,37.37,1.26,0
24-06-2024,West,Cola_Zero,1304,45,58680,0,0,36.59,1.39,0
25-06-2024,West,Cola_Zero,1013,45,45585,0,0,28.21,1.69,0
26-06-2024,West,Cola_Zero,1126,45,50670,0,0,34.36,0.33,0
27-06-2024,West,Cola_Zero,1454,39.75,57800.87,1,11.66,34.14,0.86,0
28-06-2024,West,Cola_Zero,1338,39.22,52478.8,1,12.84,30.63,2.37,0
29-06-2024,West,Cola_Zero,999,45,44955,0,0,29.41,1.04,0
30-06-2024,West,Cola_Zero,1058,45,47610,0,0,30.64,1.48,0
01-07-2024,West,Cola_Zero,845,45,38025,0,0,29.77,3.32,0
02-07-2024,West,Cola_Zero,726,45,32670,0,0,26.47,3.51,0
03-07-2024,West,Cola_Zero,684,45,30780,0,0,26.04,1.99,0
04-07-2024,West,Cola_Zero,704,45,31680,0,0,22.42,0.07,0
05-07-2024,West,Cola_Zero,962,45,43290,0,0,34.73,0.92,0
06-07-2024,West,Cola_Zero,826,45,37170,0,0,28.13,0.29,0
07-07-2024,West,Cola_Zero,898,39.35,35339.24,1,12.55,25.54,1.66,0
08-07-2024,West,Cola_Zero,761,45,34245,0,0,27.17,2.39,0
09-07-2024,West,Cola_Zero,718,45,32310,0,0,29.99,4.2,0
10-07-2024,West,Cola_Zero,730,45,32850,0,0,23.53,1.36,0
11-07-2024,West,Cola_Zero,794,45,35730,0,0,29.02,2.42,0
12-07-2024,West,Cola_Zero,792,45,35640,0,0,27.91,0.91,0
13-07-2024,West,Cola_Zero,742,45,33390,0,0,22.35,2.1,0
14-07-2024,West,Cola_Zero,895,37.26,33348,1,17.2,23.42,0.47,0
15-07-2024,West,Cola_Zero,888,40.98,36388.36,1,8.94,24.97,2.27,0
16-07-2024,West,Cola_Zero,743,45,33435,0,0,29.03,2.56,0
17-07-2024,West,Cola_Zero,813,45,36585,0,0,28.3,1.7,0
18-07-2024,West,Cola_Zero,759,45,34155,0,0,29.81,4.44,0
19-07-2024,West,Cola_Zero,684,45,30780,0,0,23.12,2.01,0
20-07-2024,West,Cola_Zero,865,38.27,33104.75,1,14.95,20,3.35,0
21-07-2024,West,Cola_Zero,788,40.61,32002.62,1,9.75,23.1,6.29,0
22-07-2024,West,Cola_Zero,754,45,33930,0,0,24.69,0.75,0
23-07-2024,West,Cola_Zero,553,45,24885,0,0,20.77,2.08,0
24-07-2024,West,Cola_Zero,682,45,30690,0,0,19.09,1.38,0
25-07-2024,West,Cola_Zero,764,41.62,31797.05,1,7.51,25.26,2.72,0
26-07-2024,West,Cola_Zero,737,45,33165,0,0,26.68,3.83,0
27-07-2024,West,Cola_Zero,992,38,37699.99,1,15.55,24.25,1.8,0
28-07-2024,West,Cola_Zero,629,45,28305,0,0,20.08,0.64,0
29-07-2024,West,Cola_Zero,739,45,33255,0,0,27.22,0.44,0
30-07-2024,West,Cola_Zero,700,45,31500,0,0,28.04,3.31,0
31-07-2024,West,Cola_Zero,747,45,33615,0,0,25.68,5.98,0
01-08-2024,West,Cola_Zero,940,38.32,36016.26,1,14.86,26.86,0.23,0
02-08-2024,West,Cola_Zero,841,45,37845,0,0,26.78,2.05,0
03-08-2024,West,Cola_Zero,953,38.71,36890.21,1,13.98,26.27,5.6,0
04-08-2024,West,Cola_Zero,799,45,35955,0,0,25.3,1.72,0
05-08-2024,West,Cola_Zero,755,45,33975,0,0,29.21,1,0
06-08-2024,West,Cola_Zero,642,45,28890,0,0,21.95,3.6,0
07-08-2024,West,Cola_Zero,778,45,35010,0,0,23.17,0.31,0
08-08-2024,West,Cola_Zero,857,45,38565,0,0,24.07,0.64,0
09-08-2024,West,Cola_Zero,764,45,34380,0,0,24.63,1.22,0
10-08-2024,West,Cola_Zero,796,41.33,32894.8,1,8.17,25.79,0.36,0
11-08-2024,West,Cola_Zero,649,45,29205,0,0,18.89,0.69,0
12-08-2024,West,Cola_Zero,743,45,33435,0,0,24,0.35,0
13-08-2024,West,Cola_Zero,894,39.16,35008.04,1,12.98,22.95,1.05,0
14-08-2024,West,Cola_Zero,656,45,29520,0,0,25.55,0.17,0
15-08-2024,West,Cola_Zero,662,45,29790,0,0,23.11,0.52,0
16-08-2024,West,Cola_Zero,713,45,32085,0,0,24.7,3.93,0
17-08-2024,West,Cola_Zero,1019,38.29,39018.78,1,14.91,28.39,3,0
18-08-2024,West,Cola_Zero,827,45,37215,0,0,21.73,2.27,0
19-08-2024,West,Cola_Zero,646,45,29070,0,0,18.64,0.39,0
20-08-2024,West,Cola_Zero,659,45,29655,0,0,22.01,7.31,0
21-08-2024,West,Cola_Zero,743,45,33435,0,0,20.16,1.2,0
22-08-2024,West,Cola_Zero,728,45,32760,0,0,24.11,4.66,0
23-08-2024,West,Cola_Zero,704,45,31680,0,0,22.09,0.1,0
24-08-2024,West,Cola_Zero,966,39.44,38098.45,1,12.36,26.19,0.22,0
25-08-2024,West,Cola_Zero,856,45,38520,0,0,26,2.21,0
26-08-2024,West,Cola_Zero,772,45,34740,0,0,31.7,6.27,0
27-08-2024,West,Cola_Zero,762,45,34290,0,0,27.12,0.53,0
28-08-2024,West,Cola_Zero,792,45,35640,0,0,22.05,0.18,0
29-08-2024,West,Cola_Zero,694,45,31230,0,0,23.4,1.65,0
30-08-2024,West,Cola_Zero,919,40.9,37588.16,1,9.11,27.18,0.53,0
31-08-2024,West,Cola_Zero,764,45,34380,0,0,21.15,0.93,0
01-09-2024,West,Cola_Zero,835,45,37575,0,0,26.48,0.13,0
02-09-2024,West,Cola_Zero,752,45,33840,0,0,26.11,0.05,0
03-09-2024,West,Cola_Zero,733,45,32985,0,0,26.98,0.4,0
04-09-2024,West,Cola_Zero,732,45,32940,0,0,25.75,0.87,0
05-09-2024,West,Cola_Zero,690,45,31050,0,0,23.83,0.07,0
06-09-2024,West,Cola_Zero,752,45,33840,0,0,26.93,0.69,0
07-09-2024,West,Cola_Zero,769,45,34605,0,0,27.84,0.02,0
08-09-2024,West,Cola_Zero,808,45,36360,0,0,32.1,1.31,0
09-09-2024,West,Cola_Zero,751,45,33795,0,0,20.91,0.36,0
10-09-2024,West,Cola_Zero,848,37.72,31985.16,1,16.18,20.19,0.74,0
11-09-2024,West,Cola_Zero,890,45,40050,0,0,29.2,0.58,0
12-09-2024,West,Cola_Zero,715,45,32175,0,0,26.33,0.12,0
13-09-2024,West,Cola_Zero,807,45,36315,0,0,30.84,0.93,0
14-09-2024,West,Cola_Zero,762,45,34290,0,0,24.83,0.37,0
15-09-2024,West,Cola_Zero,774,45,34830,0,0,23.27,0.63,0
16-09-2024,West,Cola_Zero,767,42.4,32522.75,1,5.77,26.83,0.96,0
17-09-2024,West,Cola_Zero,782,45,35190,0,0,28.11,1.73,0
18-09-2024,West,Cola_Zero,653,45,29385,0,0,25.95,2.66,0
19-09-2024,West,Cola_Zero,671,45,30195,0,0,23.97,2.58,0
20-09-2024,West,Cola_Zero,813,45,36585,0,0,24.84,0.36,0
21-09-2024,West,Cola_Zero,670,45,30150,0,0,26.09,0.47,0
22-09-2024,West,Cola_Zero,894,39.61,35411.8,1,11.98,22.28,0.18,0
23-09-2024,West,Cola_Zero,710,45,31950,0,0,21.42,0.38,0
24-09-2024,West,Cola_Zero,702,45,31590,0,0,28.71,1.22,0
25-09-2024,West,Cola_Zero,781,45,35145,0,0,26.44,2.35,0
26-09-2024,West,Cola_Zero,692,45,31140,0,0,26.88,0.86,0
27-09-2024,West,Cola_Zero,720,45,32400,0,0,22.47,0.73,0
28-09-2024,West,Cola_Zero,911,40.11,36538.49,1,10.87,25.76,1.34,0
29-09-2024,West,Cola_Zero,612,45,27540,0,0,22.59,2.42,0
30-09-2024,West,Cola_Zero,736,45,33120,0,0,23.81,0.66,0
01-10-2024,West,Cola_Zero,983,36.57,35946.93,1,18.74,22,0.25,1
02-10-2024,West,Cola_Zero,793,45,35685,0,0,24.79,0.83,1
03-10-2024,West,Cola_Zero,907,38.85,35234.5,1,13.67,24.86,0.14,1
04-10-2024,West,Cola_Zero,842,41.19,34684.89,1,8.46,21.11,1.25,1
05-10-2024,West,Cola_Zero,1093,36.26,39636.65,1,19.41,25.22,0.79,1
06-10-2024,West,Cola_Zero,805,45,36225,0,0,29.59,1.16,1
07-10-2024,West,Cola_Zero,689,45,31005,0,0,27.3,0.35,1
08-10-2024,West,Cola_Zero,701,45,31545,0,0,27.86,0.49,1
09-10-2024,West,Cola_Zero,721,45,32445,0,0,25.2,0.07,1
10-10-2024,West,Cola_Zero,758,45,34110,0,0,24.6,0.75,1
11-10-2024,West,Cola_Zero,709,45,31905,0,0,26.71,0.97,1
12-10-2024,West,Cola_Zero,717,45,32265,0,0,23.28,0.2,1
13-10-2024,West,Cola_Zero,757,45,34065,0,0,29.21,0.85,1
14-10-2024,West,Cola_Zero,838,40.71,34110.82,1,9.54,27.04,2.46,1
15-10-2024,West,Cola_Zero,793,45,35685,0,0,23.63,0.41,1
16-10-2024,West,Cola_Zero,720,45,32400,0,0,23.1,0.42,1
17-10-2024,West,Cola_Zero,700,45,31500,0,0,21.08,0.41,1
18-10-2024,West,Cola_Zero,788,45,35460,0,0,27.99,0.03,1
19-10-2024,West,Cola_Zero,915,39.1,35777.5,1,13.11,23.93,2.03,1
20-10-2024,West,Cola_Zero,731,45,32895,0,0,27.62,1.23,1
21-10-2024,West,Cola_Zero,684,45,30780,0,0,20.96,0.36,1
22-10-2024,West,Cola_Zero,743,45,33435,0,0,23.14,0.26,1
23-10-2024,West,Cola_Zero,739,45,33255,0,0,24.44,0.66,1
24-10-2024,West,Cola_Zero,727,45,32715,0,0,28.09,0.26,1
25-10-2024,West,Cola_Zero,808,45,36360,0,0,26.54,0.6,1
26-10-2024,West,Cola_Zero,592,45,26640,0,0,22.53,0.09,1
27-10-2024,West,Cola_Zero,843,45,37935,0,0,27.12,2.55,1
28-10-2024,West,Cola_Zero,952,37.56,35758.79,1,16.53,22.61,0.3,1
29-10-2024,West,Cola_Zero,834,45,37530,0,0,23.69,0.08,1
30-10-2024,West,Cola_Zero,705,45,31725,0,0,28.45,0.75,1
31-10-2024,West,Cola_Zero,636,45,28620,0,0,22.35,0.38,1
01-11-2024,West,Cola_Zero,750,45,33750,0,0,25.27,0.6,1
02-11-2024,West,Cola_Zero,994,37.15,36926.33,1,17.45,25.27,1.99,1
03-11-2024,West,Cola_Zero,835,45,37575,0,0,27.51,0.17,1
04-11-2024,West,Cola_Zero,708,45,31860,0,0,21.59,0.22,1
05-11-2024,West,Cola_Zero,685,45,30825,0,0,21.73,0.08,1
06-11-2024,West,Cola_Zero,710,45,31950,0,0,21.37,0.37,1
07-11-2024,West,Cola_Zero,711,45,31995,0,0,23.77,0.47,1
08-11-2024,West,Cola_Zero,911,37.3,33982.72,1,17.11,28.05,1.58,1
09-11-2024,West,Cola_Zero,839,42.17,35383.03,1,6.28,22.6,0.01,1
10-11-2024,West,Cola_Zero,799,45,35955,0,0,26.55,1,1
11-11-2024,West,Cola_Zero,947,36.74,34794.71,1,18.35,21.68,0.01,1
12-11-2024,West,Cola_Zero,693,45,31185,0,0,22.93,0.54,1
13-11-2024,West,Cola_Zero,701,45,31545,0,0,22.39,0.35,1
14-11-2024,West,Cola_Zero,628,45,28260,0,0,19.42,0,1
15-11-2024,West,Cola_Zero,869,39.09,33971.25,1,13.13,19.68,0.08,1
16-11-2024,West,Cola_Zero,1025,36.32,37224.61,1,19.3,25.37,0.21,1
17-11-2024,West,Cola_Zero,755,45,33975,0,0,24.46,0.44,1
18-11-2024,West,Cola_Zero,807,39.98,32262.7,1,11.16,22.14,0.43,1
19-11-2024,West,Cola_Zero,639,45,28755,0,0,22.75,0.83,1
20-11-2024,West,Cola_Zero,707,45,31815,0,0,24.74,0.89,1
21-11-2024,West,Cola_Zero,787,45,35415,0,0,28.78,0.51,1
22-11-2024,West,Cola_Zero,722,45,32490,0,0,22.36,1.46,1
23-11-2024,West,Cola_Zero,805,45,36225,0,0,28.78,1.34,1
24-11-2024,West,Cola_Zero,960,36.33,34877.28,1,19.27,21.12,1.02,1
25-11-2024,West,Cola_Zero,832,45,37440,0,0,27.98,0.3,1
26-11-2024,West,Cola_Zero,718,45,32310,0,0,21.65,1.09,1
27-11-2024,West,Cola_Zero,674,45,30330,0,0,24.48,0.24,1
28-11-2024,West,Cola_Zero,760,45,34200,0,0,24.83,1.35,1
29-11-2024,West,Cola_Zero,719,45,32355,0,0,24.89,3.15,1
30-11-2024,West,Cola_Zero,782,42.68,33377.07,1,5.15,22.76,3.47,1
01-12-2024,West,Cola_Zero,594,45,26730,0,0,22.54,2.04,0
02-12-2024,West,Cola_Zero,863,41.21,35561.44,1,8.43,24.41,0.62,0
03-12-2024,West,Cola_Zero,690,45,31050,0,0,28.21,0.42,0
04-12-2024,West,Cola_Zero,699,42.4,29638.8,1,5.77,23.02,1.92,0
05-12-2024,West,Cola_Zero,526,45,23670,0,0,16.85,0.73,0
06-12-2024,West,Cola_Zero,940,38.37,36069.69,1,14.73,25.73,0.19,0
07-12-2024,West,Cola_Zero,622,45,27990,0,0,19.9,0.64,0
08-12-2024,West,Cola_Zero,743,45,33435,0,0,21.88,2.77,0
09-12-2024,West,Cola_Zero,750,45,33750,0,0,25.27,0.56,0
10-12-2024,West,Cola_Zero,823,41.87,34457.68,1,6.96,28.39,2.92,0
11-12-2024,West,Cola_Zero,665,45,29925,0,0,29.44,1.05,0
12-12-2024,West,Cola_Zero,661,45,29745,0,0,25.14,1.5,0
13-12-2024,West,Cola_Zero,747,39.7,29655.76,1,11.78,22.57,1.39,0
14-12-2024,West,Cola_Zero,677,45,30465,0,0,21.74,0.44,0
15-12-2024,West,Cola_Zero,645,45,29025,0,0,23.08,0.01,0
16-12-2024,West,Cola_Zero,725,45,32625,0,0,31.41,3.18,0
17-12-2024,West,Cola_Zero,640,45,28800,0,0,27.24,1.6,0
18-12-2024,West,Cola_Zero,654,45,29430,0,0,23.43,0.37,0
19-12-2024,West,Cola_Zero,629,38.93,24486.39,1,13.49,26.99,1.19,0
20-12-2024,West,Cola_Zero,645,45,29025,0,0,22.84,0.96,0
21-12-2024,West,Cola_Zero,579,45,26055,0,0,23.18,0.34,0
22-12-2024,West,Cola_Zero,688,45,30960,0,0,30.45,0.93,0
23-12-2024,West,Cola_Zero,654,45,29430,0,0,26.27,0.05,0
24-12-2024,West,Cola_Zero,587,45,26415,0,0,19.2,0.41,0
25-12-2024,West,Cola_Zero,583,45,26235,0,0,15.21,1.59,0
26-12-2024,West,Cola_Zero,644,45,28980,0,0,24.91,4.95,0
27-12-2024,West,Cola_Zero,701,45,31545,0,0,22.5,0,0
28-12-2024,West,Cola_Zero,770,45,34650,0,0,27.92,0.87,0
29-12-2024,West,Cola_Zero,674,45,30330,0,0,27.44,1.99,0
30-12-2024,West,Cola_Zero,850,45,38250,0,0,31.55,0.01,0
31-12-2024,West,Cola_Zero,663,45,29835,0,0,26.51,0.47,0
